Component: Arm Compiler for Embedded 6.21 Tool: armlink [5ec1fa00]

==============================================================================

Section Cross References

    startup_stm32f103xb.o(STACK) refers (Special) to heapauxi.o(.text) for __use_two_region_memory
    startup_stm32f103xb.o(HEAP) refers (Special) to heapauxi.o(.text) for __use_two_region_memory
    startup_stm32f103xb.o(RESET) refers (Special) to heapauxi.o(.text) for __use_two_region_memory
    startup_stm32f103xb.o(RESET) refers to startup_stm32f103xb.o(STACK) for __initial_sp
    startup_stm32f103xb.o(RESET) refers to startup_stm32f103xb.o(.text) for Reset_Handler
    startup_stm32f103xb.o(RESET) refers to stm32f1xx_it.o(.text.NMI_Handler) for NMI_Handler
    startup_stm32f103xb.o(RESET) refers to stm32f1xx_it.o(.text.HardFault_Handler) for HardFault_Handler
    startup_stm32f103xb.o(RESET) refers to stm32f1xx_it.o(.text.MemManage_Handler) for MemManage_Handler
    startup_stm32f103xb.o(RESET) refers to stm32f1xx_it.o(.text.BusFault_Handler) for BusFault_Handler
    startup_stm32f103xb.o(RESET) refers to stm32f1xx_it.o(.text.UsageFault_Handler) for UsageFault_Handler
    startup_stm32f103xb.o(RESET) refers to stm32f1xx_it.o(.text.SVC_Handler) for SVC_Handler
    startup_stm32f103xb.o(RESET) refers to stm32f1xx_it.o(.text.DebugMon_Handler) for DebugMon_Handler
    startup_stm32f103xb.o(RESET) refers to stm32f1xx_it.o(.text.PendSV_Handler) for PendSV_Handler
    startup_stm32f103xb.o(RESET) refers to stm32f1xx_it.o(.text.SysTick_Handler) for SysTick_Handler
    startup_stm32f103xb.o(RESET) refers to stm32f1xx_it.o(.text.DMA1_Channel1_IRQHandler) for DMA1_Channel1_IRQHandler
    startup_stm32f103xb.o(RESET) refers to stm32f1xx_it.o(.text.DMA1_Channel5_IRQHandler) for DMA1_Channel5_IRQHandler
    startup_stm32f103xb.o(RESET) refers to stm32f1xx_it.o(.text.DMA1_Channel6_IRQHandler) for DMA1_Channel6_IRQHandler
    startup_stm32f103xb.o(RESET) refers to stm32f1xx_it.o(.text.TIM1_UP_IRQHandler) for TIM1_UP_IRQHandler
    startup_stm32f103xb.o(RESET) refers to stm32f1xx_it.o(.text.TIM3_IRQHandler) for TIM3_IRQHandler
    startup_stm32f103xb.o(RESET) refers to stm32f1xx_it.o(.text.USART1_IRQHandler) for USART1_IRQHandler
    startup_stm32f103xb.o(RESET) refers to stm32f1xx_it.o(.text.USART2_IRQHandler) for USART2_IRQHandler
    startup_stm32f103xb.o(.text) refers (Special) to heapauxi.o(.text) for __use_two_region_memory
    startup_stm32f103xb.o(.text) refers to system_stm32f1xx.o(.text.SystemInit) for SystemInit
    startup_stm32f103xb.o(.text) refers to __main.o(!!!main) for __main
    startup_stm32f103xb.o(.text) refers to startup_stm32f103xb.o(HEAP) for Heap_Mem
    startup_stm32f103xb.o(.text) refers to startup_stm32f103xb.o(STACK) for Stack_Mem
    main.o(.text.main) refers to stm32f1xx_hal.o(.text.HAL_Init) for HAL_Init
    main.o(.text.main) refers to stm32f1xx_hal_rcc.o(.text.HAL_RCC_OscConfig) for HAL_RCC_OscConfig
    main.o(.text.main) refers to stm32f1xx_hal_rcc.o(.text.HAL_RCC_ClockConfig) for HAL_RCC_ClockConfig
    main.o(.text.main) refers to stm32f1xx_hal_rcc_ex.o(.text.HAL_RCCEx_PeriphCLKConfig) for HAL_RCCEx_PeriphCLKConfig
    main.o(.text.main) refers to gpio.o(.text.MX_GPIO_Init) for MX_GPIO_Init
    main.o(.text.main) refers to dma.o(.text.MX_DMA_Init) for MX_DMA_Init
    main.o(.text.main) refers to usart.o(.text.MX_USART1_UART_Init) for MX_USART1_UART_Init
    main.o(.text.main) refers to adc.o(.text.MX_ADC1_Init) for MX_ADC1_Init
    main.o(.text.main) refers to usart.o(.text.MX_USART2_UART_Init) for MX_USART2_UART_Init
    main.o(.text.main) refers to tim.o(.text.MX_TIM3_Init) for MX_TIM3_Init
    main.o(.text.main) refers to tim.o(.text.MX_TIM4_Init) for MX_TIM4_Init
    main.o(.text.main) refers to adc.o(.text.MX_ADC2_Init) for MX_ADC2_Init
    main.o(.text.main) refers to waterflow.o(.text.initWaterFlowComponet) for initWaterFlowComponet
    main.o(.text.main) refers to waterflow.o(.text.LoopWaterFlowComponet) for LoopWaterFlowComponet
    main.o(.ARM.exidx.text.main) refers to main.o(.text.main) for [Anonymous Symbol]
    main.o(.text.SystemClock_Config) refers to stm32f1xx_hal_rcc.o(.text.HAL_RCC_OscConfig) for HAL_RCC_OscConfig
    main.o(.text.SystemClock_Config) refers to stm32f1xx_hal_rcc.o(.text.HAL_RCC_ClockConfig) for HAL_RCC_ClockConfig
    main.o(.text.SystemClock_Config) refers to stm32f1xx_hal_rcc_ex.o(.text.HAL_RCCEx_PeriphCLKConfig) for HAL_RCCEx_PeriphCLKConfig
    main.o(.ARM.exidx.text.SystemClock_Config) refers to main.o(.text.SystemClock_Config) for [Anonymous Symbol]
    main.o(.ARM.exidx.text.Error_Handler) refers to main.o(.text.Error_Handler) for [Anonymous Symbol]
    main.o(.text.HAL_TIM_PeriodElapsedCallback) refers to stm32f1xx_hal.o(.text.HAL_IncTick) for HAL_IncTick
    main.o(.text.HAL_TIM_PeriodElapsedCallback) refers to waterflow.o(.text.hal_tim_timer3_callback) for hal_tim_timer3_callback
[...]
    __scatterload_rt2_thumb_only             0x080000f5   Thumb Code     0  __scatter.o(!!!scatter)
    __scatterload_loop                       0x080000ff   Thumb Code     0  __scatter.o(!!!scatter)
    __scatterload_copy                       0x08000151   Thumb Code    26  __scatter_copy.o(!!handler_copy)
    __scatterload_null                       0x0800016d   Thumb Code     2  __scatter.o(!!handler_null)
    __scatterload_zeroinit                   0x08000171   Thumb Code    28  __scatter_zi.o(!!handler_zi)
    _printf_n                                0x0800018d   Thumb Code     0  _printf_n.o(.ARM.Collect$$_printf_percent$$00000001)
    _printf_percent                          0x0800018d   Thumb Code     0  _printf_percent.o(.ARM.Collect$$_printf_percent$$00000000)
    _printf_p                                0x08000193   Thumb Code     0  _printf_p.o(.ARM.Collect$$_printf_percent$$00000002)
    _printf_f                                0x08000199   Thumb Code     0  _printf_f.o(.ARM.Collect$$_printf_percent$$00000003)
    _printf_e                                0x0800019f   Thumb Code     0  _printf_e.o(.ARM.Collect$$_printf_percent$$00000004)
    _printf_g                                0x080001a5   Thumb Code     0  _printf_g.o(.ARM.Collect$$_printf_percent$$00000005)
    _printf_a                                0x080001ab   Thumb Code     0  _printf_a.o(.ARM.Collect$$_printf_percent$$00000006)
    _printf_ll                               0x080001b1   Thumb Code     0  _printf_ll.o(.ARM.Collect$$_printf_percent$$00000007)
    _printf_i                                0x080001bb   Thumb Code     0  _printf_i.o(.ARM.Collect$$_printf_percent$$00000008)
    _printf_d                                0x080001c1   Thumb Code     0  _printf_d.o(.ARM.Collect$$_printf_percent$$00000009)
    _printf_u                                0x080001c7   Thumb Code     0  _printf_u.o(.ARM.Collect$$_printf_percent$$0000000A)
    _printf_o                                0x080001cd   Thumb Code     0  _printf_o.o(.ARM.Collect$$_printf_percent$$0000000B)
    _printf_x                                0x080001d3   Thumb Code     0  _printf_x.o(.ARM.Collect$$_printf_percent$$0000000C)
    _printf_lli                              0x080001d9   Thumb Code     0  _printf_lli.o(.ARM.Collect$$_printf_percent$$0000000D)
    _printf_lld                              0x080001df   Thumb Code     0  _printf_lld.o(.ARM.Collect$$_printf_percent$$0000000E)
    _printf_llu                              0x080001e5   Thumb Code     0  _printf_llu.o(.ARM.Collect$$_printf_percent$$0000000F)
    _printf_llo                              0x080001eb   Thumb Code     0  _printf_llo.o(.ARM.Collect$$_printf_percent$$00000010)
    _printf_llx                              0x080001f1   Thumb Code     0  _printf_llx.o(.ARM.Collect$$_printf_percent$$00000011)
    _printf_l                                0x080001f7   Thumb Code     0  _printf_l.o(.ARM.Collect$$_printf_percent$$00000012)
    _printf_c                                0x08000201   Thumb Code     0  _printf_c.o(.ARM.Collect$$_printf_percent$$00000013)
    _printf_s                                0x08000207   Thumb Code     0  _printf_s.o(.ARM.Collect$$_printf_percent$$00000014)
    _printf_lc                               0x0800020d   Thumb Code     0  _printf_lc.o(.ARM.Collect$$_printf_percent$$00000015)
    _printf_ls                               0x08000213   Thumb Code     0  _printf_ls.o(.ARM.Collect$$_printf_percent$$00000016)
    _printf_percent_end                      0x08000219   Thumb Code     0  _printf_percent_end.o(.ARM.Collect$$_printf_percent$$00000017)
    __rt_lib_init                            0x0800021d   Thumb Code     0  libinit.o(.ARM.Collect$$libinit$$00000000)
    __rt_lib_init_fp_1                       0x0800021f   Thumb Code     0  libinit2.o(.ARM.Collect$$libinit$$00000002)
    __rt_lib_init_heap_1                     0x0800021f   Thumb Code     0  libinit2.o(.ARM.Collect$$libinit$$0000000C)
    __rt_lib_init_lc_common                  0x0800021f   Thumb Code     0  libinit2.o(.ARM.Collect$$libinit$$00000011)
    __rt_lib_init_preinit_1                  0x0800021f   Thumb Code     0  libinit2.o(.ARM.Collect$$libinit$$00000006)
    __rt_lib_init_rand_1                     0x0800021f   Thumb Code     0  libinit2.o(.ARM.Collect$$libinit$$00000010)
    __rt_lib_init_relocate_pie_1             0x0800021f   Thumb Code     0  libinit2.o(.ARM.Collect$$libinit$$00000004)
    __rt_lib_init_user_alloc_1               0x0800021f   Thumb Code     0  libinit2.o(.ARM.Collect$$libinit$$0000000E)
    __rt_lib_init_lc_collate_1               0x08000225   Thumb Code     0  libinit2.o(.ARM.Collect$$libinit$$00000013)
    __rt_lib_init_lc_ctype_2                 0x08000225   Thumb Code     0  libinit2.o(.ARM.Collect$$libinit$$00000014)
    __rt_lib_init_lc_ctype_1                 0x08000231   Thumb Code     0  libinit2.o(.ARM.Collect$$libinit$$00000015)
    __rt_lib_init_lc_monetary_1              0x08000231   Thumb Code     0  libinit2.o(.ARM.Collect$$libinit$$00000017)
    __rt_lib_init_lc_numeric_2               0x08000231   Thumb Code     0  libinit2.o(.ARM.Collect$$libinit$$00000018)
    __rt_lib_init_alloca_1                   0x0800023b   Thumb Code     0  libinit2.o(.ARM.Collect$$libinit$$00000030)
    __rt_lib_init_argv_1                     0x0800023b   Thumb Code     0  libinit2.o(.ARM.Collect$$libinit$$0000002E)
    __rt_lib_init_atexit_1                   0x0800023b   Thumb Code     0  libinit2.o(.ARM.Collect$$libinit$$0000001D)
    __rt_lib_init_clock_1                    0x0800023b   Thumb Code     0  libinit2.o(.ARM.Collect$$libinit$$00000023)
    __rt_lib_init_cpp_1                      0x0800023b   Thumb Code     0  libinit2.o(.ARM.Collect$$libinit$$00000034)
    __rt_lib_init_exceptions_1               0x0800023b   Thumb Code     0  libinit2.o(.ARM.Collect$$libinit$$00000032)
    __rt_lib_init_fp_trap_1                  0x0800023b   Thumb Code     0  libinit2.o(.ARM.Collect$$libinit$$00000021)
    __rt_lib_init_getenv_1                   0x0800023b   Thumb Code     0  libinit2.o(.ARM.Collect$$libinit$$00000025)
    __rt_lib_init_lc_numeric_1               0x0800023b   Thumb Code     0  libinit2.o(.ARM.Collect$$libinit$$00000019)
    __rt_lib_init_lc_time_1                  0x0800023b   Thumb Code     0  libinit2.o(.ARM.Collect$$libinit$$0000001B)
    __rt_lib_init_return                     0x0800023b   Thumb Code     0  libinit2.o(.ARM.Collect$$libinit$$00000035)
    __rt_lib_init_signal_1                   0x0800023b   Thumb Code     0  libinit2.o(.ARM.Collect$$libinit$$0000001F)
    __rt_lib_init_stdio_1                    0x0800023b   Thumb Code     0  libinit2.o(.ARM.Collect$$libinit$$00000027)
    __rt_lib_shutdown                        0x0800023d   Thumb Code     0  libshutdown.o(.ARM.Collect$$libshutdown$$00000000)
    __rt_lib_shutdown_cpp_1                  0x0800023f   Thumb Code     0  libshutdown2.o(.ARM.Collect$$libshutdown$$00000002)
    __rt_lib_shutdown_fp_trap_1              0x0800023f   Thumb Code     0  libshutdown2.o(.ARM.Collect$$libshutdown$$00000007)
    __rt_lib_shutdown_heap_1                 0x0800023f   Thumb Code     0  libshutdown2.o(.ARM.Collect$$libshutdown$$0000000F)
    __rt_lib_shutdown_return                 0x0800023f   Thumb Code     0  libshutdown2.o(.ARM.Collect$$libshutdown$$00000010)
    __rt_lib_shutdown_signal_1               0x0800023f   Thumb Code     0  libshutdown2.o(.ARM.Collect$$libshutdown$$0000000A)
    __rt_lib_shutdown_stdio_1                0x0800023f   Thumb Code     0  libshutdown2.o(.ARM.Collect$$libshutdown$$00000004)
    __rt_lib_shutdown_user_alloc_1           0x0800023f   Thumb Code     0  libshutdown2.o(.ARM.Collect$$libshutdown$$0000000C)
    __rt_entry                               0x08000241   Thumb Code     0  __rtentry.o(.ARM.Collect$$rtentry$$00000000)
    __rt_entry_presh_1                       0x08000241   Thumb Code     0  __rtentry2.o(.ARM.Collect$$rtentry$$00000002)
    __rt_entry_sh                            0x08000241   Thumb Code     0  __rtentry4.o(.ARM.Collect$$rtentry$$00000004)
    __rt_entry_li                            0x08000247   Thumb Code     0  __rtentry2.o(.ARM.Collect$$rtentry$$0000000A)
    __rt_entry_postsh_1                      0x08000247   Thumb Code     0  __rtentry2.o(.ARM.Collect$$rtentry$$00000009)
    __rt_entry_main                          0x0800024b   Thumb Code     0  __rtentry2.o(.ARM.Collect$$rtentry$$0000000D)
    __rt_entry_postli_1                      0x0800024b   Thumb Code     0  __rtentry2.o(.ARM.Collect$$rtentry$$0000000C)
    __rt_exit                                0x08000253   Thumb Code     0  rtexit.o(.ARM.Collect$$rtexit$$00000000)
    __rt_exit_ls                             0x08000255   Thumb Code     0  rtexit2.o(.ARM.Collect$$rtexit$$00000003)
    __rt_exit_prels_1                        0x08000255   Thumb Code     0  rtexit2.o(.ARM.Collect$$rtexit$$00000002)
    __rt_exit_exit                           0x08000259   Thumb Code     0  rtexit2.o(.ARM.Collect$$rtexit$$00000004)
    Reset_Handler                            0x08000261   Thumb Code     8  startup_stm32f103xb.o(.text)
    ADC1_2_IRQHandler                        0x0800027b   Thumb Code     0  startup_stm32f103xb.o(.text)
    CAN1_RX1_IRQHandler                      0x0800027b   Thumb Code     0  startup_stm32f103xb.o(.text)
    CAN1_SCE_IRQHandler                      0x0800027b   Thumb Code     0  startup_stm32f103xb.o(.text)
    DMA1_Channel2_IRQHandler                 0x0800027b   Thumb Code     0  startup_stm32f103xb.o(.text)
    DMA1_Channel3_IRQHandler                 0x0800027b   Thumb Code     0  startup_stm32f103xb.o(.text)
    DMA1_Channel4_IRQHandler                 0x0800027b   Thumb Code     0  startup_stm32f103xb.o(.text)
    DMA1_Channel7_IRQHandler                 0x0800027b   Thumb Code     0  startup_stm32f103xb.o(.text)
    EXTI0_IRQHandler                         0x0800027b   Thumb Code     0  startup_stm32f103xb.o(.text)
    EXTI15_10_IRQHandler                     0x0800027b   Thumb Code     0  startup_stm32f103xb.o(.text)
    EXTI1_IRQHandler                         0x0800027b   Thumb Code     0  startup_stm32f103xb.o(.text)
    EXTI2_IRQHandler                         0x0800027b   Thumb Code     0  startup_stm32f103xb.o(.text)
    EXTI3_IRQHandler                         0x0800027b   Thumb Code     0  startup_stm32f103xb.o(.text)
    EXTI4_IRQHandler                         0x0800027b   Thumb Code     0  startup_stm32f103xb.o(.text)
    EXTI9_5_IRQHandler                       0x0800027b   Thumb Code     0  startup_stm32f103xb.o(.text)
    FLASH_IRQHandler                         0x0800027b   Thumb Code     0  startup_stm32f103xb.o(.text)
    I2C1_ER_IRQHandler                       0x0800027b   Thumb Code     0  startup_stm32f103xb.o(.text)
    I2C1_EV_IRQHandler                       0x0800027b   Thumb Code     0  startup_stm32f103xb.o(.text)
    I2C2_ER_IRQHandler                       0x0800027b   Thumb Code     0  startup_stm32f103xb.o(.text)
    I2C2_EV_IRQHandler                       0x0800027b   Thumb Code     0  startup_stm32f103xb.o(.text)
    PVD_IRQHandler                           0x0800027b   Thumb Code     0  startup_stm32f103xb.o(.text)
    RCC_IRQHandler                           0x0800027b   Thumb Code     0  startup_stm32f103xb.o(.text)
    RTC_Alarm_IRQHandler                     0x0800027b   Thumb Code     0  startup_stm32f103xb.o(.text)
    RTC_IRQHandler                           0x0800027b   Thumb Code     0  startup_stm32f103xb.o(.text)
    SPI1_IRQHandler                          0x0800027b   Thumb Code     0  startup_stm32f103xb.o(.text)
    SPI2_IRQHandler                          0x0800027b   Thumb Code     0  startup_stm32f103xb.o(.text)
    TAMPER_IRQHandler                        0x0800027b   Thumb Code     0  startup_stm32f103xb.o(.text)
    TIM1_BRK_IRQHandler                      0x0800027b   Thumb Code     0  startup_stm32f103xb.o(.text)
    TIM1_CC_IRQHandler                       0x0800027b   Thumb Code     0  startup_stm32f103xb.o(.text)
    TIM1_TRG_COM_IRQHandler                  0x0800027b   Thumb Code     0  startup_stm32f103xb.o(.text)
    TIM2_IRQHandler                          0x0800027b   Thumb Code     0  startup_stm32f103xb.o(.text)
    TIM4_IRQHandler                          0x0800027b   Thumb Code     0  startup_stm32f103xb.o(.text)
    USART3_IRQHandler                        0x0800027b   Thumb Code     0  startup_stm32f103xb.o(.text)
    USBWakeUp_IRQHandler                     0x0800027b   Thumb Code     0  startup_stm32f103xb.o(.text)
    USB_HP_CAN1_TX_IRQHandler                0x0800027b   Thumb Code     0  startup_stm32f103xb.o(.text)
    USB_LP_CAN1_RX0_IRQHandler               0x0800027b   Thumb Code     0  startup_stm32f103xb.o(.text)
    WWDG_IRQHandler                          0x0800027b   Thumb Code     0  startup_stm32f103xb.o(.text)
    __user_initial_stackheap                 0x0800027d   Thumb Code     0  startup_stm32f103xb.o(.text)
    vsnprintf                                0x080002a1   Thumb Code    56  vsnprintf.o(.text)
    __aeabi_memclr                           0x080002dd   Thumb Code     0  rt_memclr.o(.text)
    __rt_memclr                              0x080002dd   Thumb Code     0  rt_memclr.o(.text)
    _memset                                  0x080002e1   Thumb Code    64  rt_memclr.o(.text)
    __aeabi_memclr4                          0x08000321   Thumb Code     0  rt_memclr_w.o(.text)
    __aeabi_memclr8                          0x08000321   Thumb Code     0  rt_memclr_w.o(.text)
    __rt_memclr_w                            0x08000321   Thumb Code     0  rt_memclr_w.o(.text)
    _memset_w                                0x08000325   Thumb Code    74  rt_memclr_w.o(.text)
    strcmp                                   0x08000371   Thumb Code   128  strcmpv7m.o(.text)
    __use_two_region_memory                  0x080003f1   Thumb Code     2  heapauxi.o(.text)
    __rt_heap_escrow$2region                 0x080003f3   Thumb Code     2  heapauxi.o(.text)
    __rt_heap_expand$2region                 0x080003f5   Thumb Code     2  heapauxi.o(.text)
    _printf_pre_padding                      0x080003f7   Thumb Code    44  _printf_pad.o(.text)
    _printf_post_padding                     0x08000423   Thumb Code    34  _printf_pad.o(.text)
    _printf_truncate_signed                  0x08000445   Thumb Code    18  _printf_truncate.o(.text)
    _printf_truncate_unsigned                0x08000457   Thumb Code    18  _printf_truncate.o(.text)
    _printf_str                              0x08000469   Thumb Code    82  _printf_str.o(.text)
    _printf_int_dec                          0x080004bd   Thumb Code   104  _printf_dec.o(.text)
    _printf_charcount                        0x08000535   Thumb Code    40  _printf_charcount.o(.text)
    _printf_char_common                      0x08000567   Thumb Code    32  _printf_char_common.o(.text)
    _snputc                                  0x0800058d   Thumb Code    16  _snputc.o(.text)
    _printf_wctomb                           0x0800059d   Thumb Code   182  _printf_wctomb.o(.text)
    _printf_longlong_dec                     0x08000659   Thumb Code   108  _printf_longlong_dec.o(.text)
    _printf_longlong_oct                     0x080006d5   Thumb Code    68  _printf_oct_int_ll.o(.text)
    _printf_int_oct                          0x08000719   Thumb Code    24  _printf_oct_int_ll.o(.text)
    _printf_ll_oct                           0x08000731   Thumb Code    12  _printf_oct_int_ll.o(.text)
    _printf_longlong_hex                     0x08000745   Thumb Code    86  _printf_hex_int_ll_ptr.o(.text)
    _printf_int_hex                          0x0800079b   Thumb Code    28  _printf_hex_int_ll_ptr.o(.text)
    _printf_ll_hex                           0x080007b7   Thumb Code    12  _printf_hex_int_ll_ptr.o(.text)
    _printf_hex_ptr                          0x080007c3   Thumb Code    18  _printf_hex_int_ll_ptr.o(.text)
    __printf                                 0x080007d9   Thumb Code   388  __printf_flags_ss_wp.o(.text)
    _ll_udiv10                               0x08000961   Thumb Code   138  lludiv10.o(.text)
    _printf_int_common                       0x080009eb   Thumb Code   178  _printf_intcommon.o(.text)
    _printf_fp_dec_real                      0x08000c4d   Thumb Code   620  _printf_fp_dec.o(.text)
    _printf_fp_hex_real                      0x08000eb9   Thumb Code   756  _printf_fp_hex.o(.text)
    _printf_cs_common                        0x080011b5   Thumb Code    20  _printf_char.o(.text)
    _printf_char                             0x080011c9   Thumb Code    16  _printf_char.o(.text)
    _printf_string                           0x080011d9   Thumb Code     8  _printf_char.o(.text)
    _printf_lcs_common                       0x080011e1   Thumb Code    20  _printf_wchar.o(.text)
    _printf_wchar                            0x080011f5   Thumb Code    16  _printf_wchar.o(.text)
    _printf_wstring                          0x08001205   Thumb Code     8  _printf_wchar.o(.text)
    _c16rtomb                                0x0800120d   Thumb Code    72  _c16rtomb.o(.text)
    _wcrtomb                                 0x0800120d   Thumb Code     0  _c16rtomb.o(.text)
    __user_setup_stackheap                   0x08001255   Thumb Code    74  sys_stackheap_outer.o(.text)
    __rt_ctype_table                         0x080012a1   Thumb Code    16  rt_ctype_table.o(.text)
    __rt_locale                              0x080012b1   Thumb Code     8  rt_locale_intlibspace.o(.text)
    _printf_fp_infnan                        0x080012b9   Thumb Code   112  _printf_fp_infnan.o(.text)
    _btod_etento                             0x08001339   Thumb Code   224  bigflt0.o(.text)
    exit                                     0x0800141d   Thumb Code    18  exit.o(.text)
    __user_libspace                          0x08001431   Thumb Code     8  libspace.o(.text)
    __user_perproc_libspace                  0x08001431   Thumb Code     0  libspace.o(.text)
    __user_perthread_libspace                0x08001431   Thumb Code     0  libspace.o(.text)
    _sys_exit                                0x08001439   Thumb Code     8  sys_exit.o(.text)
    __I$use$semihosting                      0x08001445   Thumb Code     0  use_no_semi.o(.text)
    __use_no_semihosting_swi                 0x08001445   Thumb Code     2  use_no_semi.o(.text)
    __semihosting_library_function           0x08001447   Thumb Code     0  indicate_semi.o(.text)
    ADC_ConversionStop_Disable               0x08001449   Thumb Code    84  stm32f1xx_hal_adc.o(.text.ADC_ConversionStop_Disable)
    ADC_DMAConvCplt                          0x0800149d   Thumb Code    82  stm32f1xx_hal_adc.o(.text.ADC_DMAConvCplt)
    ADC_DMAError                             0x080014f1   Thumb Code    22  stm32f1xx_hal_adc.o(.text.ADC_DMAError)
    ADC_DMAHalfConvCplt                      0x08001509   Thumb Code     6  stm32f1xx_hal_adc.o(.text.ADC_DMAHalfConvCplt)
    ADC_Enable                               0x08001511   Thumb Code   174  stm32f1xx_hal_adc.o(.text.ADC_Enable)
    BusFault_Handler                         0x080015c1   Thumb Code     2  stm32f1xx_it.o(.text.BusFault_Handler)
    DMA1_Channel1_IRQHandler                 0x080015c5   Thumb Code    12  stm32f1xx_it.o(.text.DMA1_Channel1_IRQHandler)
    DMA1_Channel5_IRQHandler                 0x080015d1   Thumb Code    12  stm32f1xx_it.o(.text.DMA1_Channel5_IRQHandler)
    DMA1_Channel6_IRQHandler                 0x080015dd   Thumb Code    12  stm32f1xx_it.o(.text.DMA1_Channel6_IRQHandler)
    DebugMon_Handler                         0x080015e9   Thumb Code     2  stm32f1xx_it.o(.text.DebugMon_Handler)
    Error_Handler                            0x080015ed   Thumb Code    10  main.o(.text.Error_Handler)
    HAL_ADCEx_Calibration_Start              0x080015f9   Thumb Code   272  stm32f1xx_hal_adc_ex.o(.text.HAL_ADCEx_Calibration_Start)
    HAL_ADC_ConfigChannel                    0x08001709   Thumb Code   374  stm32f1xx_hal_adc.o(.text.HAL_ADC_ConfigChannel)
    HAL_ADC_ConvCpltCallback                 0x08001881   Thumb Code     2  stm32f1xx_hal_adc.o(.text.HAL_ADC_ConvCpltCallback)
    HAL_ADC_ConvHalfCpltCallback             0x08001885   Thumb Code     2  stm32f1xx_hal_adc.o(.text.HAL_ADC_ConvHalfCpltCallback)
    HAL_ADC_ErrorCallback                    0x08001889   Thumb Code     2  stm32f1xx_hal_adc.o(.text.HAL_ADC_ErrorCallback)
    HAL_ADC_Init                             0x0800188d   Thumb Code   352  stm32f1xx_hal_adc.o(.text.HAL_ADC_Init)
    HAL_ADC_MspInit                          0x080019ed   Thumb Code   246  adc.o(.text.HAL_ADC_MspInit)
    HAL_ADC_Start_DMA                        0x08001ae5   Thumb Code   284  stm32f1xx_hal_adc.o(.text.HAL_ADC_Start_DMA)
    HAL_DMA_Abort                            0x08001c01   Thumb Code    70  stm32f1xx_hal_dma.o(.text.HAL_DMA_Abort)
    HAL_DMA_Abort_IT                         0x08001c49   Thumb Code   180  stm32f1xx_hal_dma.o(.text.HAL_DMA_Abort_IT)
    HAL_DMA_IRQHandler                       0x08001cfd   Thumb Code   416  stm32f1xx_hal_dma.o(.text.HAL_DMA_IRQHandler)
    HAL_DMA_Init                             0x08001e9d   Thumb Code   134  stm32f1xx_hal_dma.o(.text.HAL_DMA_Init)
    HAL_DMA_RegisterCallback                 0x08001f25   Thumb Code    86  stm32f1xx_hal_dma.o(.text.HAL_DMA_RegisterCallback)
    HAL_DMA_Start_IT                         0x08001f7d   Thumb Code   160  stm32f1xx_hal_dma.o(.text.HAL_DMA_Start_IT)
    HAL_Delay                                0x0800201d   Thumb Code    40  stm32f1xx_hal.o(.text.HAL_Delay)
    HAL_GPIO_Init                            0x08002045   Thumb Code   526  stm32f1xx_hal_gpio.o(.text.HAL_GPIO_Init)
    HAL_GPIO_TogglePin                       0x08002255   Thumb Code    16  stm32f1xx_hal_gpio.o(.text.HAL_GPIO_TogglePin)
    HAL_GPIO_WritePin                        0x08002265   Thumb Code    10  stm32f1xx_hal_gpio.o(.text.HAL_GPIO_WritePin)
    HAL_GetTick                              0x08002271   Thumb Code    12  stm32f1xx_hal.o(.text.HAL_GetTick)
    HAL_IncTick                              0x0800227d   Thumb Code    26  stm32f1xx_hal.o(.text.HAL_IncTick)
    HAL_Init                                 0x08002299   Thumb Code    38  stm32f1xx_hal.o(.text.HAL_Init)
    HAL_InitTick                             0x080022c1   Thumb Code   176  stm32f1xx_hal_timebase_tim.o(.text.HAL_InitTick)
    HAL_MspInit                              0x08002371   Thumb Code    66  stm32f1xx_hal_msp.o(.text.HAL_MspInit)
    HAL_NVIC_EnableIRQ                       0x080023b5   Thumb Code    34  stm32f1xx_hal_cortex.o(.text.HAL_NVIC_EnableIRQ)
    HAL_NVIC_SetPriority                     0x080023d9   Thumb Code    86  stm32f1xx_hal_cortex.o(.text.HAL_NVIC_SetPriority)
    HAL_NVIC_SetPriorityGrouping             0x08002431   Thumb Code    32  stm32f1xx_hal_cortex.o(.text.HAL_NVIC_SetPriorityGrouping)
    HAL_RCCEx_GetPeriphCLKFreq               0x08002451   Thumb Code   228  stm32f1xx_hal_rcc_ex.o(.text.HAL_RCCEx_GetPeriphCLKFreq)
    HAL_RCCEx_PeriphCLKConfig                0x08002549   Thumb Code   258  stm32f1xx_hal_rcc_ex.o(.text.HAL_RCCEx_PeriphCLKConfig)
    HAL_RCC_ClockConfig                      0x0800264d   Thumb Code   450  stm32f1xx_hal_rcc.o(.text.HAL_RCC_ClockConfig)
    HAL_RCC_GetClockConfig                   0x08002811   Thumb Code    66  stm32f1xx_hal_rcc.o(.text.HAL_RCC_GetClockConfig)
    HAL_RCC_GetPCLK1Freq                     0x08002855   Thumb Code    38  stm32f1xx_hal_rcc.o(.text.HAL_RCC_GetPCLK1Freq)
    HAL_RCC_GetPCLK2Freq                     0x0800287d   Thumb Code    38  stm32f1xx_hal_rcc.o(.text.HAL_RCC_GetPCLK2Freq)
    HAL_RCC_OscConfig                        0x080028a5   Thumb Code  1024  stm32f1xx_hal_rcc.o(.text.HAL_RCC_OscConfig)
    HAL_TIMEx_BreakCallback                  0x08002ca5   Thumb Code     2  stm32f1xx_hal_tim_ex.o(.text.HAL_TIMEx_BreakCallback)
    HAL_TIMEx_CommutCallback                 0x08002ca9   Thumb Code     2  stm32f1xx_hal_tim_ex.o(.text.HAL_TIMEx_CommutCallback)
    HAL_TIMEx_MasterConfigSynchronization    0x08002cad   Thumb Code   126  stm32f1xx_hal_tim_ex.o(.text.HAL_TIMEx_MasterConfigSynchronization)
    HAL_TIM_Base_Init                        0x08002d2d   Thumb Code   236  stm32f1xx_hal_tim.o(.text.HAL_TIM_Base_Init)
    HAL_TIM_Base_MspInit                     0x08002e19   Thumb Code   110  tim.o(.text.HAL_TIM_Base_MspInit)
    HAL_TIM_Base_Start_IT                    0x08002e89   Thumb Code   110  stm32f1xx_hal_tim.o(.text.HAL_TIM_Base_Start_IT)
    HAL_TIM_ConfigClockSource                0x08002ef9   Thumb Code   416  stm32f1xx_hal_tim.o(.text.HAL_TIM_ConfigClockSource)
    HAL_TIM_IC_CaptureCallback               0x08003099   Thumb Code     2  stm32f1xx_hal_tim.o(.text.HAL_TIM_IC_CaptureCallback)
    HAL_TIM_IRQHandler                       0x0800309d   Thumb Code   368  stm32f1xx_hal_tim.o(.text.HAL_TIM_IRQHandler)
    HAL_TIM_OC_DelayElapsedCallback          0x0800320d   Thumb Code     2  stm32f1xx_hal_tim.o(.text.HAL_TIM_OC_DelayElapsedCallback)
    HAL_TIM_PWM_ConfigChannel                0x08003211   Thumb Code   510  stm32f1xx_hal_tim.o(.text.HAL_TIM_PWM_ConfigChannel)
    HAL_TIM_PWM_Init                         0x08003411   Thumb Code   236  stm32f1xx_hal_tim.o(.text.HAL_TIM_PWM_Init)
    HAL_TIM_PWM_MspInit                      0x080034fd   Thumb Code     2  stm32f1xx_hal_tim.o(.text.HAL_TIM_PWM_MspInit)
    HAL_TIM_PWM_PulseFinishedCallback        0x08003501   Thumb Code     2  stm32f1xx_hal_tim.o(.text.HAL_TIM_PWM_PulseFinishedCallback)
    HAL_TIM_PWM_Start                        0x08003505   Thumb Code   218  stm32f1xx_hal_tim.o(.text.HAL_TIM_PWM_Start)
    HAL_TIM_PeriodElapsedCallback            0x080035e1   Thumb Code    42  main.o(.text.HAL_TIM_PeriodElapsedCallback)
    HAL_TIM_TriggerCallback                  0x0800360d   Thumb Code     2  stm32f1xx_hal_tim.o(.text.HAL_TIM_TriggerCallback)
    HAL_UARTEx_RxEventCallback               0x08003611   Thumb Code     2  stm32f1xx_hal_uart.o(.text.HAL_UARTEx_RxEventCallback)
    HAL_UART_DMAStop                         0x08003615   Thumb Code   540  stm32f1xx_hal_uart.o(.text.HAL_UART_DMAStop)
    HAL_UART_ErrorCallback                   0x08003831   Thumb Code     2  revdatainfo.o(.text.HAL_UART_ErrorCallback)
    HAL_UART_IRQHandler                      0x08003835   Thumb Code  1392  stm32f1xx_hal_uart.o(.text.HAL_UART_IRQHandler)
    HAL_UART_Init                            0x08003da5   Thumb Code   226  stm32f1xx_hal_uart.o(.text.HAL_UART_Init)
    HAL_UART_MspInit                         0x08003e89   Thumb Code   376  usart.o(.text.HAL_UART_MspInit)
    HAL_UART_Receive_DMA                     0x08004001   Thumb Code   352  stm32f1xx_hal_uart.o(.text.HAL_UART_Receive_DMA)
    HAL_UART_Receive_IT                      0x08004161   Thumb Code    84  stm32f1xx_hal_uart.o(.text.HAL_UART_Receive_IT)
    HAL_UART_RxCpltCallback                  0x080041b5   Thumb Code     2  stm32f1xx_hal_uart.o(.text.HAL_UART_RxCpltCallback)
    HAL_UART_RxHalfCpltCallback              0x080041b9   Thumb Code     2  stm32f1xx_hal_uart.o(.text.HAL_UART_RxHalfCpltCallback)
    HAL_UART_Transmit                        0x080041bd   Thumb Code   632  stm32f1xx_hal_uart.o(.text.HAL_UART_Transmit)
    HAL_UART_TxCpltCallback                  0x08004435   Thumb Code     2  stm32f1xx_hal_uart.o(.text.HAL_UART_TxCpltCallback)
    HardFault_Handler                        0x08004439   Thumb Code     2  stm32f1xx_it.o(.text.HardFault_Handler)
    LoopWaterFlowComponet                    0x0800443d   Thumb Code   136  waterflow.o(.text.LoopWaterFlowComponet)
    MX_ADC1_Init                             0x080044f1   Thumb Code    86  adc.o(.text.MX_ADC1_Init)
    MX_ADC2_Init                             0x08004549   Thumb Code    88  adc.o(.text.MX_ADC2_Init)
    MX_DMA_Init                              0x080045a1   Thumb Code    84  dma.o(.text.MX_DMA_Init)
    MX_GPIO_Init                             0x080045f5   Thumb Code   138  gpio.o(.text.MX_GPIO_Init)
    MX_TIM3_Init                             0x08004681   Thumb Code   118  tim.o(.text.MX_TIM3_Init)
    MX_TIM4_Init                             0x080046f9   Thumb Code   192  tim.o(.text.MX_TIM4_Init)
    MX_USART1_UART_Init                      0x080047b9   Thumb Code    60  usart.o(.text.MX_USART1_UART_Init)
    MX_USART2_UART_Init                      0x080047f5   Thumb Code    60  usart.o(.text.MX_USART2_UART_Init)
    MemManage_Handler                        0x08004831   Thumb Code     2  stm32f1xx_it.o(.text.MemManage_Handler)
    NMI_Handler                              0x08004835   Thumb Code     2  stm32f1xx_it.o(.text.NMI_Handler)
    PendSV_Handler                           0x08004839   Thumb Code     2  stm32f1xx_it.o(.text.PendSV_Handler)
    Rs485RevData                             0x0800483d   Thumb Code    28  waterflow.o(.text.Rs485RevData)
    SVC_Handler                              0x08004859   Thumb Code     2  stm32f1xx_it.o(.text.SVC_Handler)
    SysTick_Handler                          0x0800485d   Thumb Code     2  stm32f1xx_it.o(.text.SysTick_Handler)
    SystemInit                               0x08004861   Thumb Code     2  system_stm32f1xx.o(.text.SystemInit)
    TIM1_UP_IRQHandler                       0x08004865   Thumb Code    12  stm32f1xx_it.o(.text.TIM1_UP_IRQHandler)
    TIM3_IRQHandler                          0x08004871   Thumb Code    12  stm32f1xx_it.o(.text.TIM3_IRQHandler)
    USART1_IRQHandler                        0x08004c7d   Thumb Code    26  stm32f1xx_it.o(.text.USART1_IRQHandler)
    USART2_IRQHandler                        0x08004c99   Thumb Code    26  stm32f1xx_it.o(.text.USART2_IRQHandler)
    UsageFault_Handler                       0x08004cb5   Thumb Code     2  stm32f1xx_it.o(.text.UsageFault_Handler)
    UsartReceive_IDLE                        0x08004cb9   Thumb Code   216  revdatainfo.o(.text.UsartReceive_IDLE)
    adc1Dma_cplt_callback                    0x08004d91   Thumb Code    16  waterflow.o(.text.adc1Dma_cplt_callback)
    adc1Dma_halfcplt_callback                0x08004da9   Thumb Code    16  waterflow.o(.text.adc1Dma_halfcplt_callback)
    checkWaterFlow                           0x08004dc1   Thumb Code   306  waterflow.o(.text.checkWaterFlow)
    componeSendData                          0x08004ef5   Thumb Code   352  waterflow.o(.text.componeSendData)
    createFifoRev                            0x08005055   Thumb Code   142  revdatainfo.o(.text.createFifoRev)
    hal_tim_timer3_callback                  0x080050e5   Thumb Code     4  waterflow.o(.text.hal_tim_timer3_callback)
    initShellusart                           0x080050e9   Thumb Code    22  shellusart.o(.text.initShellusart)
    initWaterFlowComponet                    0x08005101   Thumb Code   164  waterflow.o(.text.initWaterFlowComponet)
    main                                     0x080051a5   Thumb Code   174  main.o(.text.main)
    setDebugLog                              0x08005255   Thumb Code    14  waterflow.o(.text.setDebugLog)
    shellAnsi                                0x08005265   Thumb Code   168  shell.o(.text.shellAnsi)
    shellClear                               0x08005429   Thumb Code   146  shell.o(.text.shellClear)
    shellExtParsePara                        0x08005ab5   Thumb Code   608  shell_ext.o(.text.shellExtParsePara)
    shellExtRun                              0x08005d2d   Thumb Code   440  shell_ext.o(.text.shellExtRun)
    shellHandler                             0x08005ee5   Thumb Code   856  shell.o(.text.shellHandler)
    shellHelp                                0x0800623d   Thumb Code   704  shell.o(.text.shellHelp)
    shellInit                                0x08006659   Thumb Code   196  shell.o(.text.shellInit)
    shellPrint                               0x08006729   Thumb Code    74  shell.o(.text.shellPrint)
    shellRevData                             0x08006775   Thumb Code    40  shellusart.o(.text.shellRevData)
    shellWriteDebug                          0x08006ad1   Thumb Code    32  shellusart.o(.text.shellWriteDebug)
    _btod_d2e                                0x08006af1   Thumb Code    62  btod.o(CL$$btod_d2e)
    _d2e_denorm_low                          0x08006b2f   Thumb Code    70  btod.o(CL$$btod_d2e_denorm_low)
    _d2e_norm_op1                            0x08006b75   Thumb Code    96  btod.o(CL$$btod_d2e_norm_op1)
    __btod_div_common                        0x08006bd5   Thumb Code   696  btod.o(CL$$btod_div_common)
    _e2e                                     0x08006f0d   Thumb Code   220  btod.o(CL$$btod_e2e)
    _btod_ediv                               0x08006fe9   Thumb Code    42  btod.o(CL$$btod_ediv)
    _btod_emul                               0x08007013   Thumb Code    42  btod.o(CL$$btod_emul)
    __btod_mult_common                       0x0800703d   Thumb Code   580  btod.o(CL$$btod_mult_common)
    __ARM_fpclassify                         0x08007281   Thumb Code    40  fpclassify.o(i.__ARM_fpclassify)
    _is_digit                                0x080072a9   Thumb Code    14  __printf_wp.o(i._is_digit)
    _get_lc_numeric                          0x080072b9   Thumb Code    44  lc_numeric_c.o(locale$$code)
    _get_lc_ctype                            0x080072e5   Thumb Code    44  lc_ctype_c.o(locale$$code)
    __aeabi_d2f                              0x08007311   Thumb Code     0  d2f.o(x$fpl$d2f)
    _d2f                                     0x08007311   Thumb Code    98  d2f.o(x$fpl$d2f)
    __aeabi_ddiv                             0x08007375   Thumb Code     0  ddiv.o(x$fpl$ddiv)
    _ddiv                                    0x08007375   Thumb Code   556  ddiv.o(x$fpl$ddiv)
    __aeabi_i2d                              0x08007629   Thumb Code     0  dflt_clz.o(x$fpl$dflt)
    _dflt                                    0x08007629   Thumb Code    46  dflt_clz.o(x$fpl$dflt)
    __fpl_dnaninf                            0x08007657   Thumb Code   156  dnaninf.o(x$fpl$dnaninf)
    __fpl_dretinf                            0x080076f3   Thumb Code    12  dretinf.o(x$fpl$dretinf)
    __aeabi_f2d                              0x08007701   Thumb Code     0  f2d.o(x$fpl$f2d)
    _f2d                                     0x08007701   Thumb Code    86  f2d.o(x$fpl$f2d)
    __aeabi_fcmpeq                           0x08007757   Thumb Code     0  fcmp.o(x$fpl$fcmp)
    _feq                                     0x08007757   Thumb Code    14  fcmp.o(x$fpl$fcmp)
    _fneq                                    0x08007765   Thumb Code    14  fcmp.o(x$fpl$fcmp)
    __aeabi_fcmpgt                           0x08007773   Thumb Code     0  fcmp.o(x$fpl$fcmp)
    _fgr                                     0x08007773   Thumb Code    14  fcmp.o(x$fpl$fcmp)
    __aeabi_fcmpge                           0x08007781   Thumb Code     0  fcmp.o(x$fpl$fcmp)
    _fgeq                                    0x08007781   Thumb Code    14  fcmp.o(x$fpl$fcmp)
    __aeabi_fcmple                           0x0800778f   Thumb Code     0  fcmp.o(x$fpl$fcmp)
    _fleq                                    0x0800778f   Thumb Code    14  fcmp.o(x$fpl$fcmp)
    __aeabi_fcmplt                           0x0800779d   Thumb Code     0  fcmp.o(x$fpl$fcmp)
    _fls                                     0x0800779d   Thumb Code    14  fcmp.o(x$fpl$fcmp)
    __fpl_fcmp_Inf                           0x080077ab   Thumb Code    24  fcmpi.o(x$fpl$fcmpinf)
    __aeabi_fdiv                             0x080077c5   Thumb Code     0  fdiv.o(x$fpl$fdiv)
    _fdiv                                    0x080077c5   Thumb Code   384  fdiv.o(x$fpl$fdiv)
    __aeabi_cfcmpeq                          0x08007949   Thumb Code     0  feqf.o(x$fpl$feqf)
    _fcmpeq                                  0x08007949   Thumb Code   104  feqf.o(x$fpl$feqf)
    __aeabi_f2uiz                            0x080079b1   Thumb Code     0  ffixu.o(x$fpl$ffixu)
    _ffixu                                   0x080079b1   Thumb Code    62  ffixu.o(x$fpl$ffixu)
    __aeabi_i2f                              0x080079f1   Thumb Code     0  fflt_clz.o(x$fpl$fflt)
    _fflt                                    0x080079f1   Thumb Code    48  fflt_clz.o(x$fpl$fflt)
    __aeabi_ui2f                             0x08007a21   Thumb Code     0  fflt_clz.o(x$fpl$ffltu)
    _ffltu                                   0x08007a21   Thumb Code    38  fflt_clz.o(x$fpl$ffltu)
    _fcmpge                                  0x08007a49   Thumb Code   104  fgeqf.o(x$fpl$fgeqf)
    __aeabi_cfcmple                          0x08007ab1   Thumb Code     0  fleqf.o(x$fpl$fleqf)
    _fcmple                                  0x08007ab1   Thumb Code   104  fleqf.o(x$fpl$fleqf)
    __fpl_fcmple_InfNaN                      0x08007b03   Thumb Code     0  fleqf.o(x$fpl$fleqf)
    __aeabi_fmul                             0x08007b19   Thumb Code     0  fmul.o(x$fpl$fmul)
    _fmul                                    0x08007b19   Thumb Code   258  fmul.o(x$fpl$fmul)
    __fpl_fnaninf                            0x08007c1b   Thumb Code   140  fnaninf.o(x$fpl$fnaninf)
    __fpl_fretinf                            0x08007ca7   Thumb Code    10  fretinf.o(x$fpl$fretinf)
    _printf_fp_dec                           0x08007cb1   Thumb Code     4  printf1.o(x$fpl$printf1)
    _printf_fp_hex                           0x08007cb5   Thumb Code     4  printf2.o(x$fpl$printf2)
    __I$use$fp                               0x08007cb8   Number         0  usenofp.o(x$fpl$usenofp)
    AHBPrescTable                            0x08007db4   Data          16  system_stm32f1xx.o(.rodata.AHBPrescTable)
    APBPrescTable                            0x08007dc4   Data           8  system_stm32f1xx.o(.rodata.APBPrescTable)
    shellCmdcls                              0x08007dde   Data           4  shell.o(.rodata.shellCmdcls)
    shellCmddebuglog                         0x08007de2   Data           9  waterflow.o(.rodata.shellCmddebuglog)
    shellCmdhelp                             0x08007deb   Data           5  shell.o(.rodata.shellCmdhelp)
    shellDesccls                             0x08007df0   Data          19  shell.o(.rodata.shellDesccls)
    shellDescdebuglog                        0x08007e03   Data          36  waterflow.o(.rodata.shellDescdebuglog)
    shellDeschelp                            0x08007e27   Data          13  shell.o(.rodata.shellDeschelp)
    shellHelphelp                            0x08007e34   Data          43  shell.o(.rodata.shellHelphelp)
    Region$$Table$$Base                      0x08007f98   Number         0  anon$$obj.o(Region$$Table)
    Region$$Table$$Limit                     0x08007fb8   Number         0  anon$$obj.o(Region$$Table)
    __ctype                                  0x08007fe1   Data           0  lc_ctype_c.o(locale$$data)
    shellCommand$$Base                       0x080080e4   Number         0  waterflow.o(shellCommand)
    shellCommanddebuglog                     0x080080e4   Data          16  waterflow.o(shellCommand)
    shellCommandhelp                         0x080080f4   Data          16  shell.o(shellCommand)
    shellCommandcls                          0x08008104   Data          16  shell.o(shellCommand)
    shellCommand$$Limit                      0x08008114   Number         0  shell.o(shellCommand)
    uwTickFreq                               0x20000000   Data           1  stm32f1xx_hal.o(.data..L_MergedGlobals)
    uwTickPrio                               0x20000004   Data           4  stm32f1xx_hal.o(.data..L_MergedGlobals)
    SystemCoreClock                          0x20000008   Data           4  system_stm32f1xx.o(.data.SystemCoreClock)
    __libspace_start                         0x20000010   Data          96  libspace.o(.bss)
    __temporary_stack_top$libspace           0x20000070   Data           0  libspace.o(.bss)
    debug_log                                0x20000094   Data           4  waterflow.o(.bss..L_MergedGlobals)
    debug_period                             0x20000098   Data           4  waterflow.o(.bss..L_MergedGlobals)
    adc_buffer                               0x200000a0   Data        4000  waterflow.o(.bss.adc_buffer)
    hadc1                                    0x20001040   Data          48  adc.o(.bss.hadc1)
    hadc2                                    0x20001070   Data          48  adc.o(.bss.hadc2)
    hdma_adc1                                0x200010a0   Data          68  adc.o(.bss.hdma_adc1)
    hdma_usart1_rx                           0x200010e4   Data          68  usart.o(.bss.hdma_usart1_rx)
    hdma_usart2_rx                           0x20001128   Data          68  usart.o(.bss.hdma_usart2_rx)
    htim1                                    0x2000116c   Data          72  stm32f1xx_hal_timebase_tim.o(.bss.htim1)
    htim3                                    0x200011b4   Data          72  tim.o(.bss.htim3)
    htim4                                    0x200011fc   Data          72  tim.o(.bss.htim4)
    huart1                                   0x20001244   Data          72  usart.o(.bss.huart1)
    huart2                                   0x2000128c   Data          72  usart.o(.bss.huart2)
    shell                                    0x20001950   Data         376  shellusart.o(.bss.shell)
    uwTick                                   0x20001adc   Data           4  stm32f1xx_hal.o(.bss.uwTick)



==============================================================================

Memory Map of the image

  Image Entry point : 0x080000ed

  Load Region LR_IROM1 (Base: 0x08000000, Size: 0x00008128, Max: 0x00010000, ABSOLUTE)

    Execution Region ER_IROM1 (Exec base: 0x08000000, Load base: 0x08000000, Size: 0x00008114, Max: 0x00010000, ABSOLUTE)

    Exec Addr    Load Addr    Size         Type   Attr      Idx    E Section Name        Object

    0x08000000   0x08000000   0x000000ec   Data   RO            3    RESET               startup_stm32f103xb.o
    0x080000ec   0x080000ec   0x00000008   Code   RO         1217  * !!!main             c_w.l(__main.o)
    0x080000f4   0x080000f4   0x0000005c   Code   RO         1602    !!!scatter          c_w.l(__scatter.o)
    0x08000150   0x08000150   0x0000001a   Code   RO         1606    !!handler_copy      c_w.l(__scatter_copy.o)
    0x0800016a   0x0800016a   0x00000002   PAD
    0x0800016c   0x0800016c   0x00000002   Code   RO         1603    !!handler_null      c_w.l(__scatter.o)
    0x0800016e   0x0800016e   0x00000002   PAD
    0x08000170   0x08000170   0x0000001c   Code   RO         1608    !!handler_zi        c_w.l(__scatter_zi.o)
    0x0800018c   0x0800018c   0x00000000   Code   RO         1333    .ARM.Collect$$_printf_percent$$00000000  c_w.l(_printf_percent.o)
    0x0800018c   0x0800018c   0x00000006   Code   RO         1322    .ARM.Collect$$_printf_percent$$00000001  c_w.l(_printf_n.o)
    0x08000192   0x08000192   0x00000006   Code   RO         1324    .ARM.Collect$$_printf_percent$$00000002  c_w.l(_printf_p.o)
    0x08000198   0x08000198   0x00000006   Code   RO         1329    .ARM.Collect$$_printf_percent$$00000003  c_w.l(_printf_f.o)
    0x0800019e   0x0800019e   0x00000006   Code   RO         1330    .ARM.Collect$$_printf_percent$$00000004  c_w.l(_printf_e.o)
    0x080001a4   0x080001a4   0x00000006   Code   RO         1331    .ARM.Collect$$_printf_percent$$00000005  c_w.l(_printf_g.o)
    0x080001aa   0x080001aa   0x00000006   Code   RO         1332    .ARM.Collect$$_printf_percent$$00000006  c_w.l(_printf_a.o)
    0x080001b0   0x080001b0   0x0000000a   Code   RO         1337    .ARM.Collect$$_printf_percent$$00000007  c_w.l(_printf_ll.o)
    0x080001ba   0x080001ba   0x00000006   Code   RO         1326    .ARM.Collect$$_printf_percent$$00000008  c_w.l(_printf_i.o)
    0x080001c0   0x080001c0   0x00000006   Code   RO         1327    .ARM.Collect$$_printf_percent$$00000009  c_w.l(_printf_d.o)
    0x080001c6   0x080001c6   0x00000006   Code   RO         1328    .ARM.Collect$$_printf_percent$$0000000A  c_w.l(_printf_u.o)
    0x080001cc   0x080001cc   0x00000006   Code   RO         1325    .ARM.Collect$$_printf_percent$$0000000B  c_w.l(_printf_o.o)
    0x080001d2   0x080001d2   0x00000006   Code   RO         1323    .ARM.Collect$$_printf_percent$$0000000C  c_w.l(_printf_x.o)
    0x080001d8   0x080001d8   0x00000006   Code   RO         1334    .ARM.Collect$$_printf_percent$$0000000D  c_w.l(_printf_lli.o)
    0x080001de   0x080001de   0x00000006   Code   RO         1335    .ARM.Collect$$_printf_percent$$0000000E  c_w.l(_printf_lld.o)
    0x080001e4   0x080001e4   0x00000006   Code   RO         1336    .ARM.Collect$$_printf_percent$$0000000F  c_w.l(_printf_llu.o)
    0x080001ea   0x080001ea   0x00000006   Code   RO         1341    .ARM.Collect$$_printf_percent$$00000010  c_w.l(_printf_llo.o)
    0x080001f0   0x080001f0   0x00000006   Code   RO         1342    .ARM.Collect$$_printf_percent$$00000011  c_w.l(_printf_llx.o)
    0x080001f6   0x080001f6   0x0000000a   Code   RO         1338    .ARM.Collect$$_printf_percent$$00000012  c_w.l(_printf_l.o)
    0x08000200   0x08000200   0x00000006   Code   RO         1320    .ARM.Collect$$_printf_percent$$00000013  c_w.l(_printf_c.o)
    0x08000206   0x08000206   0x00000006   Code   RO         1321    .ARM.Collect$$_printf_percent$$00000014  c_w.l(_printf_s.o)
    0x0800020c   0x0800020c   0x00000006   Code   RO         1339    .ARM.Collect$$_printf_percent$$00000015  c_w.l(_printf_lc.o)
    0x08000212   0x08000212   0x00000006   Code   RO         1340    .ARM.Collect$$_printf_percent$$00000016  c_w.l(_printf_ls.o)
    0x08000218   0x08000218   0x00000004   Code   RO         1400    .ARM.Collect$$_printf_percent$$00000017  c_w.l(_printf_percent_end.o)
    0x0800021c   0x0800021c   0x00000002   Code   RO         1453    .ARM.Collect$$libinit$$00000000  c_w.l(libinit.o)
    0x0800021e   0x0800021e   0x00000000   Code   RO         1469    .ARM.Collect$$libinit$$00000002  c_w.l(libinit2.o)
    0x0800021e   0x0800021e   0x00000000   Code   RO         1471    .ARM.Collect$$libinit$$00000004  c_w.l(libinit2.o)
    0x0800021e   0x0800021e   0x00000000   Code   RO         1473    .ARM.Collect$$libinit$$00000006  c_w.l(libinit2.o)
    0x0800021e   0x0800021e   0x00000000   Code   RO         1476    .ARM.Collect$$libinit$$0000000C  c_w.l(libinit2.o)
    0x0800021e   0x0800021e   0x00000000   Code   RO         1478    .ARM.Collect$$libinit$$0000000E  c_w.l(libinit2.o)
    0x0800021e   0x0800021e   0x00000000   Code   RO         1480    .ARM.Collect$$libinit$$00000010  c_w.l(libinit2.o)
    0x0800021e   0x0800021e   0x00000006   Code   RO         1481    .ARM.Collect$$libinit$$00000011  c_w.l(libinit2.o)
    0x08000224   0x08000224   0x00000000   Code   RO         1483    .ARM.Collect$$libinit$$00000013  c_w.l(libinit2.o)
    0x08000224   0x08000224   0x0000000c   Code   RO         1484    .ARM.Collect$$libinit$$00000014  c_w.l(libinit2.o)
    0x08000230   0x08000230   0x00000000   Code   RO         1485    .ARM.Collect$$libinit$$00000015  c_w.l(libinit2.o)
    0x08000230   0x08000230   0x00000000   Code   RO         1487    .ARM.Collect$$libinit$$00000017  c_w.l(libinit2.o)
    0x08000230   0x08000230   0x0000000a   Code   RO         1488    .ARM.Collect$$libinit$$00000018  c_w.l(libinit2.o)
    0x0800023a   0x0800023a   0x00000000   Code   RO         1489    .ARM.Collect$$libinit$$00000019  c_w.l(libinit2.o)
    0x0800023a   0x0800023a   0x00000000   Code   RO         1491    .ARM.Collect$$libinit$$0000001B  c_w.l(libinit2.o)
    0x0800023a   0x0800023a   0x00000000   Code   RO         1493    .ARM.Collect$$libinit$$0000001D  c_w.l(libinit2.o)
    0x0800023a   0x0800023a   0x00000000   Code   RO         1495    .ARM.Collect$$libinit$$0000001F  c_w.l(libinit2.o)
    0x0800023a   0x0800023a   0x00000000   Code   RO         1497    .ARM.Collect$$libinit$$00000021  c_w.l(libinit2.o)
    0x0800023a   0x0800023a   0x00000000   Code   RO         1499    .ARM.Collect$$libinit$$00000023  c_w.l(libinit2.o)
    0x0800023a   0x0800023a   0x00000000   Code   RO         1501    .ARM.Collect$$libinit$$00000025  c_w.l(libinit2.o)
    0x0800023a   0x0800023a   0x00000000   Code   RO         1503    .ARM.Collect$$libinit$$00000027  c_w.l(libinit2.o)
    0x0800023a   0x0800023a   0x00000000   Code   RO         1507    .ARM.Collect$$libinit$$0000002E  c_w.l(libinit2.o)
    0x0800023a   0x0800023a   0x00000000   Code   RO         1509    .ARM.Collect$$libinit$$00000030  c_w.l(libinit2.o)
    0x0800023a   0x0800023a   0x00000000   Code   RO         1511    .ARM.Collect$$libinit$$00000032  c_w.l(libinit2.o)
    0x0800023a   0x0800023a   0x00000000   Code   RO         1513    .ARM.Collect$$libinit$$00000034  c_w.l(libinit2.o)
    0x0800023a   0x0800023a   0x00000002   Code   RO         1514    .ARM.Collect$$libinit$$00000035  c_w.l(libinit2.o)
    0x0800023c   0x0800023c   0x00000002   Code   RO         1538    .ARM.Collect$$libshutdown$$00000000  c_w.l(libshutdown.o)
    0x0800023e   0x0800023e   0x00000000   Code   RO         1553    .ARM.Collect$$libshutdown$$00000002  c_w.l(libshutdown2.o)
    0x0800023e   0x0800023e   0x00000000   Code   RO         1555    .ARM.Collect$$libshutdown$$00000004  c_w.l(libshutdown2.o)
    0x0800023e   0x0800023e   0x00000000   Code   RO         1558    .ARM.Collect$$libshutdown$$00000007  c_w.l(libshutdown2.o)
    0x0800023e   0x0800023e   0x00000000   Code   RO         1561    .ARM.Collect$$libshutdown$$0000000A  c_w.l(libshutdown2.o)
    0x0800023e   0x0800023e   0x00000000   Code   RO         1563    .ARM.Collect$$libshutdown$$0000000C  c_w.l(libshutdown2.o)
    0x0800023e   0x0800023e   0x00000000   Code   RO         1566    .ARM.Collect$$libshutdown$$0000000F  c_w.l(libshutdown2.o)
    0x0800023e   0x0800023e   0x00000002   Code   RO         1567    .ARM.Collect$$libshutdown$$00000010  c_w.l(libshutdown2.o)
    0x08000240   0x08000240   0x00000000   Code   RO         1251    .ARM.Collect$$rtentry$$00000000  c_w.l(__rtentry.o)
    0x08000240   0x08000240   0x00000000   Code   RO         1369    .ARM.Collect$$rtentry$$00000002  c_w.l(__rtentry2.o)
    0x08000240   0x08000240   0x00000006   Code   RO         1381    .ARM.Collect$$rtentry$$00000004  c_w.l(__rtentry4.o)
    0x08000246   0x08000246   0x00000000   Code   RO         1371    .ARM.Collect$$rtentry$$00000009  c_w.l(__rtentry2.o)
    0x08000246   0x08000246   0x00000004   Code   RO         1372    .ARM.Collect$$rtentry$$0000000A  c_w.l(__rtentry2.o)
    0x0800024a   0x0800024a   0x00000000   Code   RO         1374    .ARM.Collect$$rtentry$$0000000C  c_w.l(__rtentry2.o)
    0x0800024a   0x0800024a   0x00000008   Code   RO         1375    .ARM.Collect$$rtentry$$0000000D  c_w.l(__rtentry2.o)
    0x08000252   0x08000252   0x00000002   Code   RO         1461    .ARM.Collect$$rtexit$$00000000  c_w.l(rtexit.o)
    0x08000254   0x08000254   0x00000000   Code   RO         1516    .ARM.Collect$$rtexit$$00000002  c_w.l(rtexit2.o)
    0x08000254   0x08000254   0x00000004   Code   RO         1517    .ARM.Collect$$rtexit$$00000003  c_w.l(rtexit2.o)
    0x08000258   0x08000258   0x00000006   Code   RO         1518    .ARM.Collect$$rtexit$$00000004  c_w.l(rtexit2.o)
    0x0800025e   0x0800025e   0x00000002   PAD
    0x08000260   0x08000260   0x00000040   Code   RO            4    .text               startup_stm32f103xb.o
    0x080002a0   0x080002a0   0x0000003c   Code   RO         1205    .text               c_w.l(vsnprintf.o)
    0x080002dc   0x080002dc   0x00000044   Code   RO         1209    .text               c_w.l(rt_memclr.o)
    0x08000320   0x08000320   0x0000004e   Code   RO         1211    .text               c_w.l(rt_memclr_w.o)
    0x0800036e   0x0800036e   0x00000002   PAD
    0x08000370   0x08000370   0x00000080   Code   RO         1213    .text               c_w.l(strcmpv7m.o)
    0x080003f0   0x080003f0   0x00000006   Code   RO         1215    .text               c_w.l(heapauxi.o)
    0x080003f6   0x080003f6   0x0000004e   Code   RO         1254    .text               c_w.l(_printf_pad.o)
    0x08000444   0x08000444   0x00000024   Code   RO         1256    .text               c_w.l(_printf_truncate.o)
    0x08000468   0x08000468   0x00000052   Code   RO         1258    .text               c_w.l(_printf_str.o)
    0x080004ba   0x080004ba   0x00000002   PAD
    0x080004bc   0x080004bc   0x00000078   Code   RO         1260    .text               c_w.l(_printf_dec.o)
    0x08000534   0x08000534   0x00000028   Code   RO         1262    .text               c_w.l(_printf_charcount.o)
    0x0800055c   0x0800055c   0x00000030   Code   RO         1264    .text               c_w.l(_printf_char_common.o)
    0x0800058c   0x0800058c   0x00000010   Code   RO         1266    .text               c_w.l(_snputc.o)
    0x0800059c   0x0800059c   0x000000bc   Code   RO         1268    .text               c_w.l(_printf_wctomb.o)
    0x08000658   0x08000658   0x0000007c   Code   RO         1271    .text               c_w.l(_printf_longlong_dec.o)
    0x080006d4   0x080006d4   0x00000070   Code   RO         1277    .text               c_w.l(_printf_oct_int_ll.o)
    0x08000744   0x08000744   0x00000094   Code   RO         1297    .text               c_w.l(_printf_hex_int_ll_ptr.o)
    0x080007d8   0x080007d8   0x00000188   Code   RO         1317    .text               c_w.l(__printf_flags_ss_wp.o)
    0x08000960   0x08000960   0x0000008a   Code   RO         1383    .text               c_w.l(lludiv10.o)
    0x080009ea   0x080009ea   0x000000b2   Code   RO         1385    .text               c_w.l(_printf_intcommon.o)
    0x08000a9c   0x08000a9c   0x0000041c   Code   RO         1387    .text               c_w.l(_printf_fp_dec.o)
    0x08000eb8   0x08000eb8   0x000002fc   Code   RO         1391    .text               c_w.l(_printf_fp_hex.o)
    0x080011b4   0x080011b4   0x0000002c   Code   RO         1396    .text               c_w.l(_printf_char.o)
    0x080011e0   0x080011e0   0x0000002c   Code   RO         1398    .text               c_w.l(_printf_wchar.o)
    0x0800120c   0x0800120c   0x00000048   Code   RO         1401    .text               c_w.l(_c16rtomb.o)
    0x08001254   0x08001254   0x0000004a   Code   RO         1405    .text               c_w.l(sys_stackheap_outer.o)
    0x0800129e   0x0800129e   0x00000002   PAD
    0x080012a0   0x080012a0   0x00000010   Code   RO         1407    .text               c_w.l(rt_ctype_table.o)
    0x080012b0   0x080012b0   0x00000008   Code   RO         1412    .text               c_w.l(rt_locale_intlibspace.o)
    0x080012b8   0x080012b8   0x00000080   Code   RO         1414    .text               c_w.l(_printf_fp_infnan.o)
    0x08001338   0x08001338   0x000000e4   Code   RO         1416    .text               c_w.l(bigflt0.o)
    0x0800141c   0x0800141c   0x00000012   Code   RO         1446    .text               c_w.l(exit.o)
    0x0800142e   0x0800142e   0x00000002   PAD
    0x08001430   0x08001430   0x00000008   Code   RO         1458    .text               c_w.l(libspace.o)
    0x08001438   0x08001438   0x0000000c   Code   RO         1528    .text               c_w.l(sys_exit.o)
    0x08001444   0x08001444   0x00000002   Code   RO         1543    .text               c_w.l(use_no_semi.o)
    0x08001446   0x08001446   0x00000000   Code   RO         1545    .text               c_w.l(indicate_semi.o)
    0x08001446   0x08001446   0x00000002   PAD
    0x08001448   0x08001448   0x00000054   Code   RO          340    .text.ADC_ConversionStop_Disable  stm32f1xx_hal_adc.o
    0x0800149c   0x0800149c   0x00000052   Code   RO          362    .text.ADC_DMAConvCplt  stm32f1xx_hal_adc.o
    0x080014ee   0x080014ee   0x00000002   PAD
    0x080014f0   0x080014f0   0x00000016   Code   RO          366    .text.ADC_DMAError  stm32f1xx_hal_adc.o
    0x08001506   0x08001506   0x00000002   PAD
    0x08001508   0x08001508   0x00000006   Code   RO          364    .text.ADC_DMAHalfConvCplt  stm32f1xx_hal_adc.o
    0x0800150e   0x0800150e   0x00000002   PAD
    0x08001510   0x08001510   0x000000ae   Code   RO          348    .text.ADC_Enable    stm32f1xx_hal_adc.o
    0x080015be   0x080015be   0x00000002   PAD
    0x080015c0   0x080015c0   0x00000002   Code   RO          110    .text.BusFault_Handler  stm32f1xx_it.o
    0x080015c2   0x080015c2   0x00000002   PAD
    0x080015c4   0x080015c4   0x0000000c   Code   RO          122    .text.DMA1_Channel1_IRQHandler  stm32f1xx_it.o
    0x080015d0   0x080015d0   0x0000000c   Code   RO          124    .text.DMA1_Channel5_IRQHandler  stm32f1xx_it.o
    0x080015dc   0x080015dc   0x0000000c   Code   RO          126    .text.DMA1_Channel6_IRQHandler  stm32f1xx_it.o
    0x080015e8   0x080015e8   0x00000002   Code   RO          116    .text.DebugMon_Handler  stm32f1xx_it.o
    0x080015ea   0x080015ea   0x00000002   PAD
    0x080015ec   0x080015ec   0x0000000a   Code   RO           15    .text.Error_Handler  main.o
    0x080015f6   0x080015f6   0x00000002   PAD
    0x080015f8   0x080015f8   0x00000110   Code   RO          398    .text.HAL_ADCEx_Calibration_Start  stm32f1xx_hal_adc_ex.o
    0x08001708   0x08001708   0x00000176   Code   RO          382    .text.HAL_ADC_ConfigChannel  stm32f1xx_hal_adc.o
    0x0800187e   0x0800187e   0x00000002   PAD
    0x08001880   0x08001880   0x00000002   Code   RO          374    .text.HAL_ADC_ConvCpltCallback  stm32f1xx_hal_adc.o
    0x08001882   0x08001882   0x00000002   PAD
    0x08001884   0x08001884   0x00000002   Code   RO          378    .text.HAL_ADC_ConvHalfCpltCallback  stm32f1xx_hal_adc.o
    0x08001886   0x08001886   0x00000002   PAD
    0x08001888   0x08001888   0x00000002   Code   RO          380    .text.HAL_ADC_ErrorCallback  stm32f1xx_hal_adc.o
    0x0800188a   0x0800188a   0x00000002   PAD
    0x0800188c   0x0800188c   0x00000160   Code   RO          336    .text.HAL_ADC_Init  stm32f1xx_hal_adc.o
    0x080019ec   0x080019ec   0x000000f6   Code   RO           42    .text.HAL_ADC_MspInit  adc.o
    0x08001ae2   0x08001ae2   0x00000002   PAD
    0x08001ae4   0x08001ae4   0x0000011c   Code   RO          360    .text.HAL_ADC_Start_DMA  stm32f1xx_hal_adc.o
    0x08001c00   0x08001c00   0x00000046   Code   RO          576    .text.HAL_DMA_Abort  stm32f1xx_hal_dma.o
    0x08001c46   0x08001c46   0x00000002   PAD
    0x08001c48   0x08001c48   0x000000b4   Code   RO          578    .text.HAL_DMA_Abort_IT  stm32f1xx_hal_dma.o
    0x08001cfc   0x08001cfc   0x000001a0   Code   RO          582    .text.HAL_DMA_IRQHandler  stm32f1xx_hal_dma.o
    0x08001e9c   0x08001e9c   0x00000086   Code   RO          568    .text.HAL_DMA_Init  stm32f1xx_hal_dma.o
    0x08001f22   0x08001f22   0x00000002   PAD
    0x08001f24   0x08001f24   0x00000056   Code   RO          584    .text.HAL_DMA_RegisterCallback  stm32f1xx_hal_dma.o
    0x08001f7a   0x08001f7a   0x00000002   PAD
    0x08001f7c   0x08001f7c   0x000000a0   Code   RO          574    .text.HAL_DMA_Start_IT  stm32f1xx_hal_dma.o
    0x0800201c   0x0800201c   0x00000028   Code   RO          452    .text.HAL_Delay     stm32f1xx_hal.o
    0x08002044   0x08002044   0x0000020e   Code   RO          544    .text.HAL_GPIO_Init  stm32f1xx_hal_gpio.o
    0x08002252   0x08002252   0x00000002   PAD
    0x08002254   0x08002254   0x00000010   Code   RO          552    .text.HAL_GPIO_TogglePin  stm32f1xx_hal_gpio.o
    0x08002264   0x08002264   0x0000000a   Code   RO          550    .text.HAL_GPIO_WritePin  stm32f1xx_hal_gpio.o
    0x0800226e   0x0800226e   0x00000002   PAD
    0x08002270   0x08002270   0x0000000c   Code   RO          444    .text.HAL_GetTick   stm32f1xx_hal.o
    0x0800227c   0x0800227c   0x0000001a   Code   RO          442    .text.HAL_IncTick   stm32f1xx_hal.o
    0x08002296   0x08002296   0x00000002   PAD
    0x08002298   0x08002298   0x00000026   Code   RO          432    .text.HAL_Init      stm32f1xx_hal.o
    0x080022be   0x080022be   0x00000002   PAD
    0x080022c0   0x080022c0   0x000000b0   Code   RO          152    .text.HAL_InitTick  stm32f1xx_hal_timebase_tim.o
    0x08002370   0x08002370   0x00000042   Code   RO          143    .text.HAL_MspInit   stm32f1xx_hal_msp.o
    0x080023b2   0x080023b2   0x00000002   PAD
    0x080023b4   0x080023b4   0x00000022   Code   RO          604    .text.HAL_NVIC_EnableIRQ  stm32f1xx_hal_cortex.o
    0x080023d6   0x080023d6   0x00000002   PAD
    0x080023d8   0x080023d8   0x00000056   Code   RO          602    .text.HAL_NVIC_SetPriority  stm32f1xx_hal_cortex.o
    0x0800242e   0x0800242e   0x00000002   PAD
    0x08002430   0x08002430   0x00000020   Code   RO          600    .text.HAL_NVIC_SetPriorityGrouping  stm32f1xx_hal_cortex.o
    0x08002450   0x08002450   0x000000f8   Code   RO          534    .text.HAL_RCCEx_GetPeriphCLKFreq  stm32f1xx_hal_rcc_ex.o
    0x08002548   0x08002548   0x00000102   Code   RO          530    .text.HAL_RCCEx_PeriphCLKConfig  stm32f1xx_hal_rcc_ex.o
    0x0800264a   0x0800264a   0x00000002   PAD
    0x0800264c   0x0800264c   0x000001c2   Code   RO          496    .text.HAL_RCC_ClockConfig  stm32f1xx_hal_rcc.o
    0x0800280e   0x0800280e   0x00000002   PAD
    0x08002810   0x08002810   0x00000042   Code   RO          514    .text.HAL_RCC_GetClockConfig  stm32f1xx_hal_rcc.o
    0x08002852   0x08002852   0x00000002   PAD
    0x08002854   0x08002854   0x00000026   Code   RO          508    .text.HAL_RCC_GetPCLK1Freq  stm32f1xx_hal_rcc.o
    0x0800287a   0x0800287a   0x00000002   PAD
    0x0800287c   0x0800287c   0x00000026   Code   RO          510    .text.HAL_RCC_GetPCLK2Freq  stm32f1xx_hal_rcc.o
    0x080028a2   0x080028a2   0x00000002   PAD
    0x080028a4   0x080028a4   0x00000400   Code   RO          494    .text.HAL_RCC_OscConfig  stm32f1xx_hal_rcc.o
    0x08002ca4   0x08002ca4   0x00000002   Code   RO         1070    .text.HAL_TIMEx_BreakCallback  stm32f1xx_hal_tim_ex.o
    0x08002ca6   0x08002ca6   0x00000002   PAD
    0x08002ca8   0x08002ca8   0x00000002   Code   RO         1066    .text.HAL_TIMEx_CommutCallback  stm32f1xx_hal_tim_ex.o
    0x08002caa   0x08002caa   0x00000002   PAD
    0x08002cac   0x08002cac   0x0000007e   Code   RO         1060    .text.HAL_TIMEx_MasterConfigSynchronization  stm32f1xx_hal_tim_ex.o
    0x08002d2a   0x08002d2a   0x00000002   PAD
    0x08002d2c   0x08002d2c   0x000000ec   Code   RO          765    .text.HAL_TIM_Base_Init  stm32f1xx_hal_tim.o
    0x08002e18   0x08002e18   0x0000006e   Code   RO           70    .text.HAL_TIM_Base_MspInit  tim.o
    0x08002e86   0x08002e86   0x00000002   PAD
    0x08002e88   0x08002e88   0x0000006e   Code   RO          779    .text.HAL_TIM_Base_Start_IT  stm32f1xx_hal_tim.o
    0x08002ef6   0x08002ef6   0x00000002   PAD
    0x08002ef8   0x08002ef8   0x000001a0   Code   RO          945    .text.HAL_TIM_ConfigClockSource  stm32f1xx_hal_tim.o
    0x08003098   0x08003098   0x00000002   Code   RO          901    .text.HAL_TIM_IC_CaptureCallback  stm32f1xx_hal_tim.o
    0x0800309a   0x0800309a   0x00000002   PAD
    0x0800309c   0x0800309c   0x00000170   Code   RO          899    .text.HAL_TIM_IRQHandler  stm32f1xx_hal_tim.o
    0x0800320c   0x0800320c   0x00000002   Code   RO          903    .text.HAL_TIM_OC_DelayElapsedCallback  stm32f1xx_hal_tim.o
    0x0800320e   0x0800320e   0x00000002   PAD
    0x08003210   0x08003210   0x000001fe   Code   RO          919    .text.HAL_TIM_PWM_ConfigChannel  stm32f1xx_hal_tim.o
    0x0800340e   0x0800340e   0x00000002   PAD
    0x08003410   0x08003410   0x000000ec   Code   RO          819    .text.HAL_TIM_PWM_Init  stm32f1xx_hal_tim.o
    0x080034fc   0x080034fc   0x00000002   Code   RO          821    .text.HAL_TIM_PWM_MspInit  stm32f1xx_hal_tim.o
    0x080034fe   0x080034fe   0x00000002   PAD
    0x08003500   0x08003500   0x00000002   Code   RO          905    .text.HAL_TIM_PWM_PulseFinishedCallback  stm32f1xx_hal_tim.o
    0x08003502   0x08003502   0x00000002   PAD
    0x08003504   0x08003504   0x000000da   Code   RO          827    .text.HAL_TIM_PWM_Start  stm32f1xx_hal_tim.o
    0x080035de   0x080035de   0x00000002   PAD
    0x080035e0   0x080035e0   0x0000002a   Code   RO           17    .text.HAL_TIM_PeriodElapsedCallback  main.o
    0x0800360a   0x0800360a   0x00000002   PAD
    0x0800360c   0x0800360c   0x00000002   Code   RO          909    .text.HAL_TIM_TriggerCallback  stm32f1xx_hal_tim.o
    0x0800360e   0x0800360e   0x00000002   PAD
    0x08003610   0x08003610   0x00000002   Code   RO         1168    .text.HAL_UARTEx_RxEventCallback  stm32f1xx_hal_uart.o
    0x08003612   0x08003612   0x00000002   PAD
    0x08003614   0x08003614   0x0000021c   Code   RO         1124    .text.HAL_UART_DMAStop  stm32f1xx_hal_uart.o
    0x08003830   0x08003830   0x00000002   Code   RO          196    .text.HAL_UART_ErrorCallback  revdatainfo.o
    0x08003832   0x08003832   0x00000002   PAD
    0x08003834   0x08003834   0x00000570   Code   RO         1160    .text.HAL_UART_IRQHandler  stm32f1xx_hal_uart.o
    0x08003da4   0x08003da4   0x000000e2   Code   RO         1084    .text.HAL_UART_Init  stm32f1xx_hal_uart.o
    0x08003e86   0x08003e86   0x00000002   PAD
    0x08003e88   0x08003e88   0x00000178   Code   RO           88    .text.HAL_UART_MspInit  usart.o
    0x08004000   0x08004000   0x00000160   Code   RO         1116    .text.HAL_UART_Receive_DMA  stm32f1xx_hal_uart.o
    0x08004160   0x08004160   0x00000054   Code   RO         1104    .text.HAL_UART_Receive_IT  stm32f1xx_hal_uart.o
    0x080041b4   0x080041b4   0x00000002   Code   RO         1174    .text.HAL_UART_RxCpltCallback  stm32f1xx_hal_uart.o
    0x080041b6   0x080041b6   0x00000002   PAD
    0x080041b8   0x080041b8   0x00000002   Code   RO         1176    .text.HAL_UART_RxHalfCpltCallback  stm32f1xx_hal_uart.o
    0x080041ba   0x080041ba   0x00000002   PAD
    0x080041bc   0x080041bc   0x00000278   Code   RO         1098    .text.HAL_UART_Transmit  stm32f1xx_hal_uart.o
    0x08004434   0x08004434   0x00000002   Code   RO         1170    .text.HAL_UART_TxCpltCallback  stm32f1xx_hal_uart.o
    0x08004436   0x08004436   0x00000002   PAD
    0x08004438   0x08004438   0x00000002   Code   RO          106    .text.HardFault_Handler  stm32f1xx_it.o
    0x0800443a   0x0800443a   0x00000002   PAD
    0x0800443c   0x0800443c   0x000000b4   Code   RO          244    .text.LoopWaterFlowComponet  waterflow.o
    0x080044f0   0x080044f0   0x00000056   Code   RO           38    .text.MX_ADC1_Init  adc.o
    0x08004546   0x08004546   0x00000002   PAD
    0x08004548   0x08004548   0x00000058   Code   RO           40    .text.MX_ADC2_Init  adc.o
    0x080045a0   0x080045a0   0x00000054   Code   RO           57    .text.MX_DMA_Init   dma.o
    0x080045f4   0x080045f4   0x0000008a   Code   RO           28    .text.MX_GPIO_Init  gpio.o
    0x0800467e   0x0800467e   0x00000002   PAD
    0x08004680   0x08004680   0x00000076   Code   RO           66    .text.MX_TIM3_Init  tim.o
    0x080046f6   0x080046f6   0x00000002   PAD
    0x080046f8   0x080046f8   0x000000c0   Code   RO           68    .text.MX_TIM4_Init  tim.o
    0x080047b8   0x080047b8   0x0000003c   Code   RO           84    .text.MX_USART1_UART_Init  usart.o
    0x080047f4   0x080047f4   0x0000003c   Code   RO           86    .text.MX_USART2_UART_Init  usart.o
    0x08004830   0x08004830   0x00000002   Code   RO          108    .text.MemManage_Handler  stm32f1xx_it.o
    0x08004832   0x08004832   0x00000002   PAD
    0x08004834   0x08004834   0x00000002   Code   RO          104    .text.NMI_Handler   stm32f1xx_it.o
    0x08004836   0x08004836   0x00000002   PAD
    0x08004838   0x08004838   0x00000002   Code   RO          118    .text.PendSV_Handler  stm32f1xx_it.o
    0x0800483a   0x0800483a   0x00000002   PAD
    0x0800483c   0x0800483c   0x0000001c   Code   RO          228    .text.Rs485RevData  waterflow.o
    0x08004858   0x08004858   0x00000002   Code   RO          114    .text.SVC_Handler   stm32f1xx_it.o
    0x0800485a   0x0800485a   0x00000002   PAD
    0x0800485c   0x0800485c   0x00000002   Code   RO          120    .text.SysTick_Handler  stm32f1xx_it.o
    0x0800485e   0x0800485e   0x00000002   PAD
    0x08004860   0x08004860   0x00000002   Code   RO          167    .text.SystemInit    system_stm32f1xx.o
    0x08004862   0x08004862   0x00000002   PAD
    0x08004864   0x08004864   0x0000000c   Code   RO          128    .text.TIM1_UP_IRQHandler  stm32f1xx_it.o
    0x08004870   0x08004870   0x0000000c   Code   RO          130    .text.TIM3_IRQHandler  stm32f1xx_it.o
    0x0800487c   0x0800487c   0x0000000c   Code   RO         1164    .text.UART_DMAAbortOnError  stm32f1xx_hal_uart.o
    0x08004888   0x08004888   0x0000017c   Code   RO         1114    .text.UART_DMAError  stm32f1xx_hal_uart.o
    0x08004a04   0x08004a04   0x0000015e   Code   RO         1192    .text.UART_DMAReceiveCplt  stm32f1xx_hal_uart.o
    0x08004b62   0x08004b62   0x00000002   PAD
    0x08004b64   0x08004b64   0x00000018   Code   RO         1194    .text.UART_DMARxHalfCplt  stm32f1xx_hal_uart.o
    0x08004b7c   0x08004b7c   0x000000fe   Code   RO         1162    .text.UART_Receive_IT  stm32f1xx_hal_uart.o
    0x08004c7a   0x08004c7a   0x00000002   PAD
    0x08004c7c   0x08004c7c   0x0000001a   Code   RO          132    .text.USART1_IRQHandler  stm32f1xx_it.o
    0x08004c96   0x08004c96   0x00000002   PAD
    0x08004c98   0x08004c98   0x0000001a   Code   RO          134    .text.USART2_IRQHandler  stm32f1xx_it.o
    0x08004cb2   0x08004cb2   0x00000002   PAD
    0x08004cb4   0x08004cb4   0x00000002   Code   RO          112    .text.UsageFault_Handler  stm32f1xx_it.o
    0x08004cb6   0x08004cb6   0x00000002   PAD
    0x08004cb8   0x08004cb8   0x000000d8   Code   RO          194    .text.UsartReceive_IDLE  revdatainfo.o
    0x08004d90   0x08004d90   0x00000018   Code   RO          230    .text.adc1Dma_cplt_callback  waterflow.o
    0x08004da8   0x08004da8   0x00000018   Code   RO          232    .text.adc1Dma_halfcplt_callback  waterflow.o
    0x08004dc0   0x08004dc0   0x00000132   Code   RO          240    .text.checkWaterFlow  waterflow.o
    0x08004ef2   0x08004ef2   0x00000002   PAD
    0x08004ef4   0x08004ef4   0x00000160   Code   RO          226    .text.componeSendData  waterflow.o
    0x08005054   0x08005054   0x0000008e   Code   RO          184    .text.createFifoRev  revdatainfo.o
    0x080050e2   0x080050e2   0x00000002   PAD
    0x080050e4   0x080050e4   0x00000004   Code   RO          242    .text.hal_tim_timer3_callback  waterflow.o
    0x080050e8   0x080050e8   0x00000016   Code   RO          209    .text.initShellusart  shellusart.o
    0x080050fe   0x080050fe   0x00000002   PAD
    0x08005100   0x08005100   0x000000a4   Code   RO          234    .text.initWaterFlowComponet  waterflow.o
    0x080051a4   0x080051a4   0x000000ae   Code   RO           11    .text.main          main.o
    0x08005252   0x08005252   0x00000002   PAD
    0x08005254   0x08005254   0x0000000e   Code   RO          246    .text.setDebugLog   waterflow.o
    0x08005262   0x08005262   0x00000002   PAD
    0x08005264   0x08005264   0x000000a8   Code   RO          280    .text.shellAnsi     shell.o
    0x0800530c   0x0800530c   0x0000011a   Code   RO          266    .text.shellBackspace  shell.o
    0x08005426   0x08005426   0x00000002   PAD
    0x08005428   0x08005428   0x00000092   Code   RO          290    .text.shellClear    shell.o
    0x080054ba   0x080054ba   0x00000002   PAD
    0x080054bc   0x080054bc   0x000000c0   Code   RO          288    .text.shellDisplayItem  shell.o
    0x0800557c   0x0800557c   0x00000538   Code   RO          262    .text.shellEnter    shell.o
    0x08005ab4   0x08005ab4   0x00000278   Code   RO          310    .text.shellExtParsePara  shell_ext.o
    0x08005d2c   0x08005d2c   0x000001b8   Code   RO          312    .text.shellExtRun   shell_ext.o
    0x08005ee4   0x08005ee4   0x00000358   Code   RO          284    .text.shellHandler  shell.o
    0x0800623c   0x0800623c   0x000002c0   Code   RO          286    .text.shellHelp     shell.o
    0x080064fc   0x080064fc   0x0000015c   Code   RO          282    .text.shellHistory  shell.o
    0x08006658   0x08006658   0x000000d0   Code   RO          270    .text.shellInit     shell.o
    0x08006728   0x08006728   0x0000004a   Code   RO          278    .text.shellPrint    shell.o
    0x08006772   0x08006772   0x00000002   PAD
    0x08006774   0x08006774   0x00000028   Code   RO          207    .text.shellRevData  shellusart.o
    0x0800679c   0x0800679c   0x00000332   Code   RO          264    .text.shellTab      shell.o
    0x08006ace   0x08006ace   0x00000002   PAD
    0x08006ad0   0x08006ad0   0x00000020   Code   RO          211    .text.shellWriteDebug  shellusart.o
    0x08006af0   0x08006af0   0x0000003e   Code   RO         1419    CL$$btod_d2e        c_w.l(btod.o)
    0x08006b2e   0x08006b2e   0x00000046   Code   RO         1421    CL$$btod_d2e_denorm_low  c_w.l(btod.o)
    0x08006b74   0x08006b74   0x00000060   Code   RO         1420    CL$$btod_d2e_norm_op1  c_w.l(btod.o)
    0x08006bd4   0x08006bd4   0x00000338   Code   RO         1429    CL$$btod_div_common  c_w.l(btod.o)
    0x08006f0c   0x08006f0c   0x000000dc   Code   RO         1426    CL$$btod_e2e        c_w.l(btod.o)
    0x08006fe8   0x08006fe8   0x0000002a   Code   RO         1423    CL$$btod_ediv       c_w.l(btod.o)
    0x08007012   0x08007012   0x0000002a   Code   RO         1422    CL$$btod_emul       c_w.l(btod.o)
    0x0800703c   0x0800703c   0x00000244   Code   RO         1428    CL$$btod_mult_common  c_w.l(btod.o)
    0x08007280   0x08007280   0x00000028   Code   RO         1456    i.__ARM_fpclassify  m_ws.l(fpclassify.o)
    0x080072a8   0x080072a8   0x0000000e   Code   RO         1310    i._is_digit         c_w.l(__printf_wp.o)
    0x080072b6   0x080072b6   0x00000002   PAD
    0x080072b8   0x080072b8   0x0000002c   Code   RO         1444    locale$$code        c_w.l(lc_numeric_c.o)
    0x080072e4   0x080072e4   0x0000002c   Code   RO         1466    locale$$code        c_w.l(lc_ctype_c.o)
    0x08007310   0x08007310   0x00000062   Code   RO         1219    x$fpl$d2f           fz_ws.l(d2f.o)
    0x08007372   0x08007372   0x00000002   PAD
    0x08007374   0x08007374   0x000002b4   Code   RO         1222    x$fpl$ddiv          fz_ws.l(ddiv.o)
    0x08007628   0x08007628   0x0000002e   Code   RO         1226    x$fpl$dflt          fz_ws.l(dflt_clz.o)
    0x08007656   0x08007656   0x0000009c   Code   RO         1345    x$fpl$dnaninf       fz_ws.l(dnaninf.o)
    0x080076f2   0x080076f2   0x0000000c   Code   RO         1347    x$fpl$dretinf       fz_ws.l(dretinf.o)
    0x080076fe   0x080076fe   0x00000002   PAD
    0x08007700   0x08007700   0x00000056   Code   RO         1231    x$fpl$f2d           fz_ws.l(f2d.o)
    0x08007756   0x08007756   0x00000054   Code   RO         1233    x$fpl$fcmp          fz_ws.l(fcmp.o)
    0x080077aa   0x080077aa   0x00000018   Code   RO         1403    x$fpl$fcmpinf       fz_ws.l(fcmpi.o)
    0x080077c2   0x080077c2   0x00000002   PAD
    0x080077c4   0x080077c4   0x00000184   Code   RO         1236    x$fpl$fdiv          fz_ws.l(fdiv.o)
    0x08007948   0x08007948   0x00000068   Code   RO         1349    x$fpl$feqf          fz_ws.l(feqf.o)
    0x080079b0   0x080079b0   0x0000003e   Code   RO         1239    x$fpl$ffixu         fz_ws.l(ffixu.o)
    0x080079ee   0x080079ee   0x00000002   PAD
    0x080079f0   0x080079f0   0x00000030   Code   RO         1244    x$fpl$fflt          fz_ws.l(fflt_clz.o)
    0x08007a20   0x08007a20   0x00000026   Code   RO         1243    x$fpl$ffltu         fz_ws.l(fflt_clz.o)
    0x08007a46   0x08007a46   0x00000002   PAD
    0x08007a48   0x08007a48   0x00000068   Code   RO         1351    x$fpl$fgeqf         fz_ws.l(fgeqf.o)
    0x08007ab0   0x08007ab0   0x00000068   Code   RO         1353    x$fpl$fleqf         fz_ws.l(fleqf.o)
    0x08007b18   0x08007b18   0x00000102   Code   RO         1249    x$fpl$fmul          fz_ws.l(fmul.o)
    0x08007c1a   0x08007c1a   0x0000008c   Code   RO         1355    x$fpl$fnaninf       fz_ws.l(fnaninf.o)
    0x08007ca6   0x08007ca6   0x0000000a   Code   RO         1357    x$fpl$fretinf       fz_ws.l(fretinf.o)
    0x08007cb0   0x08007cb0   0x00000004   Code   RO         1359    x$fpl$printf1       fz_ws.l(printf1.o)
    0x08007cb4   0x08007cb4   0x00000004   Code   RO         1361    x$fpl$printf2       fz_ws.l(printf2.o)
    0x08007cb8   0x08007cb8   0x00000000   Code   RO         1367    x$fpl$usenofp       fz_ws.l(usenofp.o)
    0x08007cb8   0x08007cb8   0x00000008   Data   RO         1269    .constdata          c_w.l(_printf_wctomb.o)
    0x08007cc0   0x08007cc0   0x00000028   Data   RO         1298    .constdata          c_w.l(_printf_hex_int_ll_ptr.o)
    0x08007ce8   0x08007ce8   0x00000011   Data   RO         1318    .constdata          c_w.l(__printf_flags_ss_wp.o)
    0x08007cf9   0x08007cf9   0x00000026   Data   RO         1392    .constdata          c_w.l(_printf_fp_hex.o)
    0x08007d1f   0x08007d1f   0x00000001   PAD
    0x08007d20   0x08007d20   0x00000094   Data   RO         1417    .constdata          c_w.l(bigflt0.o)
    0x08007db4   0x08007db4   0x00000010   Data   RO          172    .rodata.AHBPrescTable  system_stm32f1xx.o
    0x08007dc4   0x08007dc4   0x00000008   Data   RO          173    .rodata.APBPrescTable  system_stm32f1xx.o
    0x08007dcc   0x08007dcc   0x00000002   Data   RO          521    .rodata.HAL_RCC_GetSysClockFreq.aPredivFactorTable  stm32f1xx_hal_rcc.o
    0x08007dce   0x08007dce   0x00000010   Data   RO          520    .rodata.cst16       stm32f1xx_hal_rcc.o
    0x08007dde   0x08007dde   0x00000004   Data   RO          298    .rodata.shellCmdcls  shell.o
    0x08007de2   0x08007de2   0x00000009   Data   RO          250    .rodata.shellCmddebuglog  waterflow.o
    0x08007deb   0x08007deb   0x00000005   Data   RO          294    .rodata.shellCmdhelp  shell.o
    0x08007df0   0x08007df0   0x00000013   Data   RO          299    .rodata.shellDesccls  shell.o
    0x08007e03   0x08007e03   0x00000024   Data   RO          251    .rodata.shellDescdebuglog  waterflow.o
    0x08007e27   0x08007e27   0x0000000d   Data   RO          295    .rodata.shellDeschelp  shell.o
    0x08007e34   0x08007e34   0x0000002b   Data   RO          296    .rodata.shellHelphelp  shell.o
    0x08007e5f   0x08007e5f   0x00000136   Data   RO          300    .rodata.str1.1      shell.o
    0x08007f95   0x08007f95   0x00000003   PAD
    0x08007f98   0x08007f98   0x00000020   Data   RO         1601    Region$$Table       anon$$obj.o
    0x08007fb8   0x08007fb8   0x0000001c   Data   RO         1443    locale$$data        c_w.l(lc_numeric_c.o)
    0x08007fd4   0x08007fd4   0x00000110   Data   RO         1465    locale$$data        c_w.l(lc_ctype_c.o)
    0x080080e4   0x080080e4   0x00000010   Data   RO          252    shellCommand        waterflow.o
    0x080080f4   0x080080f4   0x00000020   Data   RO          297    shellCommand        shell.o


    Execution Region RW_IRAM1 (Exec base: 0x20000000, Load base: 0x08008118, Size: 0x00002ee0, Max: 0x00005000, ABSOLUTE)

    Exec Addr    Load Addr    Size         Type   Attr      Idx    E Section Name        Object

    0x20000000   0x08008118   0x00000008   Data   RW          483    .data..L_MergedGlobals  stm32f1xx_hal.o
    0x20000008   0x08008120   0x00000004   Data   RW          171    .data.SystemCoreClock  system_stm32f1xx.o
    0x2000000c   0x08008124   0x00000004   Data   RW          248    .data.simple_cur_max  waterflow.o
    0x20000010        -       0x00000060   Zero   RW         1459    .bss                c_w.l(libspace.o)
    0x20000070        -       0x00000030   Zero   RW          253    .bss..L_MergedGlobals  waterflow.o
    0x200000a0        -       0x00000fa0   Zero   RW          249    .bss.adc_buffer     waterflow.o
    0x20001040        -       0x00000030   Zero   RW           46    .bss.hadc1          adc.o
    0x20001070        -       0x00000030   Zero   RW           47    .bss.hadc2          adc.o
    0x200010a0        -       0x00000044   Zero   RW           48    .bss.hdma_adc1      adc.o
    0x200010e4        -       0x00000044   Zero   RW           94    .bss.hdma_usart1_rx  usart.o
    0x20001128        -       0x00000044   Zero   RW           95    .bss.hdma_usart2_rx  usart.o
    0x2000116c        -       0x00000048   Zero   RW          158    .bss.htim1          stm32f1xx_hal_timebase_tim.o
    0x200011b4        -       0x00000048   Zero   RW           74    .bss.htim3          tim.o
    0x200011fc        -       0x00000048   Zero   RW           75    .bss.htim4          tim.o
    0x20001244        -       0x00000048   Zero   RW           92    .bss.huart1         usart.o
    0x2000128c        -       0x00000048   Zero   RW           93    .bss.huart2         usart.o
    0x200012d4        -       0x0000067c   Zero   RW          198    .bss.sg_uartRevFifoBuff  revdatainfo.o
    0x20001950        -       0x00000178   Zero   RW          213    .bss.shell          shellusart.o
    0x20001ac8        -       0x00000014   Zero   RW          293    .bss.shellList      shell.o
    0x20001adc        -       0x00000004   Zero   RW          482    .bss.uwTick         stm32f1xx_hal.o
    0x20001ae0        -       0x00000400   Zero   RW            2    HEAP                startup_stm32f103xb.o
    0x20001ee0        -       0x00001000   Zero   RW            1    STACK               startup_stm32f103xb.o


==============================================================================

Image component sizes


      Code (inc. data)   RO Data    RW Data    ZI Data      Debug   Object Name

       420          0          0          0        164       4699   adc.o
        84          0          0          0          0       2185   dma.o
       138          0          0          0          0       1722   gpio.o
       226          0          0          0          0       6331   main.o
       360          0          0          0       1660       6522   revdatainfo.o
      5132         46        426          0         20      23462   shell.o
      1072         90          0          0          0       4528   shell_ext.o
        94          0          0          0        376       4775   shellusart.o
        64         26        236          0       5120        788   startup_stm32f103xb.o
       116          0          0          8          4       5758   stm32f1xx_hal.o
      1384          0          0          0          0      13592   stm32f1xx_hal_adc.o
       272          0          0          0          0      10067   stm32f1xx_hal_adc_ex.o
       152          0          0          0          0       8449   stm32f1xx_hal_cortex.o
      1046          4          0          0          0       8488   stm32f1xx_hal_dma.o
       552         20          0          0          0       4631   stm32f1xx_hal_gpio.o
        66          0          0          0          0       1207   stm32f1xx_hal_msp.o
      1616          0         18          0          0       7939   stm32f1xx_hal_rcc.o
       506         20          0          0          0       3648   stm32f1xx_hal_rcc_ex.o
      2104          4          0          0          0      55759   stm32f1xx_hal_tim.o
       130          0          0          0          0      20553   stm32f1xx_hal_tim_ex.o
       176          0          0          0         72       5757   stm32f1xx_hal_timebase_tim.o
      4254          0          0          0          0      32600   stm32f1xx_hal_uart.o
       130          0          0          0          0       6053   stm32f1xx_it.o
         2          0         24          4          0       1596   system_stm32f1xx.o
       420          0          0          0        144       6547   tim.o
       496          0          0          0        280       5856   usart.o
      1096         60         61          4       4048      11129   waterflow.o

    ----------------------------------------------------------------------
     22248        270        800         16      11888     264641   Object Totals
         0          0         32          0          0          0   (incl. Generated)
       140          0          3          0          0          0   (incl. Padding)

    ----------------------------------------------------------------------

      Code (inc. data)   RO Data    RW Data    ZI Data      Debug   Library Member Name

         8          0          0          0          0         68   __main.o
       392          4         17          0          0         92   __printf_flags_ss_wp.o
        14          0          0          0          0         68   __printf_wp.o
         0          0          0          0          0          0   __rtentry.o
        12          0          0          0          0          0   __rtentry2.o
         6          0          0          0          0          0   __rtentry4.o
        94          8          0          0          0          0   __scatter.o
        26          0          0          0          0          0   __scatter_copy.o
        28          0          0          0          0          0   __scatter_zi.o
        72          0          0          0          0         96   _c16rtomb.o
         6          0          0          0          0          0   _printf_a.o
         6          0          0          0          0          0   _printf_c.o
        44          0          0          0          0        108   _printf_char.o
        48          6          0          0          0         96   _printf_char_common.o
        40          0          0          0          0         68   _printf_charcount.o
         6          0          0          0          0          0   _printf_d.o
       120         16          0          0          0         92   _printf_dec.o
         6          0          0          0          0          0   _printf_e.o
         6          0          0          0          0          0   _printf_f.o
      1052          0          0          0          0        148   _printf_fp_dec.o
       764          8         38          0          0        100   _printf_fp_hex.o
       128         16          0          0          0         84   _printf_fp_infnan.o
         6          0          0          0          0          0   _printf_g.o
       148          4         40          0          0        160   _printf_hex_int_ll_ptr.o
         6          0          0          0          0          0   _printf_i.o
       178          0          0          0          0         88   _printf_intcommon.o
        10          0          0          0          0          0   _printf_l.o
         6          0          0          0          0          0   _printf_lc.o
        10          0          0          0          0          0   _printf_ll.o
         6          0          0          0          0          0   _printf_lld.o
         6          0          0          0          0          0   _printf_lli.o
         6          0          0          0          0          0   _printf_llo.o
         6          0          0          0          0          0   _printf_llu.o
         6          0          0          0          0          0   _printf_llx.o
       124         16          0          0          0         92   _printf_longlong_dec.o
         6          0          0          0          0          0   _printf_ls.o
         6          0          0          0          0          0   _printf_n.o
         6          0          0          0          0          0   _printf_o.o
       112          8          0          0          0        124   _printf_oct_int_ll.o
         6          0          0          0          0          0   _printf_p.o
        78          0          0          0          0        108   _printf_pad.o
         0          0          0          0          0          0   _printf_percent.o
         4          0          0          0          0          0   _printf_percent_end.o
         6          0          0          0          0          0   _printf_s.o
        82          0          0          0          0         80   _printf_str.o
        36          0          0          0          0         84   _printf_truncate.o
         6          0          0          0          0          0   _printf_u.o
        44          0          0          0          0        108   _printf_wchar.o
       188          6          8          0          0         92   _printf_wctomb.o
         6          0          0          0          0          0   _printf_x.o
        16          0          0          0          0         68   _snputc.o
       228          4        148          0          0         96   bigflt0.o
      1936        128          0          0          0        668   btod.o
        18          0          0          0          0         80   exit.o
         6          0          0          0          0        152   heapauxi.o
         0          0          0          0          0          0   indicate_semi.o
        44         10        272          0          0         76   lc_ctype_c.o
        44         10         28          0          0         76   lc_numeric_c.o
         2          0          0          0          0          0   libinit.o
        30          0          0          0          0          0   libinit2.o
         2          0          0          0          0          0   libshutdown.o
         2          0          0          0          0          0   libshutdown2.o
         8          4          0          0         96         68   libspace.o
       138          0          0          0          0         80   lludiv10.o
        16          4          0          0          0         76   rt_ctype_table.o
         8          4          0          0          0         68   rt_locale_intlibspace.o
        68          0          0          0          0         68   rt_memclr.o
        78          0          0          0          0         80   rt_memclr_w.o
         2          0          0          0          0          0   rtexit.o
        10          0          0          0          0          0   rtexit2.o
       128          0          0          0          0         68   strcmpv7m.o
        12          4          0          0          0         68   sys_exit.o
        74          0          0          0          0         80   sys_stackheap_outer.o
         2          0          0          0          0         68   use_no_semi.o
        60          4          0          0          0         80   vsnprintf.o
        98          4          0          0          0         92   d2f.o
       692        140          0          0          0        216   ddiv.o
        46          0          0          0          0         68   dflt_clz.o
       156          4          0          0          0         92   dnaninf.o
        12          0          0          0          0         68   dretinf.o
        86          4          0          0          0         84   f2d.o
        84          0          0          0          0        196   fcmp.o
        24          0          0          0          0         68   fcmpi.o
       388         76          0          0          0         96   fdiv.o
       104          4          0          0          0         84   feqf.o
        62          4          0          0          0         84   ffixu.o
        86          0          0          0          0        136   fflt_clz.o
       104          4          0          0          0         84   fgeqf.o
       104          4          0          0          0         84   fleqf.o
       258          4          0          0          0         84   fmul.o
       140          4          0          0          0         84   fnaninf.o
        10          0          0          0          0         68   fretinf.o
         4          0          0          0          0         68   printf1.o
         4          0          0          0          0         68   printf2.o
         0          0          0          0          0          0   usenofp.o
        40          0          0          0          0         68   fpclassify.o

    ----------------------------------------------------------------------
      9444        516        552          0         96       5868   Library Totals
        28          0          1          0          0          0   (incl. Padding)

    ----------------------------------------------------------------------

      Code (inc. data)   RO Data    RW Data    ZI Data      Debug   Library Name

      6914        264        551          0         96       3976   c_w.l
      2462        252          0          0          0       1824   fz_ws.l
        40          0          0          0          0         68   m_ws.l

    ----------------------------------------------------------------------
      9444        516        552          0         96       5868   Library Totals

    ----------------------------------------------------------------------

==============================================================================


      Code (inc. data)   RO Data    RW Data    ZI Data      Debug   

     31692        786       1352         16      11984     266901   Grand Totals
     31692        786       1352         16      11984     266901   ELF Image Totals
     31692        786       1352         16          0          0   ROM Totals

==============================================================================

    Total RO  Size (Code + RO Data)                33044 (  32.27kB)
    Total RW  Size (RW Data + ZI Data)             12000 (  11.72kB)
    Total ROM Size (Code + RO Data + RW Data)      33060 (  32.29kB)

==============================================================================

