Component: Arm Compiler for Embedded 6.21 Tool: armlink [5ec1fa00]

==============================================================================

Section Cross References

    startup_stm32f103xb.o(STACK) refers (Special) to heapauxi.o(.text) for __use_two_region_memory
    startup_stm32f103xb.o(HEAP) refers (Special) to heapauxi.o(.text) for __use_two_region_memory
    startup_stm32f103xb.o(RESET) refers (Special) to heapauxi.o(.text) for __use_two_region_memory
    startup_stm32f103xb.o(RESET) refers to startup_stm32f103xb.o(STACK) for __initial_sp
    startup_stm32f103xb.o(RESET) refers to startup_stm32f103xb.o(.text) for Reset_Handler
    startup_stm32f103xb.o(RESET) refers to stm32f1xx_it.o(.text.NMI_Handler) for NMI_Handler
    startup_stm32f103xb.o(RESET) refers to stm32f1xx_it.o(.text.HardFault_Handler) for HardFault_Handler
    startup_stm32f103xb.o(RESET) refers to stm32f1xx_it.o(.text.MemManage_Handler) for MemManage_Handler
    startup_stm32f103xb.o(RESET) refers to stm32f1xx_it.o(.text.BusFault_Handler) for BusFault_Handler
    startup_stm32f103xb.o(RESET) refers to stm32f1xx_it.o(.text.UsageFault_Handler) for UsageFault_Handler
    startup_stm32f103xb.o(RESET) refers to stm32f1xx_it.o(.text.SVC_Handler) for SVC_Handler
    startup_stm32f103xb.o(RESET) refers to stm32f1xx_it.o(.text.DebugMon_Handler) for DebugMon_Handler
    startup_stm32f103xb.o(RESET) refers to stm32f1xx_it.o(.text.PendSV_Handler) for PendSV_Handler
    startup_stm32f103xb.o(RESET) refers to stm32f1xx_it.o(.text.SysTick_Handler) for SysTick_Handler
    startup_stm32f103xb.o(RESET) refers to stm32f1xx_it.o(.text.DMA1_Channel1_IRQHandler) for DMA1_Channel1_IRQHandler
    startup_stm32f103xb.o(RESET) refers to stm32f1xx_it.o(.text.DMA1_Channel5_IRQHandler) for DMA1_Channel5_IRQHandler
    startup_stm32f103xb.o(RESET) refers to stm32f1xx_it.o(.text.DMA1_Channel6_IRQHandler) for DMA1_Channel6_IRQHandler
    startup_stm32f103xb.o(RESET) refers to stm32f1xx_it.o(.text.ADC1_2_IRQHandler) for ADC1_2_IRQHandler
    startup_stm32f103xb.o(RESET) refers to stm32f1xx_it.o(.text.TIM1_UP_IRQHandler) for TIM1_UP_IRQHandler
    startup_stm32f103xb.o(RESET) refers to stm32f1xx_it.o(.text.TIM3_IRQHandler) for TIM3_IRQHandler
    startup_stm32f103xb.o(RESET) refers to stm32f1xx_it.o(.text.USART1_IRQHandler) for USART1_IRQHandler
    startup_stm32f103xb.o(RESET) refers to stm32f1xx_it.o(.text.USART2_IRQHandler) for USART2_IRQHandler
    startup_stm32f103xb.o(.text) refers (Special) to heapauxi.o(.text) for __use_two_region_memory
    startup_stm32f103xb.o(.text) refers to system_stm32f1xx.o(.text.SystemInit) for SystemInit
    startup_stm32f103xb.o(.text) refers to __main.o(!!!main) for __main
    startup_stm32f103xb.o(.text) refers to startup_stm32f103xb.o(HEAP) for Heap_Mem
    startup_stm32f103xb.o(.text) refers to startup_stm32f103xb.o(STACK) for Stack_Mem
    main.o(.text.main) refers to stm32f1xx_hal.o(.text.HAL_Init) for HAL_Init
    main.o(.text.main) refers to stm32f1xx_hal_rcc.o(.text.HAL_RCC_OscConfig) for HAL_RCC_OscConfig
    main.o(.text.main) refers to stm32f1xx_hal_rcc.o(.text.HAL_RCC_ClockConfig) for HAL_RCC_ClockConfig
    main.o(.text.main) refers to stm32f1xx_hal_rcc_ex.o(.text.HAL_RCCEx_PeriphCLKConfig) for HAL_RCCEx_PeriphCLKConfig
    main.o(.text.main) refers to gpio.o(.text.MX_GPIO_Init) for MX_GPIO_Init
    main.o(.text.main) refers to dma.o(.text.MX_DMA_Init) for MX_DMA_Init
    main.o(.text.main) refers to usart.o(.text.MX_USART1_UART_Init) for MX_USART1_UART_Init
    main.o(.text.main) refers to adc.o(.text.MX_ADC1_Init) for MX_ADC1_Init
    main.o(.text.main) refers to usart.o(.text.MX_USART2_UART_Init) for MX_USART2_UART_Init
    main.o(.text.main) refers to tim.o(.text.MX_TIM3_Init) for MX_TIM3_Init
    main.o(.text.main) refers to waterflow.o(.text.initWaterFlowComponet) for initWaterFlowComponet
    main.o(.text.main) refers to waterflow.o(.text.LoopWaterFlowComponet) for LoopWaterFlowComponet
    main.o(.ARM.exidx.text.main) refers to main.o(.text.main) for [Anonymous Symbol]
    main.o(.text.SystemClock_Config) refers to stm32f1xx_hal_rcc.o(.text.HAL_RCC_OscConfig) for HAL_RCC_OscConfig
    main.o(.text.SystemClock_Config) refers to stm32f1xx_hal_rcc.o(.text.HAL_RCC_ClockConfig) for HAL_RCC_ClockConfig
    main.o(.text.SystemClock_Config) refers to stm32f1xx_hal_rcc_ex.o(.text.HAL_RCCEx_PeriphCLKConfig) for HAL_RCCEx_PeriphCLKConfig
    main.o(.ARM.exidx.text.SystemClock_Config) refers to main.o(.text.SystemClock_Config) for [Anonymous Symbol]
    main.o(.ARM.exidx.text.Error_Handler) refers to main.o(.text.Error_Handler) for [Anonymous Symbol]
    main.o(.text.HAL_TIM_PeriodElapsedCallback) refers to stm32f1xx_hal.o(.text.HAL_IncTick) for HAL_IncTick
    main.o(.text.HAL_TIM_PeriodElapsedCallback) refers to waterflow.o(.text.hal_tim_timer3_callback) for hal_tim_timer3_callback
[...]
    _get_lc_collate                           - Undefined Weak Reference
    _get_lc_monetary                          - Undefined Weak Reference
    _get_lc_time                              - Undefined Weak Reference
    _getenv_init                              - Undefined Weak Reference
    _handle_redirection                       - Undefined Weak Reference
    _init_alloc                               - Undefined Weak Reference
    _init_user_alloc                          - Undefined Weak Reference
    _initio                                   - Undefined Weak Reference
    _printf_mbtowc                            - Undefined Weak Reference
    _printf_wc                                - Undefined Weak Reference
    _rand_init                                - Undefined Weak Reference
    _signal_finish                            - Undefined Weak Reference
    _signal_init                              - Undefined Weak Reference
    _terminate_alloc                          - Undefined Weak Reference
    _terminate_user_alloc                     - Undefined Weak Reference
    _terminateio                              - Undefined Weak Reference
    __Vectors_Size                           0x000000ec   Number         0  startup_stm32f103xb.o ABSOLUTE
    __Vectors                                0x08000000   Data           4  startup_stm32f103xb.o(RESET)
    __Vectors_End                            0x080000ec   Data           0  startup_stm32f103xb.o(RESET)
    __main                                   0x080000ed   Thumb Code     8  __main.o(!!!main)
    __scatterload                            0x080000f5   Thumb Code     0  __scatter.o(!!!scatter)
    __scatterload_rt2                        0x080000f5   Thumb Code    84  __scatter.o(!!!scatter)
    __scatterload_rt2_thumb_only             0x080000f5   Thumb Code     0  __scatter.o(!!!scatter)
    __scatterload_loop                       0x080000ff   Thumb Code     0  __scatter.o(!!!scatter)
    __scatterload_copy                       0x08000151   Thumb Code    26  __scatter_copy.o(!!handler_copy)
    __scatterload_null                       0x0800016d   Thumb Code     2  __scatter.o(!!handler_null)
    __scatterload_zeroinit                   0x08000171   Thumb Code    28  __scatter_zi.o(!!handler_zi)
    _printf_n                                0x0800018d   Thumb Code     0  _printf_n.o(.ARM.Collect$$_printf_percent$$00000001)
    _printf_percent                          0x0800018d   Thumb Code     0  _printf_percent.o(.ARM.Collect$$_printf_percent$$00000000)
    _printf_p                                0x08000193   Thumb Code     0  _printf_p.o(.ARM.Collect$$_printf_percent$$00000002)
    _printf_f                                0x08000199   Thumb Code     0  _printf_f.o(.ARM.Collect$$_printf_percent$$00000003)
    _printf_e                                0x0800019f   Thumb Code     0  _printf_e.o(.ARM.Collect$$_printf_percent$$00000004)
    _printf_g                                0x080001a5   Thumb Code     0  _printf_g.o(.ARM.Collect$$_printf_percent$$00000005)
    _printf_a                                0x080001ab   Thumb Code     0  _printf_a.o(.ARM.Collect$$_printf_percent$$00000006)
    _printf_ll                               0x080001b1   Thumb Code     0  _printf_ll.o(.ARM.Collect$$_printf_percent$$00000007)
    _printf_i                                0x080001bb   Thumb Code     0  _printf_i.o(.ARM.Collect$$_printf_percent$$00000008)
    _printf_d                                0x080001c1   Thumb Code     0  _printf_d.o(.ARM.Collect$$_printf_percent$$00000009)
    _printf_u                                0x080001c7   Thumb Code     0  _printf_u.o(.ARM.Collect$$_printf_percent$$0000000A)
    _printf_o                                0x080001cd   Thumb Code     0  _printf_o.o(.ARM.Collect$$_printf_percent$$0000000B)
    _printf_x                                0x080001d3   Thumb Code     0  _printf_x.o(.ARM.Collect$$_printf_percent$$0000000C)
    _printf_lli                              0x080001d9   Thumb Code     0  _printf_lli.o(.ARM.Collect$$_printf_percent$$0000000D)
    _printf_lld                              0x080001df   Thumb Code     0  _printf_lld.o(.ARM.Collect$$_printf_percent$$0000000E)
    _printf_llu                              0x080001e5   Thumb Code     0  _printf_llu.o(.ARM.Collect$$_printf_percent$$0000000F)
    _printf_llo                              0x080001eb   Thumb Code     0  _printf_llo.o(.ARM.Collect$$_printf_percent$$00000010)
    _printf_llx                              0x080001f1   Thumb Code     0  _printf_llx.o(.ARM.Collect$$_printf_percent$$00000011)
    _printf_l                                0x080001f7   Thumb Code     0  _printf_l.o(.ARM.Collect$$_printf_percent$$00000012)
    _printf_c                                0x08000201   Thumb Code     0  _printf_c.o(.ARM.Collect$$_printf_percent$$00000013)
    _printf_s                                0x08000207   Thumb Code     0  _printf_s.o(.ARM.Collect$$_printf_percent$$00000014)
    _printf_lc                               0x0800020d   Thumb Code     0  _printf_lc.o(.ARM.Collect$$_printf_percent$$00000015)
    _printf_ls                               0x08000213   Thumb Code     0  _printf_ls.o(.ARM.Collect$$_printf_percent$$00000016)
    _printf_percent_end                      0x08000219   Thumb Code     0  _printf_percent_end.o(.ARM.Collect$$_printf_percent$$00000017)
    __rt_lib_init                            0x0800021d   Thumb Code     0  libinit.o(.ARM.Collect$$libinit$$00000000)
    __rt_lib_init_fp_1                       0x0800021f   Thumb Code     0  libinit2.o(.ARM.Collect$$libinit$$00000002)
    __rt_lib_init_heap_1                     0x0800021f   Thumb Code     0  libinit2.o(.ARM.Collect$$libinit$$0000000C)
    __rt_lib_init_lc_common                  0x0800021f   Thumb Code     0  libinit2.o(.ARM.Collect$$libinit$$00000011)
    __rt_lib_init_preinit_1                  0x0800021f   Thumb Code     0  libinit2.o(.ARM.Collect$$libinit$$00000006)
    __rt_lib_init_rand_1                     0x0800021f   Thumb Code     0  libinit2.o(.ARM.Collect$$libinit$$00000010)
    __rt_lib_init_relocate_pie_1             0x0800021f   Thumb Code     0  libinit2.o(.ARM.Collect$$libinit$$00000004)
    __rt_lib_init_user_alloc_1               0x0800021f   Thumb Code     0  libinit2.o(.ARM.Collect$$libinit$$0000000E)
    __rt_lib_init_lc_collate_1               0x08000225   Thumb Code     0  libinit2.o(.ARM.Collect$$libinit$$00000013)
    __rt_lib_init_lc_ctype_2                 0x08000225   Thumb Code     0  libinit2.o(.ARM.Collect$$libinit$$00000014)
    __rt_lib_init_lc_ctype_1                 0x08000231   Thumb Code     0  libinit2.o(.ARM.Collect$$libinit$$00000015)
    __rt_lib_init_lc_monetary_1              0x08000231   Thumb Code     0  libinit2.o(.ARM.Collect$$libinit$$00000017)
    __rt_lib_init_lc_numeric_2               0x08000231   Thumb Code     0  libinit2.o(.ARM.Collect$$libinit$$00000018)
    __rt_lib_init_alloca_1                   0x0800023b   Thumb Code     0  libinit2.o(.ARM.Collect$$libinit$$00000030)
    __rt_lib_init_argv_1                     0x0800023b   Thumb Code     0  libinit2.o(.ARM.Collect$$libinit$$0000002E)
    __rt_lib_init_atexit_1                   0x0800023b   Thumb Code     0  libinit2.o(.ARM.Collect$$libinit$$0000001D)
    __rt_lib_init_clock_1                    0x0800023b   Thumb Code     0  libinit2.o(.ARM.Collect$$libinit$$00000023)
    __rt_lib_init_cpp_1                      0x0800023b   Thumb Code     0  libinit2.o(.ARM.Collect$$libinit$$00000034)
    __rt_lib_init_exceptions_1               0x0800023b   Thumb Code     0  libinit2.o(.ARM.Collect$$libinit$$00000032)
    __rt_lib_init_fp_trap_1                  0x0800023b   Thumb Code     0  libinit2.o(.ARM.Collect$$libinit$$00000021)
    __rt_lib_init_getenv_1                   0x0800023b   Thumb Code     0  libinit2.o(.ARM.Collect$$libinit$$00000025)
    __rt_lib_init_lc_numeric_1               0x0800023b   Thumb Code     0  libinit2.o(.ARM.Collect$$libinit$$00000019)
    __rt_lib_init_lc_time_1                  0x0800023b   Thumb Code     0  libinit2.o(.ARM.Collect$$libinit$$0000001B)
    __rt_lib_init_return                     0x0800023b   Thumb Code     0  libinit2.o(.ARM.Collect$$libinit$$00000035)
    __rt_lib_init_signal_1                   0x0800023b   Thumb Code     0  libinit2.o(.ARM.Collect$$libinit$$0000001F)
    __rt_lib_init_stdio_1                    0x0800023b   Thumb Code     0  libinit2.o(.ARM.Collect$$libinit$$00000027)
    __rt_lib_shutdown                        0x0800023d   Thumb Code     0  libshutdown.o(.ARM.Collect$$libshutdown$$00000000)
    __rt_lib_shutdown_cpp_1                  0x0800023f   Thumb Code     0  libshutdown2.o(.ARM.Collect$$libshutdown$$00000002)
    __rt_lib_shutdown_fp_trap_1              0x0800023f   Thumb Code     0  libshutdown2.o(.ARM.Collect$$libshutdown$$00000007)
    __rt_lib_shutdown_heap_1                 0x0800023f   Thumb Code     0  libshutdown2.o(.ARM.Collect$$libshutdown$$0000000F)
    __rt_lib_shutdown_return                 0x0800023f   Thumb Code     0  libshutdown2.o(.ARM.Collect$$libshutdown$$00000010)
    __rt_lib_shutdown_signal_1               0x0800023f   Thumb Code     0  libshutdown2.o(.ARM.Collect$$libshutdown$$0000000A)
    __rt_lib_shutdown_stdio_1                0x0800023f   Thumb Code     0  libshutdown2.o(.ARM.Collect$$libshutdown$$00000004)
    __rt_lib_shutdown_user_alloc_1           0x0800023f   Thumb Code     0  libshutdown2.o(.ARM.Collect$$libshutdown$$0000000C)
    __rt_entry                               0x08000241   Thumb Code     0  __rtentry.o(.ARM.Collect$$rtentry$$00000000)
    __rt_entry_presh_1                       0x08000241   Thumb Code     0  __rtentry2.o(.ARM.Collect$$rtentry$$00000002)
    __rt_entry_sh                            0x08000241   Thumb Code     0  __rtentry4.o(.ARM.Collect$$rtentry$$00000004)
    __rt_entry_li                            0x08000247   Thumb Code     0  __rtentry2.o(.ARM.Collect$$rtentry$$0000000A)
    __rt_entry_postsh_1                      0x08000247   Thumb Code     0  __rtentry2.o(.ARM.Collect$$rtentry$$00000009)
    __rt_entry_main                          0x0800024b   Thumb Code     0  __rtentry2.o(.ARM.Collect$$rtentry$$0000000D)
    __rt_entry_postli_1                      0x0800024b   Thumb Code     0  __rtentry2.o(.ARM.Collect$$rtentry$$0000000C)
    __rt_exit                                0x08000253   Thumb Code     0  rtexit.o(.ARM.Collect$$rtexit$$00000000)
    __rt_exit_ls                             0x08000255   Thumb Code     0  rtexit2.o(.ARM.Collect$$rtexit$$00000003)
    __rt_exit_prels_1                        0x08000255   Thumb Code     0  rtexit2.o(.ARM.Collect$$rtexit$$00000002)
    __rt_exit_exit                           0x08000259   Thumb Code     0  rtexit2.o(.ARM.Collect$$rtexit$$00000004)
    Reset_Handler                            0x08000261   Thumb Code     8  startup_stm32f103xb.o(.text)
    CAN1_RX1_IRQHandler                      0x0800027b   Thumb Code     0  startup_stm32f103xb.o(.text)
    CAN1_SCE_IRQHandler                      0x0800027b   Thumb Code     0  startup_stm32f103xb.o(.text)
    DMA1_Channel2_IRQHandler                 0x0800027b   Thumb Code     0  startup_stm32f103xb.o(.text)
    DMA1_Channel3_IRQHandler                 0x0800027b   Thumb Code     0  startup_stm32f103xb.o(.text)
    DMA1_Channel4_IRQHandler                 0x0800027b   Thumb Code     0  startup_stm32f103xb.o(.text)
    DMA1_Channel7_IRQHandler                 0x0800027b   Thumb Code     0  startup_stm32f103xb.o(.text)
    EXTI0_IRQHandler                         0x0800027b   Thumb Code     0  startup_stm32f103xb.o(.text)
    EXTI15_10_IRQHandler                     0x0800027b   Thumb Code     0  startup_stm32f103xb.o(.text)
    EXTI1_IRQHandler                         0x0800027b   Thumb Code     0  startup_stm32f103xb.o(.text)
    EXTI2_IRQHandler                         0x0800027b   Thumb Code     0  startup_stm32f103xb.o(.text)
    EXTI3_IRQHandler                         0x0800027b   Thumb Code     0  startup_stm32f103xb.o(.text)
    EXTI4_IRQHandler                         0x0800027b   Thumb Code     0  startup_stm32f103xb.o(.text)
    EXTI9_5_IRQHandler                       0x0800027b   Thumb Code     0  startup_stm32f103xb.o(.text)
    FLASH_IRQHandler                         0x0800027b   Thumb Code     0  startup_stm32f103xb.o(.text)
    I2C1_ER_IRQHandler                       0x0800027b   Thumb Code     0  startup_stm32f103xb.o(.text)
    I2C1_EV_IRQHandler                       0x0800027b   Thumb Code     0  startup_stm32f103xb.o(.text)
    I2C2_ER_IRQHandler                       0x0800027b   Thumb Code     0  startup_stm32f103xb.o(.text)
    I2C2_EV_IRQHandler                       0x0800027b   Thumb Code     0  startup_stm32f103xb.o(.text)
    PVD_IRQHandler                           0x0800027b   Thumb Code     0  startup_stm32f103xb.o(.text)
    RCC_IRQHandler                           0x0800027b   Thumb Code     0  startup_stm32f103xb.o(.text)
    RTC_Alarm_IRQHandler                     0x0800027b   Thumb Code     0  startup_stm32f103xb.o(.text)
    RTC_IRQHandler                           0x0800027b   Thumb Code     0  startup_stm32f103xb.o(.text)
    SPI1_IRQHandler                          0x0800027b   Thumb Code     0  startup_stm32f103xb.o(.text)
    SPI2_IRQHandler                          0x0800027b   Thumb Code     0  startup_stm32f103xb.o(.text)
    TAMPER_IRQHandler                        0x0800027b   Thumb Code     0  startup_stm32f103xb.o(.text)
    TIM1_BRK_IRQHandler                      0x0800027b   Thumb Code     0  startup_stm32f103xb.o(.text)
    TIM1_CC_IRQHandler                       0x0800027b   Thumb Code     0  startup_stm32f103xb.o(.text)
    TIM1_TRG_COM_IRQHandler                  0x0800027b   Thumb Code     0  startup_stm32f103xb.o(.text)
    TIM2_IRQHandler                          0x0800027b   Thumb Code     0  startup_stm32f103xb.o(.text)
    TIM4_IRQHandler                          0x0800027b   Thumb Code     0  startup_stm32f103xb.o(.text)
    USART3_IRQHandler                        0x0800027b   Thumb Code     0  startup_stm32f103xb.o(.text)
    USBWakeUp_IRQHandler                     0x0800027b   Thumb Code     0  startup_stm32f103xb.o(.text)
    USB_HP_CAN1_TX_IRQHandler                0x0800027b   Thumb Code     0  startup_stm32f103xb.o(.text)
    USB_LP_CAN1_RX0_IRQHandler               0x0800027b   Thumb Code     0  startup_stm32f103xb.o(.text)
    WWDG_IRQHandler                          0x0800027b   Thumb Code     0  startup_stm32f103xb.o(.text)
    __user_initial_stackheap                 0x0800027d   Thumb Code     0  startup_stm32f103xb.o(.text)
    vsnprintf                                0x080002a1   Thumb Code    56  vsnprintf.o(.text)
    __aeabi_memclr                           0x080002dd   Thumb Code     0  rt_memclr.o(.text)
    __rt_memclr                              0x080002dd   Thumb Code     0  rt_memclr.o(.text)
    _memset                                  0x080002e1   Thumb Code    64  rt_memclr.o(.text)
    __aeabi_memclr4                          0x08000321   Thumb Code     0  rt_memclr_w.o(.text)
    __aeabi_memclr8                          0x08000321   Thumb Code     0  rt_memclr_w.o(.text)
    __rt_memclr_w                            0x08000321   Thumb Code     0  rt_memclr_w.o(.text)
    _memset_w                                0x08000325   Thumb Code    74  rt_memclr_w.o(.text)
    strcmp                                   0x08000371   Thumb Code   128  strcmpv7m.o(.text)
    __use_two_region_memory                  0x080003f1   Thumb Code     2  heapauxi.o(.text)
    __rt_heap_escrow$2region                 0x080003f3   Thumb Code     2  heapauxi.o(.text)
    __rt_heap_expand$2region                 0x080003f5   Thumb Code     2  heapauxi.o(.text)
    _printf_pre_padding                      0x080003f7   Thumb Code    44  _printf_pad.o(.text)
    _printf_post_padding                     0x08000423   Thumb Code    34  _printf_pad.o(.text)
    _printf_truncate_signed                  0x08000445   Thumb Code    18  _printf_truncate.o(.text)
    _printf_truncate_unsigned                0x08000457   Thumb Code    18  _printf_truncate.o(.text)
    _printf_str                              0x08000469   Thumb Code    82  _printf_str.o(.text)
    _printf_int_dec                          0x080004bd   Thumb Code   104  _printf_dec.o(.text)
    _printf_charcount                        0x08000535   Thumb Code    40  _printf_charcount.o(.text)
    _printf_char_common                      0x08000567   Thumb Code    32  _printf_char_common.o(.text)
    _snputc                                  0x0800058d   Thumb Code    16  _snputc.o(.text)
    _printf_wctomb                           0x0800059d   Thumb Code   182  _printf_wctomb.o(.text)
    _printf_longlong_dec                     0x08000659   Thumb Code   108  _printf_longlong_dec.o(.text)
    _printf_longlong_oct                     0x080006d5   Thumb Code    68  _printf_oct_int_ll.o(.text)
    _printf_int_oct                          0x08000719   Thumb Code    24  _printf_oct_int_ll.o(.text)
    _printf_ll_oct                           0x08000731   Thumb Code    12  _printf_oct_int_ll.o(.text)
    _printf_longlong_hex                     0x08000745   Thumb Code    86  _printf_hex_int_ll_ptr.o(.text)
    _printf_int_hex                          0x0800079b   Thumb Code    28  _printf_hex_int_ll_ptr.o(.text)
    _printf_ll_hex                           0x080007b7   Thumb Code    12  _printf_hex_int_ll_ptr.o(.text)
    _printf_hex_ptr                          0x080007c3   Thumb Code    18  _printf_hex_int_ll_ptr.o(.text)
    __printf                                 0x080007d9   Thumb Code   388  __printf_flags_ss_wp.o(.text)
    _ll_udiv10                               0x08000961   Thumb Code   138  lludiv10.o(.text)
    _printf_int_common                       0x080009eb   Thumb Code   178  _printf_intcommon.o(.text)
    _printf_fp_dec_real                      0x08000c4d   Thumb Code   620  _printf_fp_dec.o(.text)
    _printf_fp_hex_real                      0x08000eb9   Thumb Code   756  _printf_fp_hex.o(.text)
    _printf_cs_common                        0x080011b5   Thumb Code    20  _printf_char.o(.text)
    _printf_char                             0x080011c9   Thumb Code    16  _printf_char.o(.text)
    _printf_string                           0x080011d9   Thumb Code     8  _printf_char.o(.text)
    _printf_lcs_common                       0x080011e1   Thumb Code    20  _printf_wchar.o(.text)
    _printf_wchar                            0x080011f5   Thumb Code    16  _printf_wchar.o(.text)
    _printf_wstring                          0x08001205   Thumb Code     8  _printf_wchar.o(.text)
    _c16rtomb                                0x0800120d   Thumb Code    72  _c16rtomb.o(.text)
    _wcrtomb                                 0x0800120d   Thumb Code     0  _c16rtomb.o(.text)
    __user_setup_stackheap                   0x08001255   Thumb Code    74  sys_stackheap_outer.o(.text)
    __rt_ctype_table                         0x080012a1   Thumb Code    16  rt_ctype_table.o(.text)
    __rt_locale                              0x080012b1   Thumb Code     8  rt_locale_intlibspace.o(.text)
    _printf_fp_infnan                        0x080012b9   Thumb Code   112  _printf_fp_infnan.o(.text)
    _btod_etento                             0x08001339   Thumb Code   224  bigflt0.o(.text)
    exit                                     0x0800141d   Thumb Code    18  exit.o(.text)
    __user_libspace                          0x08001431   Thumb Code     8  libspace.o(.text)
    __user_perproc_libspace                  0x08001431   Thumb Code     0  libspace.o(.text)
    __user_perthread_libspace                0x08001431   Thumb Code     0  libspace.o(.text)
    _sys_exit                                0x08001439   Thumb Code     8  sys_exit.o(.text)
    __I$use$semihosting                      0x08001445   Thumb Code     0  use_no_semi.o(.text)
    __use_no_semihosting_swi                 0x08001445   Thumb Code     2  use_no_semi.o(.text)
    __semihosting_library_function           0x08001447   Thumb Code     0  indicate_semi.o(.text)
    ADC1_2_IRQHandler                        0x08001449   Thumb Code    12  stm32f1xx_it.o(.text.ADC1_2_IRQHandler)
    ADC_ConversionStop_Disable               0x08001455   Thumb Code    84  stm32f1xx_hal_adc.o(.text.ADC_ConversionStop_Disable)
    ADC_DMAConvCplt                          0x080014a9   Thumb Code    82  stm32f1xx_hal_adc.o(.text.ADC_DMAConvCplt)
    ADC_DMAError                             0x080014fd   Thumb Code    22  stm32f1xx_hal_adc.o(.text.ADC_DMAError)
    ADC_DMAHalfConvCplt                      0x08001515   Thumb Code     6  stm32f1xx_hal_adc.o(.text.ADC_DMAHalfConvCplt)
    ADC_Enable                               0x0800151d   Thumb Code   174  stm32f1xx_hal_adc.o(.text.ADC_Enable)
    BusFault_Handler                         0x080015cd   Thumb Code     2  stm32f1xx_it.o(.text.BusFault_Handler)
    DMA1_Channel1_IRQHandler                 0x080015d1   Thumb Code    12  stm32f1xx_it.o(.text.DMA1_Channel1_IRQHandler)
    DMA1_Channel5_IRQHandler                 0x080015dd   Thumb Code    12  stm32f1xx_it.o(.text.DMA1_Channel5_IRQHandler)
    DMA1_Channel6_IRQHandler                 0x080015e9   Thumb Code    12  stm32f1xx_it.o(.text.DMA1_Channel6_IRQHandler)
    DebugMon_Handler                         0x080015f5   Thumb Code     2  stm32f1xx_it.o(.text.DebugMon_Handler)
    Error_Handler                            0x080015f9   Thumb Code    10  main.o(.text.Error_Handler)
    HAL_ADCEx_Calibration_Start              0x08001605   Thumb Code   272  stm32f1xx_hal_adc_ex.o(.text.HAL_ADCEx_Calibration_Start)
    HAL_ADCEx_InjectedConvCpltCallback       0x08001715   Thumb Code     2  stm32f1xx_hal_adc_ex.o(.text.HAL_ADCEx_InjectedConvCpltCallback)
    HAL_ADC_ConfigChannel                    0x08001719   Thumb Code   374  stm32f1xx_hal_adc.o(.text.HAL_ADC_ConfigChannel)
    HAL_ADC_ConvCpltCallback                 0x08001891   Thumb Code     2  stm32f1xx_hal_adc.o(.text.HAL_ADC_ConvCpltCallback)
    HAL_ADC_ConvHalfCpltCallback             0x08001895   Thumb Code     2  stm32f1xx_hal_adc.o(.text.HAL_ADC_ConvHalfCpltCallback)
    HAL_ADC_ErrorCallback                    0x08001899   Thumb Code     2  stm32f1xx_hal_adc.o(.text.HAL_ADC_ErrorCallback)
    HAL_ADC_IRQHandler                       0x0800189d   Thumb Code   238  stm32f1xx_hal_adc.o(.text.HAL_ADC_IRQHandler)
    HAL_ADC_Init                             0x0800198d   Thumb Code   352  stm32f1xx_hal_adc.o(.text.HAL_ADC_Init)
    HAL_ADC_LevelOutOfWindowCallback         0x08001aed   Thumb Code     2  stm32f1xx_hal_adc.o(.text.HAL_ADC_LevelOutOfWindowCallback)
    HAL_ADC_MspInit                          0x08001af1   Thumb Code   176  adc.o(.text.HAL_ADC_MspInit)
    HAL_ADC_Start_DMA                        0x08001ba1   Thumb Code   284  stm32f1xx_hal_adc.o(.text.HAL_ADC_Start_DMA)
    HAL_DMA_Abort                            0x08001cbd   Thumb Code    70  stm32f1xx_hal_dma.o(.text.HAL_DMA_Abort)
    HAL_DMA_Abort_IT                         0x08001d05   Thumb Code   180  stm32f1xx_hal_dma.o(.text.HAL_DMA_Abort_IT)
    HAL_DMA_IRQHandler                       0x08001db9   Thumb Code   416  stm32f1xx_hal_dma.o(.text.HAL_DMA_IRQHandler)
    HAL_DMA_Init                             0x08001f59   Thumb Code   134  stm32f1xx_hal_dma.o(.text.HAL_DMA_Init)
    HAL_DMA_Start_IT                         0x08001fe1   Thumb Code   160  stm32f1xx_hal_dma.o(.text.HAL_DMA_Start_IT)
    HAL_Delay                                0x08002081   Thumb Code    40  stm32f1xx_hal.o(.text.HAL_Delay)
    HAL_GPIO_Init                            0x080020a9   Thumb Code   526  stm32f1xx_hal_gpio.o(.text.HAL_GPIO_Init)
    HAL_GPIO_TogglePin                       0x080022b9   Thumb Code    16  stm32f1xx_hal_gpio.o(.text.HAL_GPIO_TogglePin)
    HAL_GPIO_WritePin                        0x080022c9   Thumb Code    10  stm32f1xx_hal_gpio.o(.text.HAL_GPIO_WritePin)
    HAL_GetTick                              0x080022d5   Thumb Code    12  stm32f1xx_hal.o(.text.HAL_GetTick)
    HAL_IncTick                              0x080022e1   Thumb Code    26  stm32f1xx_hal.o(.text.HAL_IncTick)
    HAL_Init                                 0x080022fd   Thumb Code    38  stm32f1xx_hal.o(.text.HAL_Init)
    HAL_InitTick                             0x08002325   Thumb Code   176  stm32f1xx_hal_timebase_tim.o(.text.HAL_InitTick)
    HAL_MspInit                              0x080023d5   Thumb Code    66  stm32f1xx_hal_msp.o(.text.HAL_MspInit)
    HAL_NVIC_EnableIRQ                       0x08002419   Thumb Code    34  stm32f1xx_hal_cortex.o(.text.HAL_NVIC_EnableIRQ)
    HAL_NVIC_SetPriority                     0x0800243d   Thumb Code    86  stm32f1xx_hal_cortex.o(.text.HAL_NVIC_SetPriority)
    HAL_NVIC_SetPriorityGrouping             0x08002495   Thumb Code    32  stm32f1xx_hal_cortex.o(.text.HAL_NVIC_SetPriorityGrouping)
    HAL_RCCEx_GetPeriphCLKFreq               0x080024b5   Thumb Code   228  stm32f1xx_hal_rcc_ex.o(.text.HAL_RCCEx_GetPeriphCLKFreq)
    HAL_RCCEx_PeriphCLKConfig                0x080025ad   Thumb Code   258  stm32f1xx_hal_rcc_ex.o(.text.HAL_RCCEx_PeriphCLKConfig)
    HAL_RCC_ClockConfig                      0x080026b1   Thumb Code   450  stm32f1xx_hal_rcc.o(.text.HAL_RCC_ClockConfig)
    HAL_RCC_GetClockConfig                   0x08002875   Thumb Code    66  stm32f1xx_hal_rcc.o(.text.HAL_RCC_GetClockConfig)
    HAL_RCC_GetPCLK1Freq                     0x080028b9   Thumb Code    38  stm32f1xx_hal_rcc.o(.text.HAL_RCC_GetPCLK1Freq)
    HAL_RCC_GetPCLK2Freq                     0x080028e1   Thumb Code    38  stm32f1xx_hal_rcc.o(.text.HAL_RCC_GetPCLK2Freq)
    HAL_RCC_OscConfig                        0x08002909   Thumb Code  1024  stm32f1xx_hal_rcc.o(.text.HAL_RCC_OscConfig)
    HAL_TIMEx_BreakCallback                  0x08002d09   Thumb Code     2  stm32f1xx_hal_tim_ex.o(.text.HAL_TIMEx_BreakCallback)
    HAL_TIMEx_CommutCallback                 0x08002d0d   Thumb Code     2  stm32f1xx_hal_tim_ex.o(.text.HAL_TIMEx_CommutCallback)
    HAL_TIMEx_MasterConfigSynchronization    0x08002d11   Thumb Code   126  stm32f1xx_hal_tim_ex.o(.text.HAL_TIMEx_MasterConfigSynchronization)
    HAL_TIM_Base_Init                        0x08002d91   Thumb Code   236  stm32f1xx_hal_tim.o(.text.HAL_TIM_Base_Init)
    HAL_TIM_Base_MspInit                     0x08002e7d   Thumb Code    68  tim.o(.text.HAL_TIM_Base_MspInit)
    HAL_TIM_Base_Start_IT                    0x08002ec1   Thumb Code   110  stm32f1xx_hal_tim.o(.text.HAL_TIM_Base_Start_IT)
    HAL_TIM_ConfigClockSource                0x08002f31   Thumb Code   416  stm32f1xx_hal_tim.o(.text.HAL_TIM_ConfigClockSource)
    HAL_TIM_IC_CaptureCallback               0x080030d1   Thumb Code     2  stm32f1xx_hal_tim.o(.text.HAL_TIM_IC_CaptureCallback)
    HAL_TIM_IRQHandler                       0x080030d5   Thumb Code   368  stm32f1xx_hal_tim.o(.text.HAL_TIM_IRQHandler)
    HAL_TIM_OC_DelayElapsedCallback          0x08003245   Thumb Code     2  stm32f1xx_hal_tim.o(.text.HAL_TIM_OC_DelayElapsedCallback)
    HAL_TIM_PWM_PulseFinishedCallback        0x08003249   Thumb Code     2  stm32f1xx_hal_tim.o(.text.HAL_TIM_PWM_PulseFinishedCallback)
    HAL_TIM_PeriodElapsedCallback            0x0800324d   Thumb Code    42  main.o(.text.HAL_TIM_PeriodElapsedCallback)
    HAL_TIM_TriggerCallback                  0x08003279   Thumb Code     2  stm32f1xx_hal_tim.o(.text.HAL_TIM_TriggerCallback)
    HAL_UARTEx_RxEventCallback               0x0800327d   Thumb Code     2  stm32f1xx_hal_uart.o(.text.HAL_UARTEx_RxEventCallback)
    HAL_UART_DMAStop                         0x08003281   Thumb Code   540  stm32f1xx_hal_uart.o(.text.HAL_UART_DMAStop)
    HAL_UART_ErrorCallback                   0x0800349d   Thumb Code     2  revdatainfo.o(.text.HAL_UART_ErrorCallback)
    HAL_UART_IRQHandler                      0x080034a1   Thumb Code  1392  stm32f1xx_hal_uart.o(.text.HAL_UART_IRQHandler)
    HAL_UART_Init                            0x08003a11   Thumb Code   226  stm32f1xx_hal_uart.o(.text.HAL_UART_Init)
    HAL_UART_MspInit                         0x08003af5   Thumb Code   376  usart.o(.text.HAL_UART_MspInit)
    HAL_UART_Receive_DMA                     0x08003c6d   Thumb Code   352  stm32f1xx_hal_uart.o(.text.HAL_UART_Receive_DMA)
    HAL_UART_Receive_IT                      0x08003dcd   Thumb Code    84  stm32f1xx_hal_uart.o(.text.HAL_UART_Receive_IT)
    HAL_UART_RxCpltCallback                  0x08003e21   Thumb Code     2  stm32f1xx_hal_uart.o(.text.HAL_UART_RxCpltCallback)
    HAL_UART_RxHalfCpltCallback              0x08003e25   Thumb Code     2  stm32f1xx_hal_uart.o(.text.HAL_UART_RxHalfCpltCallback)
    HAL_UART_Transmit                        0x08003e29   Thumb Code   632  stm32f1xx_hal_uart.o(.text.HAL_UART_Transmit)
    HAL_UART_TxCpltCallback                  0x080040a1   Thumb Code     2  stm32f1xx_hal_uart.o(.text.HAL_UART_TxCpltCallback)
    HardFault_Handler                        0x080040a5   Thumb Code     2  stm32f1xx_it.o(.text.HardFault_Handler)
    LoopWaterFlowComponet                    0x080040a9   Thumb Code   136  waterflow.o(.text.LoopWaterFlowComponet)
    MX_ADC1_Init                             0x0800415d   Thumb Code   122  adc.o(.text.MX_ADC1_Init)
    MX_DMA_Init                              0x080041d9   Thumb Code    84  dma.o(.text.MX_DMA_Init)
    MX_GPIO_Init                             0x0800422d   Thumb Code   138  gpio.o(.text.MX_GPIO_Init)
    MX_TIM3_Init                             0x080042b9   Thumb Code   118  tim.o(.text.MX_TIM3_Init)
    MX_USART1_UART_Init                      0x08004331   Thumb Code    60  usart.o(.text.MX_USART1_UART_Init)
    MX_USART2_UART_Init                      0x0800436d   Thumb Code    60  usart.o(.text.MX_USART2_UART_Init)
    MemManage_Handler                        0x080043a9   Thumb Code     2  stm32f1xx_it.o(.text.MemManage_Handler)
    NMI_Handler                              0x080043ad   Thumb Code     2  stm32f1xx_it.o(.text.NMI_Handler)
    PendSV_Handler                           0x080043b1   Thumb Code     2  stm32f1xx_it.o(.text.PendSV_Handler)
    Rs485RevData                             0x080043b5   Thumb Code    28  waterflow.o(.text.Rs485RevData)
    SVC_Handler                              0x080043d1   Thumb Code     2  stm32f1xx_it.o(.text.SVC_Handler)
    SysTick_Handler                          0x080043d5   Thumb Code     2  stm32f1xx_it.o(.text.SysTick_Handler)
    SystemInit                               0x080043d9   Thumb Code     2  system_stm32f1xx.o(.text.SystemInit)
    TIM1_UP_IRQHandler                       0x080043dd   Thumb Code    12  stm32f1xx_it.o(.text.TIM1_UP_IRQHandler)
    TIM3_IRQHandler                          0x080043e9   Thumb Code    12  stm32f1xx_it.o(.text.TIM3_IRQHandler)
    USART1_IRQHandler                        0x080047f5   Thumb Code    26  stm32f1xx_it.o(.text.USART1_IRQHandler)
    USART2_IRQHandler                        0x08004811   Thumb Code    26  stm32f1xx_it.o(.text.USART2_IRQHandler)
    UsageFault_Handler                       0x0800482d   Thumb Code     2  stm32f1xx_it.o(.text.UsageFault_Handler)
    UsartReceive_IDLE                        0x08004831   Thumb Code   216  revdatainfo.o(.text.UsartReceive_IDLE)
    checkWaterFlow                           0x08004909   Thumb Code   298  waterflow.o(.text.checkWaterFlow)
    componeSendData                          0x08004a35   Thumb Code   352  waterflow.o(.text.componeSendData)
    createFifoRev                            0x08004b95   Thumb Code   142  revdatainfo.o(.text.createFifoRev)
    hal_tim_timer3_callback                  0x08004c25   Thumb Code     4  waterflow.o(.text.hal_tim_timer3_callback)
    initShellusart                           0x08004c29   Thumb Code    22  shellusart.o(.text.initShellusart)
    initWaterFlowComponet                    0x08004c41   Thumb Code   108  waterflow.o(.text.initWaterFlowComponet)
    main                                     0x08004cad   Thumb Code   166  main.o(.text.main)
    setDebugLog                              0x08004d55   Thumb Code    14  waterflow.o(.text.setDebugLog)
    shellAnsi                                0x08004d65   Thumb Code   168  shell.o(.text.shellAnsi)
    shellClear                               0x08004f29   Thumb Code   146  shell.o(.text.shellClear)
    shellExtParsePara                        0x080055b5   Thumb Code   608  shell_ext.o(.text.shellExtParsePara)
    shellExtRun                              0x0800582d   Thumb Code   440  shell_ext.o(.text.shellExtRun)
    shellHandler                             0x080059e5   Thumb Code   856  shell.o(.text.shellHandler)
    shellHelp                                0x08005d3d   Thumb Code   704  shell.o(.text.shellHelp)
    shellInit                                0x08006159   Thumb Code   196  shell.o(.text.shellInit)
    shellPrint                               0x08006229   Thumb Code    74  shell.o(.text.shellPrint)
    shellRevData                             0x08006275   Thumb Code    40  shellusart.o(.text.shellRevData)
    shellWriteDebug                          0x080065d1   Thumb Code    32  shellusart.o(.text.shellWriteDebug)
    _btod_d2e                                0x080065f1   Thumb Code    62  btod.o(CL$$btod_d2e)
    _d2e_denorm_low                          0x0800662f   Thumb Code    70  btod.o(CL$$btod_d2e_denorm_low)
    _d2e_norm_op1                            0x08006675   Thumb Code    96  btod.o(CL$$btod_d2e_norm_op1)
    __btod_div_common                        0x080066d5   Thumb Code   696  btod.o(CL$$btod_div_common)
    _e2e                                     0x08006a0d   Thumb Code   220  btod.o(CL$$btod_e2e)
    _btod_ediv                               0x08006ae9   Thumb Code    42  btod.o(CL$$btod_ediv)
    _btod_emul                               0x08006b13   Thumb Code    42  btod.o(CL$$btod_emul)
    __btod_mult_common                       0x08006b3d   Thumb Code   580  btod.o(CL$$btod_mult_common)
    __ARM_fpclassify                         0x08006d81   Thumb Code    40  fpclassify.o(i.__ARM_fpclassify)
    _is_digit                                0x08006da9   Thumb Code    14  __printf_wp.o(i._is_digit)
    _get_lc_numeric                          0x08006db9   Thumb Code    44  lc_numeric_c.o(locale$$code)
    _get_lc_ctype                            0x08006de5   Thumb Code    44  lc_ctype_c.o(locale$$code)
    __aeabi_d2f                              0x08006e11   Thumb Code     0  d2f.o(x$fpl$d2f)
    _d2f                                     0x08006e11   Thumb Code    98  d2f.o(x$fpl$d2f)
    __aeabi_ddiv                             0x08006e75   Thumb Code     0  ddiv.o(x$fpl$ddiv)
    _ddiv                                    0x08006e75   Thumb Code   556  ddiv.o(x$fpl$ddiv)
    __aeabi_i2d                              0x08007129   Thumb Code     0  dflt_clz.o(x$fpl$dflt)
    _dflt                                    0x08007129   Thumb Code    46  dflt_clz.o(x$fpl$dflt)
    __fpl_dnaninf                            0x08007157   Thumb Code   156  dnaninf.o(x$fpl$dnaninf)
    __fpl_dretinf                            0x080071f3   Thumb Code    12  dretinf.o(x$fpl$dretinf)
    __aeabi_f2d                              0x08007201   Thumb Code     0  f2d.o(x$fpl$f2d)
    _f2d                                     0x08007201   Thumb Code    86  f2d.o(x$fpl$f2d)
    __aeabi_fcmpeq                           0x08007257   Thumb Code     0  fcmp.o(x$fpl$fcmp)
    _feq                                     0x08007257   Thumb Code    14  fcmp.o(x$fpl$fcmp)
    _fneq                                    0x08007265   Thumb Code    14  fcmp.o(x$fpl$fcmp)
    __aeabi_fcmpgt                           0x08007273   Thumb Code     0  fcmp.o(x$fpl$fcmp)
    _fgr                                     0x08007273   Thumb Code    14  fcmp.o(x$fpl$fcmp)
    __aeabi_fcmpge                           0x08007281   Thumb Code     0  fcmp.o(x$fpl$fcmp)
    _fgeq                                    0x08007281   Thumb Code    14  fcmp.o(x$fpl$fcmp)
    __aeabi_fcmple                           0x0800728f   Thumb Code     0  fcmp.o(x$fpl$fcmp)
    _fleq                                    0x0800728f   Thumb Code    14  fcmp.o(x$fpl$fcmp)
    __aeabi_fcmplt                           0x0800729d   Thumb Code     0  fcmp.o(x$fpl$fcmp)
    _fls                                     0x0800729d   Thumb Code    14  fcmp.o(x$fpl$fcmp)
    __fpl_fcmp_Inf                           0x080072ab   Thumb Code    24  fcmpi.o(x$fpl$fcmpinf)
    __aeabi_fdiv                             0x080072c5   Thumb Code     0  fdiv.o(x$fpl$fdiv)
    _fdiv                                    0x080072c5   Thumb Code   384  fdiv.o(x$fpl$fdiv)
    __aeabi_cfcmpeq                          0x08007449   Thumb Code     0  feqf.o(x$fpl$feqf)
    _fcmpeq                                  0x08007449   Thumb Code   104  feqf.o(x$fpl$feqf)
    __aeabi_f2uiz                            0x080074b1   Thumb Code     0  ffixu.o(x$fpl$ffixu)
    _ffixu                                   0x080074b1   Thumb Code    62  ffixu.o(x$fpl$ffixu)
    __aeabi_i2f                              0x080074f1   Thumb Code     0  fflt_clz.o(x$fpl$fflt)
    _fflt                                    0x080074f1   Thumb Code    48  fflt_clz.o(x$fpl$fflt)
    __aeabi_ui2f                             0x08007521   Thumb Code     0  fflt_clz.o(x$fpl$ffltu)
    _ffltu                                   0x08007521   Thumb Code    38  fflt_clz.o(x$fpl$ffltu)
    _fcmpge                                  0x08007549   Thumb Code   104  fgeqf.o(x$fpl$fgeqf)
    __aeabi_cfcmple                          0x080075b1   Thumb Code     0  fleqf.o(x$fpl$fleqf)
    _fcmple                                  0x080075b1   Thumb Code   104  fleqf.o(x$fpl$fleqf)
    __fpl_fcmple_InfNaN                      0x08007603   Thumb Code     0  fleqf.o(x$fpl$fleqf)
    __aeabi_fmul                             0x08007619   Thumb Code     0  fmul.o(x$fpl$fmul)
    _fmul                                    0x08007619   Thumb Code   258  fmul.o(x$fpl$fmul)
    __fpl_fnaninf                            0x0800771b   Thumb Code   140  fnaninf.o(x$fpl$fnaninf)
    __fpl_fretinf                            0x080077a7   Thumb Code    10  fretinf.o(x$fpl$fretinf)
    _printf_fp_dec                           0x080077b1   Thumb Code     4  printf1.o(x$fpl$printf1)
    _printf_fp_hex                           0x080077b5   Thumb Code     4  printf2.o(x$fpl$printf2)
    __I$use$fp                               0x080077b8   Number         0  usenofp.o(x$fpl$usenofp)
    AHBPrescTable                            0x080078b4   Data          16  system_stm32f1xx.o(.rodata.AHBPrescTable)
    APBPrescTable                            0x080078c4   Data           8  system_stm32f1xx.o(.rodata.APBPrescTable)
    shellCmdcls                              0x080078de   Data           4  shell.o(.rodata.shellCmdcls)
    shellCmddebuglog                         0x080078e2   Data           9  waterflow.o(.rodata.shellCmddebuglog)
    shellCmdhelp                             0x080078eb   Data           5  shell.o(.rodata.shellCmdhelp)
    shellDesccls                             0x080078f0   Data          19  shell.o(.rodata.shellDesccls)
    shellDescdebuglog                        0x08007903   Data          36  waterflow.o(.rodata.shellDescdebuglog)
    shellDeschelp                            0x08007927   Data          13  shell.o(.rodata.shellDeschelp)
    shellHelphelp                            0x08007934   Data          43  shell.o(.rodata.shellHelphelp)
    Region$$Table$$Base                      0x08007a98   Number         0  anon$$obj.o(Region$$Table)
    Region$$Table$$Limit                     0x08007ab8   Number         0  anon$$obj.o(Region$$Table)
    __ctype                                  0x08007ae1   Data           0  lc_ctype_c.o(locale$$data)
    shellCommand$$Base                       0x08007be4   Number         0  waterflow.o(shellCommand)
    shellCommanddebuglog                     0x08007be4   Data          16  waterflow.o(shellCommand)
    shellCommandhelp                         0x08007bf4   Data          16  shell.o(shellCommand)
    shellCommandcls                          0x08007c04   Data          16  shell.o(shellCommand)
    shellCommand$$Limit                      0x08007c14   Number         0  shell.o(shellCommand)
    uwTickFreq                               0x20000000   Data           1  stm32f1xx_hal.o(.data..L_MergedGlobals)
    uwTickPrio                               0x20000004   Data           4  stm32f1xx_hal.o(.data..L_MergedGlobals)
    SystemCoreClock                          0x20000008   Data           4  system_stm32f1xx.o(.data.SystemCoreClock)
    __libspace_start                         0x20000010   Data          96  libspace.o(.bss)
    __temporary_stack_top$libspace           0x20000070   Data           0  libspace.o(.bss)
    adc_buffer                               0x20000080   Data           4  waterflow.o(.bss..L_MergedGlobals)
    debug_log                                0x20000098   Data           4  waterflow.o(.bss..L_MergedGlobals)
    debug_period                             0x2000009c   Data           4  waterflow.o(.bss..L_MergedGlobals)
    hadc1                                    0x200000a4   Data          48  adc.o(.bss.hadc1)
    hdma_adc1                                0x200000d4   Data          68  adc.o(.bss.hdma_adc1)
    hdma_usart1_rx                           0x20000118   Data          68  usart.o(.bss.hdma_usart1_rx)
    hdma_usart2_rx                           0x2000015c   Data          68  usart.o(.bss.hdma_usart2_rx)
    htim1                                    0x200001a0   Data          72  stm32f1xx_hal_timebase_tim.o(.bss.htim1)
    htim3                                    0x200001e8   Data          72  tim.o(.bss.htim3)
    huart1                                   0x20000230   Data          72  usart.o(.bss.huart1)
    huart2                                   0x20000278   Data          72  usart.o(.bss.huart2)
    shell                                    0x2000093c   Data         376  shellusart.o(.bss.shell)
    uwTick                                   0x20000ac8   Data           4  stm32f1xx_hal.o(.bss.uwTick)



==============================================================================

Memory Map of the image

  Image Entry point : 0x080000ed

  Load Region LR_IROM1 (Base: 0x08000000, Size: 0x00007c28, Max: 0x00010000, ABSOLUTE)

    Execution Region ER_IROM1 (Exec base: 0x08000000, Load base: 0x08000000, Size: 0x00007c14, Max: 0x00010000, ABSOLUTE)

    Exec Addr    Load Addr    Size         Type   Attr      Idx    E Section Name        Object

    0x08000000   0x08000000   0x000000ec   Data   RO            3    RESET               startup_stm32f103xb.o
    0x080000ec   0x080000ec   0x00000008   Code   RO         1208  * !!!main             c_w.l(__main.o)
    0x080000f4   0x080000f4   0x0000005c   Code   RO         1593    !!!scatter          c_w.l(__scatter.o)
    0x08000150   0x08000150   0x0000001a   Code   RO         1597    !!handler_copy      c_w.l(__scatter_copy.o)
    0x0800016a   0x0800016a   0x00000002   PAD
    0x0800016c   0x0800016c   0x00000002   Code   RO         1594    !!handler_null      c_w.l(__scatter.o)
    0x0800016e   0x0800016e   0x00000002   PAD
    0x08000170   0x08000170   0x0000001c   Code   RO         1599    !!handler_zi        c_w.l(__scatter_zi.o)
    0x0800018c   0x0800018c   0x00000000   Code   RO         1324    .ARM.Collect$$_printf_percent$$00000000  c_w.l(_printf_percent.o)
    0x0800018c   0x0800018c   0x00000006   Code   RO         1313    .ARM.Collect$$_printf_percent$$00000001  c_w.l(_printf_n.o)
    0x08000192   0x08000192   0x00000006   Code   RO         1315    .ARM.Collect$$_printf_percent$$00000002  c_w.l(_printf_p.o)
    0x08000198   0x08000198   0x00000006   Code   RO         1320    .ARM.Collect$$_printf_percent$$00000003  c_w.l(_printf_f.o)
    0x0800019e   0x0800019e   0x00000006   Code   RO         1321    .ARM.Collect$$_printf_percent$$00000004  c_w.l(_printf_e.o)
    0x080001a4   0x080001a4   0x00000006   Code   RO         1322    .ARM.Collect$$_printf_percent$$00000005  c_w.l(_printf_g.o)
    0x080001aa   0x080001aa   0x00000006   Code   RO         1323    .ARM.Collect$$_printf_percent$$00000006  c_w.l(_printf_a.o)
    0x080001b0   0x080001b0   0x0000000a   Code   RO         1328    .ARM.Collect$$_printf_percent$$00000007  c_w.l(_printf_ll.o)
    0x080001ba   0x080001ba   0x00000006   Code   RO         1317    .ARM.Collect$$_printf_percent$$00000008  c_w.l(_printf_i.o)
    0x080001c0   0x080001c0   0x00000006   Code   RO         1318    .ARM.Collect$$_printf_percent$$00000009  c_w.l(_printf_d.o)
    0x080001c6   0x080001c6   0x00000006   Code   RO         1319    .ARM.Collect$$_printf_percent$$0000000A  c_w.l(_printf_u.o)
    0x080001cc   0x080001cc   0x00000006   Code   RO         1316    .ARM.Collect$$_printf_percent$$0000000B  c_w.l(_printf_o.o)
    0x080001d2   0x080001d2   0x00000006   Code   RO         1314    .ARM.Collect$$_printf_percent$$0000000C  c_w.l(_printf_x.o)
    0x080001d8   0x080001d8   0x00000006   Code   RO         1325    .ARM.Collect$$_printf_percent$$0000000D  c_w.l(_printf_lli.o)
    0x080001de   0x080001de   0x00000006   Code   RO         1326    .ARM.Collect$$_printf_percent$$0000000E  c_w.l(_printf_lld.o)
    0x080001e4   0x080001e4   0x00000006   Code   RO         1327    .ARM.Collect$$_printf_percent$$0000000F  c_w.l(_printf_llu.o)
    0x080001ea   0x080001ea   0x00000006   Code   RO         1332    .ARM.Collect$$_printf_percent$$00000010  c_w.l(_printf_llo.o)
    0x080001f0   0x080001f0   0x00000006   Code   RO         1333    .ARM.Collect$$_printf_percent$$00000011  c_w.l(_printf_llx.o)
    0x080001f6   0x080001f6   0x0000000a   Code   RO         1329    .ARM.Collect$$_printf_percent$$00000012  c_w.l(_printf_l.o)
    0x08000200   0x08000200   0x00000006   Code   RO         1311    .ARM.Collect$$_printf_percent$$00000013  c_w.l(_printf_c.o)
    0x08000206   0x08000206   0x00000006   Code   RO         1312    .ARM.Collect$$_printf_percent$$00000014  c_w.l(_printf_s.o)
    0x0800020c   0x0800020c   0x00000006   Code   RO         1330    .ARM.Collect$$_printf_percent$$00000015  c_w.l(_printf_lc.o)
    0x08000212   0x08000212   0x00000006   Code   RO         1331    .ARM.Collect$$_printf_percent$$00000016  c_w.l(_printf_ls.o)
    0x08000218   0x08000218   0x00000004   Code   RO         1391    .ARM.Collect$$_printf_percent$$00000017  c_w.l(_printf_percent_end.o)
    0x0800021c   0x0800021c   0x00000002   Code   RO         1444    .ARM.Collect$$libinit$$00000000  c_w.l(libinit.o)
    0x0800021e   0x0800021e   0x00000000   Code   RO         1460    .ARM.Collect$$libinit$$00000002  c_w.l(libinit2.o)
    0x0800021e   0x0800021e   0x00000000   Code   RO         1462    .ARM.Collect$$libinit$$00000004  c_w.l(libinit2.o)
    0x0800021e   0x0800021e   0x00000000   Code   RO         1464    .ARM.Collect$$libinit$$00000006  c_w.l(libinit2.o)
    0x0800021e   0x0800021e   0x00000000   Code   RO         1467    .ARM.Collect$$libinit$$0000000C  c_w.l(libinit2.o)
    0x0800021e   0x0800021e   0x00000000   Code   RO         1469    .ARM.Collect$$libinit$$0000000E  c_w.l(libinit2.o)
    0x0800021e   0x0800021e   0x00000000   Code   RO         1471    .ARM.Collect$$libinit$$00000010  c_w.l(libinit2.o)
    0x0800021e   0x0800021e   0x00000006   Code   RO         1472    .ARM.Collect$$libinit$$00000011  c_w.l(libinit2.o)
    0x08000224   0x08000224   0x00000000   Code   RO         1474    .ARM.Collect$$libinit$$00000013  c_w.l(libinit2.o)
    0x08000224   0x08000224   0x0000000c   Code   RO         1475    .ARM.Collect$$libinit$$00000014  c_w.l(libinit2.o)
    0x08000230   0x08000230   0x00000000   Code   RO         1476    .ARM.Collect$$libinit$$00000015  c_w.l(libinit2.o)
    0x08000230   0x08000230   0x00000000   Code   RO         1478    .ARM.Collect$$libinit$$00000017  c_w.l(libinit2.o)
    0x08000230   0x08000230   0x0000000a   Code   RO         1479    .ARM.Collect$$libinit$$00000018  c_w.l(libinit2.o)
    0x0800023a   0x0800023a   0x00000000   Code   RO         1480    .ARM.Collect$$libinit$$00000019  c_w.l(libinit2.o)
    0x0800023a   0x0800023a   0x00000000   Code   RO         1482    .ARM.Collect$$libinit$$0000001B  c_w.l(libinit2.o)
    0x0800023a   0x0800023a   0x00000000   Code   RO         1484    .ARM.Collect$$libinit$$0000001D  c_w.l(libinit2.o)
    0x0800023a   0x0800023a   0x00000000   Code   RO         1486    .ARM.Collect$$libinit$$0000001F  c_w.l(libinit2.o)
    0x0800023a   0x0800023a   0x00000000   Code   RO         1488    .ARM.Collect$$libinit$$00000021  c_w.l(libinit2.o)
    0x0800023a   0x0800023a   0x00000000   Code   RO         1490    .ARM.Collect$$libinit$$00000023  c_w.l(libinit2.o)
    0x0800023a   0x0800023a   0x00000000   Code   RO         1492    .ARM.Collect$$libinit$$00000025  c_w.l(libinit2.o)
    0x0800023a   0x0800023a   0x00000000   Code   RO         1494    .ARM.Collect$$libinit$$00000027  c_w.l(libinit2.o)
    0x0800023a   0x0800023a   0x00000000   Code   RO         1498    .ARM.Collect$$libinit$$0000002E  c_w.l(libinit2.o)
    0x0800023a   0x0800023a   0x00000000   Code   RO         1500    .ARM.Collect$$libinit$$00000030  c_w.l(libinit2.o)
    0x0800023a   0x0800023a   0x00000000   Code   RO         1502    .ARM.Collect$$libinit$$00000032  c_w.l(libinit2.o)
    0x0800023a   0x0800023a   0x00000000   Code   RO         1504    .ARM.Collect$$libinit$$00000034  c_w.l(libinit2.o)
    0x0800023a   0x0800023a   0x00000002   Code   RO         1505    .ARM.Collect$$libinit$$00000035  c_w.l(libinit2.o)
    0x0800023c   0x0800023c   0x00000002   Code   RO         1529    .ARM.Collect$$libshutdown$$00000000  c_w.l(libshutdown.o)
    0x0800023e   0x0800023e   0x00000000   Code   RO         1544    .ARM.Collect$$libshutdown$$00000002  c_w.l(libshutdown2.o)
    0x0800023e   0x0800023e   0x00000000   Code   RO         1546    .ARM.Collect$$libshutdown$$00000004  c_w.l(libshutdown2.o)
    0x0800023e   0x0800023e   0x00000000   Code   RO         1549    .ARM.Collect$$libshutdown$$00000007  c_w.l(libshutdown2.o)
    0x0800023e   0x0800023e   0x00000000   Code   RO         1552    .ARM.Collect$$libshutdown$$0000000A  c_w.l(libshutdown2.o)
    0x0800023e   0x0800023e   0x00000000   Code   RO         1554    .ARM.Collect$$libshutdown$$0000000C  c_w.l(libshutdown2.o)
    0x0800023e   0x0800023e   0x00000000   Code   RO         1557    .ARM.Collect$$libshutdown$$0000000F  c_w.l(libshutdown2.o)
    0x0800023e   0x0800023e   0x00000002   Code   RO         1558    .ARM.Collect$$libshutdown$$00000010  c_w.l(libshutdown2.o)
    0x08000240   0x08000240   0x00000000   Code   RO         1242    .ARM.Collect$$rtentry$$00000000  c_w.l(__rtentry.o)
    0x08000240   0x08000240   0x00000000   Code   RO         1360    .ARM.Collect$$rtentry$$00000002  c_w.l(__rtentry2.o)
    0x08000240   0x08000240   0x00000006   Code   RO         1372    .ARM.Collect$$rtentry$$00000004  c_w.l(__rtentry4.o)
    0x08000246   0x08000246   0x00000000   Code   RO         1362    .ARM.Collect$$rtentry$$00000009  c_w.l(__rtentry2.o)
    0x08000246   0x08000246   0x00000004   Code   RO         1363    .ARM.Collect$$rtentry$$0000000A  c_w.l(__rtentry2.o)
    0x0800024a   0x0800024a   0x00000000   Code   RO         1365    .ARM.Collect$$rtentry$$0000000C  c_w.l(__rtentry2.o)
    0x0800024a   0x0800024a   0x00000008   Code   RO         1366    .ARM.Collect$$rtentry$$0000000D  c_w.l(__rtentry2.o)
    0x08000252   0x08000252   0x00000002   Code   RO         1452    .ARM.Collect$$rtexit$$00000000  c_w.l(rtexit.o)
    0x08000254   0x08000254   0x00000000   Code   RO         1507    .ARM.Collect$$rtexit$$00000002  c_w.l(rtexit2.o)
    0x08000254   0x08000254   0x00000004   Code   RO         1508    .ARM.Collect$$rtexit$$00000003  c_w.l(rtexit2.o)
    0x08000258   0x08000258   0x00000006   Code   RO         1509    .ARM.Collect$$rtexit$$00000004  c_w.l(rtexit2.o)
    0x0800025e   0x0800025e   0x00000002   PAD
    0x08000260   0x08000260   0x00000040   Code   RO            4    .text               startup_stm32f103xb.o
    0x080002a0   0x080002a0   0x0000003c   Code   RO         1196    .text               c_w.l(vsnprintf.o)
    0x080002dc   0x080002dc   0x00000044   Code   RO         1200    .text               c_w.l(rt_memclr.o)
    0x08000320   0x08000320   0x0000004e   Code   RO         1202    .text               c_w.l(rt_memclr_w.o)
    0x0800036e   0x0800036e   0x00000002   PAD
    0x08000370   0x08000370   0x00000080   Code   RO         1204    .text               c_w.l(strcmpv7m.o)
    0x080003f0   0x080003f0   0x00000006   Code   RO         1206    .text               c_w.l(heapauxi.o)
    0x080003f6   0x080003f6   0x0000004e   Code   RO         1245    .text               c_w.l(_printf_pad.o)
    0x08000444   0x08000444   0x00000024   Code   RO         1247    .text               c_w.l(_printf_truncate.o)
    0x08000468   0x08000468   0x00000052   Code   RO         1249    .text               c_w.l(_printf_str.o)
    0x080004ba   0x080004ba   0x00000002   PAD
    0x080004bc   0x080004bc   0x00000078   Code   RO         1251    .text               c_w.l(_printf_dec.o)
    0x08000534   0x08000534   0x00000028   Code   RO         1253    .text               c_w.l(_printf_charcount.o)
    0x0800055c   0x0800055c   0x00000030   Code   RO         1255    .text               c_w.l(_printf_char_common.o)
    0x0800058c   0x0800058c   0x00000010   Code   RO         1257    .text               c_w.l(_snputc.o)
    0x0800059c   0x0800059c   0x000000bc   Code   RO         1259    .text               c_w.l(_printf_wctomb.o)
    0x08000658   0x08000658   0x0000007c   Code   RO         1262    .text               c_w.l(_printf_longlong_dec.o)
    0x080006d4   0x080006d4   0x00000070   Code   RO         1268    .text               c_w.l(_printf_oct_int_ll.o)
    0x08000744   0x08000744   0x00000094   Code   RO         1288    .text               c_w.l(_printf_hex_int_ll_ptr.o)
    0x080007d8   0x080007d8   0x00000188   Code   RO         1308    .text               c_w.l(__printf_flags_ss_wp.o)
    0x08000960   0x08000960   0x0000008a   Code   RO         1374    .text               c_w.l(lludiv10.o)
    0x080009ea   0x080009ea   0x000000b2   Code   RO         1376    .text               c_w.l(_printf_intcommon.o)
    0x08000a9c   0x08000a9c   0x0000041c   Code   RO         1378    .text               c_w.l(_printf_fp_dec.o)
    0x08000eb8   0x08000eb8   0x000002fc   Code   RO         1382    .text               c_w.l(_printf_fp_hex.o)
    0x080011b4   0x080011b4   0x0000002c   Code   RO         1387    .text               c_w.l(_printf_char.o)
    0x080011e0   0x080011e0   0x0000002c   Code   RO         1389    .text               c_w.l(_printf_wchar.o)
    0x0800120c   0x0800120c   0x00000048   Code   RO         1392    .text               c_w.l(_c16rtomb.o)
    0x08001254   0x08001254   0x0000004a   Code   RO         1396    .text               c_w.l(sys_stackheap_outer.o)
    0x0800129e   0x0800129e   0x00000002   PAD
    0x080012a0   0x080012a0   0x00000010   Code   RO         1398    .text               c_w.l(rt_ctype_table.o)
    0x080012b0   0x080012b0   0x00000008   Code   RO         1403    .text               c_w.l(rt_locale_intlibspace.o)
    0x080012b8   0x080012b8   0x00000080   Code   RO         1405    .text               c_w.l(_printf_fp_infnan.o)
    0x08001338   0x08001338   0x000000e4   Code   RO         1407    .text               c_w.l(bigflt0.o)
    0x0800141c   0x0800141c   0x00000012   Code   RO         1437    .text               c_w.l(exit.o)
    0x0800142e   0x0800142e   0x00000002   PAD
    0x08001430   0x08001430   0x00000008   Code   RO         1449    .text               c_w.l(libspace.o)
    0x08001438   0x08001438   0x0000000c   Code   RO         1519    .text               c_w.l(sys_exit.o)
    0x08001444   0x08001444   0x00000002   Code   RO         1534    .text               c_w.l(use_no_semi.o)
    0x08001446   0x08001446   0x00000000   Code   RO         1536    .text               c_w.l(indicate_semi.o)
    0x08001446   0x08001446   0x00000002   PAD
    0x08001448   0x08001448   0x0000000c   Code   RO          122    .text.ADC1_2_IRQHandler  stm32f1xx_it.o
    0x08001454   0x08001454   0x00000054   Code   RO          331    .text.ADC_ConversionStop_Disable  stm32f1xx_hal_adc.o
    0x080014a8   0x080014a8   0x00000052   Code   RO          353    .text.ADC_DMAConvCplt  stm32f1xx_hal_adc.o
    0x080014fa   0x080014fa   0x00000002   PAD
    0x080014fc   0x080014fc   0x00000016   Code   RO          357    .text.ADC_DMAError  stm32f1xx_hal_adc.o
    0x08001512   0x08001512   0x00000002   PAD
    0x08001514   0x08001514   0x00000006   Code   RO          355    .text.ADC_DMAHalfConvCplt  stm32f1xx_hal_adc.o
    0x0800151a   0x0800151a   0x00000002   PAD
    0x0800151c   0x0800151c   0x000000ae   Code   RO          339    .text.ADC_Enable    stm32f1xx_hal_adc.o
    0x080015ca   0x080015ca   0x00000002   PAD
    0x080015cc   0x080015cc   0x00000002   Code   RO          104    .text.BusFault_Handler  stm32f1xx_it.o
    0x080015ce   0x080015ce   0x00000002   PAD
    0x080015d0   0x080015d0   0x0000000c   Code   RO          116    .text.DMA1_Channel1_IRQHandler  stm32f1xx_it.o
    0x080015dc   0x080015dc   0x0000000c   Code   RO          118    .text.DMA1_Channel5_IRQHandler  stm32f1xx_it.o
    0x080015e8   0x080015e8   0x0000000c   Code   RO          120    .text.DMA1_Channel6_IRQHandler  stm32f1xx_it.o
    0x080015f4   0x080015f4   0x00000002   Code   RO          110    .text.DebugMon_Handler  stm32f1xx_it.o
    0x080015f6   0x080015f6   0x00000002   PAD
    0x080015f8   0x080015f8   0x0000000a   Code   RO           15    .text.Error_Handler  main.o
    0x08001602   0x08001602   0x00000002   PAD
    0x08001604   0x08001604   0x00000110   Code   RO          389    .text.HAL_ADCEx_Calibration_Start  stm32f1xx_hal_adc_ex.o
    0x08001714   0x08001714   0x00000002   Code   RO          409    .text.HAL_ADCEx_InjectedConvCpltCallback  stm32f1xx_hal_adc_ex.o
    0x08001716   0x08001716   0x00000002   PAD
    0x08001718   0x08001718   0x00000176   Code   RO          373    .text.HAL_ADC_ConfigChannel  stm32f1xx_hal_adc.o
    0x0800188e   0x0800188e   0x00000002   PAD
    0x08001890   0x08001890   0x00000002   Code   RO          365    .text.HAL_ADC_ConvCpltCallback  stm32f1xx_hal_adc.o
    0x08001892   0x08001892   0x00000002   PAD
    0x08001894   0x08001894   0x00000002   Code   RO          369    .text.HAL_ADC_ConvHalfCpltCallback  stm32f1xx_hal_adc.o
    0x08001896   0x08001896   0x00000002   PAD
    0x08001898   0x08001898   0x00000002   Code   RO          371    .text.HAL_ADC_ErrorCallback  stm32f1xx_hal_adc.o
    0x0800189a   0x0800189a   0x00000002   PAD
    0x0800189c   0x0800189c   0x000000ee   Code   RO          363    .text.HAL_ADC_IRQHandler  stm32f1xx_hal_adc.o
    0x0800198a   0x0800198a   0x00000002   PAD
    0x0800198c   0x0800198c   0x00000160   Code   RO          327    .text.HAL_ADC_Init  stm32f1xx_hal_adc.o
    0x08001aec   0x08001aec   0x00000002   Code   RO          367    .text.HAL_ADC_LevelOutOfWindowCallback  stm32f1xx_hal_adc.o
    0x08001aee   0x08001aee   0x00000002   PAD
    0x08001af0   0x08001af0   0x000000b0   Code   RO           40    .text.HAL_ADC_MspInit  adc.o
    0x08001ba0   0x08001ba0   0x0000011c   Code   RO          351    .text.HAL_ADC_Start_DMA  stm32f1xx_hal_adc.o
    0x08001cbc   0x08001cbc   0x00000046   Code   RO          567    .text.HAL_DMA_Abort  stm32f1xx_hal_dma.o
    0x08001d02   0x08001d02   0x00000002   PAD
    0x08001d04   0x08001d04   0x000000b4   Code   RO          569    .text.HAL_DMA_Abort_IT  stm32f1xx_hal_dma.o
    0x08001db8   0x08001db8   0x000001a0   Code   RO          573    .text.HAL_DMA_IRQHandler  stm32f1xx_hal_dma.o
    0x08001f58   0x08001f58   0x00000086   Code   RO          559    .text.HAL_DMA_Init  stm32f1xx_hal_dma.o
    0x08001fde   0x08001fde   0x00000002   PAD
    0x08001fe0   0x08001fe0   0x000000a0   Code   RO          565    .text.HAL_DMA_Start_IT  stm32f1xx_hal_dma.o
    0x08002080   0x08002080   0x00000028   Code   RO          443    .text.HAL_Delay     stm32f1xx_hal.o
    0x080020a8   0x080020a8   0x0000020e   Code   RO          535    .text.HAL_GPIO_Init  stm32f1xx_hal_gpio.o
    0x080022b6   0x080022b6   0x00000002   PAD
    0x080022b8   0x080022b8   0x00000010   Code   RO          543    .text.HAL_GPIO_TogglePin  stm32f1xx_hal_gpio.o
    0x080022c8   0x080022c8   0x0000000a   Code   RO          541    .text.HAL_GPIO_WritePin  stm32f1xx_hal_gpio.o
    0x080022d2   0x080022d2   0x00000002   PAD
    0x080022d4   0x080022d4   0x0000000c   Code   RO          435    .text.HAL_GetTick   stm32f1xx_hal.o
    0x080022e0   0x080022e0   0x0000001a   Code   RO          433    .text.HAL_IncTick   stm32f1xx_hal.o
    0x080022fa   0x080022fa   0x00000002   PAD
    0x080022fc   0x080022fc   0x00000026   Code   RO          423    .text.HAL_Init      stm32f1xx_hal.o
    0x08002322   0x08002322   0x00000002   PAD
    0x08002324   0x08002324   0x000000b0   Code   RO          148    .text.HAL_InitTick  stm32f1xx_hal_timebase_tim.o
    0x080023d4   0x080023d4   0x00000042   Code   RO          139    .text.HAL_MspInit   stm32f1xx_hal_msp.o
    0x08002416   0x08002416   0x00000002   PAD
    0x08002418   0x08002418   0x00000022   Code   RO          595    .text.HAL_NVIC_EnableIRQ  stm32f1xx_hal_cortex.o
    0x0800243a   0x0800243a   0x00000002   PAD
    0x0800243c   0x0800243c   0x00000056   Code   RO          593    .text.HAL_NVIC_SetPriority  stm32f1xx_hal_cortex.o
    0x08002492   0x08002492   0x00000002   PAD
    0x08002494   0x08002494   0x00000020   Code   RO          591    .text.HAL_NVIC_SetPriorityGrouping  stm32f1xx_hal_cortex.o
    0x080024b4   0x080024b4   0x000000f8   Code   RO          525    .text.HAL_RCCEx_GetPeriphCLKFreq  stm32f1xx_hal_rcc_ex.o
    0x080025ac   0x080025ac   0x00000102   Code   RO          521    .text.HAL_RCCEx_PeriphCLKConfig  stm32f1xx_hal_rcc_ex.o
    0x080026ae   0x080026ae   0x00000002   PAD
    0x080026b0   0x080026b0   0x000001c2   Code   RO          487    .text.HAL_RCC_ClockConfig  stm32f1xx_hal_rcc.o
    0x08002872   0x08002872   0x00000002   PAD
    0x08002874   0x08002874   0x00000042   Code   RO          505    .text.HAL_RCC_GetClockConfig  stm32f1xx_hal_rcc.o
    0x080028b6   0x080028b6   0x00000002   PAD
    0x080028b8   0x080028b8   0x00000026   Code   RO          499    .text.HAL_RCC_GetPCLK1Freq  stm32f1xx_hal_rcc.o
    0x080028de   0x080028de   0x00000002   PAD
    0x080028e0   0x080028e0   0x00000026   Code   RO          501    .text.HAL_RCC_GetPCLK2Freq  stm32f1xx_hal_rcc.o
    0x08002906   0x08002906   0x00000002   PAD
    0x08002908   0x08002908   0x00000400   Code   RO          485    .text.HAL_RCC_OscConfig  stm32f1xx_hal_rcc.o
    0x08002d08   0x08002d08   0x00000002   Code   RO         1061    .text.HAL_TIMEx_BreakCallback  stm32f1xx_hal_tim_ex.o
    0x08002d0a   0x08002d0a   0x00000002   PAD
    0x08002d0c   0x08002d0c   0x00000002   Code   RO         1057    .text.HAL_TIMEx_CommutCallback  stm32f1xx_hal_tim_ex.o
    0x08002d0e   0x08002d0e   0x00000002   PAD
    0x08002d10   0x08002d10   0x0000007e   Code   RO         1051    .text.HAL_TIMEx_MasterConfigSynchronization  stm32f1xx_hal_tim_ex.o
    0x08002d8e   0x08002d8e   0x00000002   PAD
    0x08002d90   0x08002d90   0x000000ec   Code   RO          756    .text.HAL_TIM_Base_Init  stm32f1xx_hal_tim.o
    0x08002e7c   0x08002e7c   0x00000044   Code   RO           65    .text.HAL_TIM_Base_MspInit  tim.o
    0x08002ec0   0x08002ec0   0x0000006e   Code   RO          770    .text.HAL_TIM_Base_Start_IT  stm32f1xx_hal_tim.o
    0x08002f2e   0x08002f2e   0x00000002   PAD
    0x08002f30   0x08002f30   0x000001a0   Code   RO          936    .text.HAL_TIM_ConfigClockSource  stm32f1xx_hal_tim.o
    0x080030d0   0x080030d0   0x00000002   Code   RO          892    .text.HAL_TIM_IC_CaptureCallback  stm32f1xx_hal_tim.o
    0x080030d2   0x080030d2   0x00000002   PAD
    0x080030d4   0x080030d4   0x00000170   Code   RO          890    .text.HAL_TIM_IRQHandler  stm32f1xx_hal_tim.o
    0x08003244   0x08003244   0x00000002   Code   RO          894    .text.HAL_TIM_OC_DelayElapsedCallback  stm32f1xx_hal_tim.o
    0x08003246   0x08003246   0x00000002   PAD
    0x08003248   0x08003248   0x00000002   Code   RO          896    .text.HAL_TIM_PWM_PulseFinishedCallback  stm32f1xx_hal_tim.o
    0x0800324a   0x0800324a   0x00000002   PAD
    0x0800324c   0x0800324c   0x0000002a   Code   RO           17    .text.HAL_TIM_PeriodElapsedCallback  main.o
    0x08003276   0x08003276   0x00000002   PAD
    0x08003278   0x08003278   0x00000002   Code   RO          900    .text.HAL_TIM_TriggerCallback  stm32f1xx_hal_tim.o
    0x0800327a   0x0800327a   0x00000002   PAD
    0x0800327c   0x0800327c   0x00000002   Code   RO         1159    .text.HAL_UARTEx_RxEventCallback  stm32f1xx_hal_uart.o
    0x0800327e   0x0800327e   0x00000002   PAD
    0x08003280   0x08003280   0x0000021c   Code   RO         1115    .text.HAL_UART_DMAStop  stm32f1xx_hal_uart.o
    0x0800349c   0x0800349c   0x00000002   Code   RO          192    .text.HAL_UART_ErrorCallback  revdatainfo.o
    0x0800349e   0x0800349e   0x00000002   PAD
    0x080034a0   0x080034a0   0x00000570   Code   RO         1151    .text.HAL_UART_IRQHandler  stm32f1xx_hal_uart.o
    0x08003a10   0x08003a10   0x000000e2   Code   RO         1075    .text.HAL_UART_Init  stm32f1xx_hal_uart.o
    0x08003af2   0x08003af2   0x00000002   PAD
    0x08003af4   0x08003af4   0x00000178   Code   RO           82    .text.HAL_UART_MspInit  usart.o
    0x08003c6c   0x08003c6c   0x00000160   Code   RO         1107    .text.HAL_UART_Receive_DMA  stm32f1xx_hal_uart.o
    0x08003dcc   0x08003dcc   0x00000054   Code   RO         1095    .text.HAL_UART_Receive_IT  stm32f1xx_hal_uart.o
    0x08003e20   0x08003e20   0x00000002   Code   RO         1165    .text.HAL_UART_RxCpltCallback  stm32f1xx_hal_uart.o
    0x08003e22   0x08003e22   0x00000002   PAD
    0x08003e24   0x08003e24   0x00000002   Code   RO         1167    .text.HAL_UART_RxHalfCpltCallback  stm32f1xx_hal_uart.o
    0x08003e26   0x08003e26   0x00000002   PAD
    0x08003e28   0x08003e28   0x00000278   Code   RO         1089    .text.HAL_UART_Transmit  stm32f1xx_hal_uart.o
    0x080040a0   0x080040a0   0x00000002   Code   RO         1161    .text.HAL_UART_TxCpltCallback  stm32f1xx_hal_uart.o
    0x080040a2   0x080040a2   0x00000002   PAD
    0x080040a4   0x080040a4   0x00000002   Code   RO          100    .text.HardFault_Handler  stm32f1xx_it.o
    0x080040a6   0x080040a6   0x00000002   PAD
    0x080040a8   0x080040a8   0x000000b4   Code   RO          236    .text.LoopWaterFlowComponet  waterflow.o
    0x0800415c   0x0800415c   0x0000007a   Code   RO           38    .text.MX_ADC1_Init  adc.o
    0x080041d6   0x080041d6   0x00000002   PAD
    0x080041d8   0x080041d8   0x00000054   Code   RO           54    .text.MX_DMA_Init   dma.o
    0x0800422c   0x0800422c   0x0000008a   Code   RO           28    .text.MX_GPIO_Init  gpio.o
    0x080042b6   0x080042b6   0x00000002   PAD
    0x080042b8   0x080042b8   0x00000076   Code   RO           63    .text.MX_TIM3_Init  tim.o
    0x0800432e   0x0800432e   0x00000002   PAD
    0x08004330   0x08004330   0x0000003c   Code   RO           78    .text.MX_USART1_UART_Init  usart.o
    0x0800436c   0x0800436c   0x0000003c   Code   RO           80    .text.MX_USART2_UART_Init  usart.o
    0x080043a8   0x080043a8   0x00000002   Code   RO          102    .text.MemManage_Handler  stm32f1xx_it.o
    0x080043aa   0x080043aa   0x00000002   PAD
    0x080043ac   0x080043ac   0x00000002   Code   RO           98    .text.NMI_Handler   stm32f1xx_it.o
    0x080043ae   0x080043ae   0x00000002   PAD
    0x080043b0   0x080043b0   0x00000002   Code   RO          112    .text.PendSV_Handler  stm32f1xx_it.o
    0x080043b2   0x080043b2   0x00000002   PAD
    0x080043b4   0x080043b4   0x0000001c   Code   RO          224    .text.Rs485RevData  waterflow.o
    0x080043d0   0x080043d0   0x00000002   Code   RO          108    .text.SVC_Handler   stm32f1xx_it.o
    0x080043d2   0x080043d2   0x00000002   PAD
    0x080043d4   0x080043d4   0x00000002   Code   RO          114    .text.SysTick_Handler  stm32f1xx_it.o
    0x080043d6   0x080043d6   0x00000002   PAD
    0x080043d8   0x080043d8   0x00000002   Code   RO          163    .text.SystemInit    system_stm32f1xx.o
    0x080043da   0x080043da   0x00000002   PAD
    0x080043dc   0x080043dc   0x0000000c   Code   RO          124    .text.TIM1_UP_IRQHandler  stm32f1xx_it.o
    0x080043e8   0x080043e8   0x0000000c   Code   RO          126    .text.TIM3_IRQHandler  stm32f1xx_it.o
    0x080043f4   0x080043f4   0x0000000c   Code   RO         1155    .text.UART_DMAAbortOnError  stm32f1xx_hal_uart.o
    0x08004400   0x08004400   0x0000017c   Code   RO         1105    .text.UART_DMAError  stm32f1xx_hal_uart.o
    0x0800457c   0x0800457c   0x0000015e   Code   RO         1183    .text.UART_DMAReceiveCplt  stm32f1xx_hal_uart.o
    0x080046da   0x080046da   0x00000002   PAD
    0x080046dc   0x080046dc   0x00000018   Code   RO         1185    .text.UART_DMARxHalfCplt  stm32f1xx_hal_uart.o
    0x080046f4   0x080046f4   0x000000fe   Code   RO         1153    .text.UART_Receive_IT  stm32f1xx_hal_uart.o
    0x080047f2   0x080047f2   0x00000002   PAD
    0x080047f4   0x080047f4   0x0000001a   Code   RO          128    .text.USART1_IRQHandler  stm32f1xx_it.o
    0x0800480e   0x0800480e   0x00000002   PAD
    0x08004810   0x08004810   0x0000001a   Code   RO          130    .text.USART2_IRQHandler  stm32f1xx_it.o
    0x0800482a   0x0800482a   0x00000002   PAD
    0x0800482c   0x0800482c   0x00000002   Code   RO          106    .text.UsageFault_Handler  stm32f1xx_it.o
    0x0800482e   0x0800482e   0x00000002   PAD
    0x08004830   0x08004830   0x000000d8   Code   RO          190    .text.UsartReceive_IDLE  revdatainfo.o
    0x08004908   0x08004908   0x0000012a   Code   RO          232    .text.checkWaterFlow  waterflow.o
    0x08004a32   0x08004a32   0x00000002   PAD
    0x08004a34   0x08004a34   0x00000160   Code   RO          222    .text.componeSendData  waterflow.o
    0x08004b94   0x08004b94   0x0000008e   Code   RO          180    .text.createFifoRev  revdatainfo.o
    0x08004c22   0x08004c22   0x00000002   PAD
    0x08004c24   0x08004c24   0x00000004   Code   RO          234    .text.hal_tim_timer3_callback  waterflow.o
    0x08004c28   0x08004c28   0x00000016   Code   RO          205    .text.initShellusart  shellusart.o
    0x08004c3e   0x08004c3e   0x00000002   PAD
    0x08004c40   0x08004c40   0x0000006c   Code   RO          226    .text.initWaterFlowComponet  waterflow.o
    0x08004cac   0x08004cac   0x000000a6   Code   RO           11    .text.main          main.o
    0x08004d52   0x08004d52   0x00000002   PAD
    0x08004d54   0x08004d54   0x0000000e   Code   RO          238    .text.setDebugLog   waterflow.o
    0x08004d62   0x08004d62   0x00000002   PAD
    0x08004d64   0x08004d64   0x000000a8   Code   RO          271    .text.shellAnsi     shell.o
    0x08004e0c   0x08004e0c   0x0000011a   Code   RO          257    .text.shellBackspace  shell.o
    0x08004f26   0x08004f26   0x00000002   PAD
    0x08004f28   0x08004f28   0x00000092   Code   RO          281    .text.shellClear    shell.o
    0x08004fba   0x08004fba   0x00000002   PAD
    0x08004fbc   0x08004fbc   0x000000c0   Code   RO          279    .text.shellDisplayItem  shell.o
    0x0800507c   0x0800507c   0x00000538   Code   RO          253    .text.shellEnter    shell.o
    0x080055b4   0x080055b4   0x00000278   Code   RO          301    .text.shellExtParsePara  shell_ext.o
    0x0800582c   0x0800582c   0x000001b8   Code   RO          303    .text.shellExtRun   shell_ext.o
    0x080059e4   0x080059e4   0x00000358   Code   RO          275    .text.shellHandler  shell.o
    0x08005d3c   0x08005d3c   0x000002c0   Code   RO          277    .text.shellHelp     shell.o
    0x08005ffc   0x08005ffc   0x0000015c   Code   RO          273    .text.shellHistory  shell.o
    0x08006158   0x08006158   0x000000d0   Code   RO          261    .text.shellInit     shell.o
    0x08006228   0x08006228   0x0000004a   Code   RO          269    .text.shellPrint    shell.o
    0x08006272   0x08006272   0x00000002   PAD
    0x08006274   0x08006274   0x00000028   Code   RO          203    .text.shellRevData  shellusart.o
    0x0800629c   0x0800629c   0x00000332   Code   RO          255    .text.shellTab      shell.o
    0x080065ce   0x080065ce   0x00000002   PAD
    0x080065d0   0x080065d0   0x00000020   Code   RO          207    .text.shellWriteDebug  shellusart.o
    0x080065f0   0x080065f0   0x0000003e   Code   RO         1410    CL$$btod_d2e        c_w.l(btod.o)
    0x0800662e   0x0800662e   0x00000046   Code   RO         1412    CL$$btod_d2e_denorm_low  c_w.l(btod.o)
    0x08006674   0x08006674   0x00000060   Code   RO         1411    CL$$btod_d2e_norm_op1  c_w.l(btod.o)
    0x080066d4   0x080066d4   0x00000338   Code   RO         1420    CL$$btod_div_common  c_w.l(btod.o)
    0x08006a0c   0x08006a0c   0x000000dc   Code   RO         1417    CL$$btod_e2e        c_w.l(btod.o)
    0x08006ae8   0x08006ae8   0x0000002a   Code   RO         1414    CL$$btod_ediv       c_w.l(btod.o)
    0x08006b12   0x08006b12   0x0000002a   Code   RO         1413    CL$$btod_emul       c_w.l(btod.o)
    0x08006b3c   0x08006b3c   0x00000244   Code   RO         1419    CL$$btod_mult_common  c_w.l(btod.o)
    0x08006d80   0x08006d80   0x00000028   Code   RO         1447    i.__ARM_fpclassify  m_ws.l(fpclassify.o)
    0x08006da8   0x08006da8   0x0000000e   Code   RO         1301    i._is_digit         c_w.l(__printf_wp.o)
    0x08006db6   0x08006db6   0x00000002   PAD
    0x08006db8   0x08006db8   0x0000002c   Code   RO         1435    locale$$code        c_w.l(lc_numeric_c.o)
    0x08006de4   0x08006de4   0x0000002c   Code   RO         1457    locale$$code        c_w.l(lc_ctype_c.o)
    0x08006e10   0x08006e10   0x00000062   Code   RO         1210    x$fpl$d2f           fz_ws.l(d2f.o)
    0x08006e72   0x08006e72   0x00000002   PAD
    0x08006e74   0x08006e74   0x000002b4   Code   RO         1213    x$fpl$ddiv          fz_ws.l(ddiv.o)
    0x08007128   0x08007128   0x0000002e   Code   RO         1217    x$fpl$dflt          fz_ws.l(dflt_clz.o)
    0x08007156   0x08007156   0x0000009c   Code   RO         1336    x$fpl$dnaninf       fz_ws.l(dnaninf.o)
    0x080071f2   0x080071f2   0x0000000c   Code   RO         1338    x$fpl$dretinf       fz_ws.l(dretinf.o)
    0x080071fe   0x080071fe   0x00000002   PAD
    0x08007200   0x08007200   0x00000056   Code   RO         1222    x$fpl$f2d           fz_ws.l(f2d.o)
    0x08007256   0x08007256   0x00000054   Code   RO         1224    x$fpl$fcmp          fz_ws.l(fcmp.o)
    0x080072aa   0x080072aa   0x00000018   Code   RO         1394    x$fpl$fcmpinf       fz_ws.l(fcmpi.o)
    0x080072c2   0x080072c2   0x00000002   PAD
    0x080072c4   0x080072c4   0x00000184   Code   RO         1227    x$fpl$fdiv          fz_ws.l(fdiv.o)
    0x08007448   0x08007448   0x00000068   Code   RO         1340    x$fpl$feqf          fz_ws.l(feqf.o)
    0x080074b0   0x080074b0   0x0000003e   Code   RO         1230    x$fpl$ffixu         fz_ws.l(ffixu.o)
    0x080074ee   0x080074ee   0x00000002   PAD
    0x080074f0   0x080074f0   0x00000030   Code   RO         1235    x$fpl$fflt          fz_ws.l(fflt_clz.o)
    0x08007520   0x08007520   0x00000026   Code   RO         1234    x$fpl$ffltu         fz_ws.l(fflt_clz.o)
    0x08007546   0x08007546   0x00000002   PAD
    0x08007548   0x08007548   0x00000068   Code   RO         1342    x$fpl$fgeqf         fz_ws.l(fgeqf.o)
    0x080075b0   0x080075b0   0x00000068   Code   RO         1344    x$fpl$fleqf         fz_ws.l(fleqf.o)
    0x08007618   0x08007618   0x00000102   Code   RO         1240    x$fpl$fmul          fz_ws.l(fmul.o)
    0x0800771a   0x0800771a   0x0000008c   Code   RO         1346    x$fpl$fnaninf       fz_ws.l(fnaninf.o)
    0x080077a6   0x080077a6   0x0000000a   Code   RO         1348    x$fpl$fretinf       fz_ws.l(fretinf.o)
    0x080077b0   0x080077b0   0x00000004   Code   RO         1350    x$fpl$printf1       fz_ws.l(printf1.o)
    0x080077b4   0x080077b4   0x00000004   Code   RO         1352    x$fpl$printf2       fz_ws.l(printf2.o)
    0x080077b8   0x080077b8   0x00000000   Code   RO         1358    x$fpl$usenofp       fz_ws.l(usenofp.o)
    0x080077b8   0x080077b8   0x00000008   Data   RO         1260    .constdata          c_w.l(_printf_wctomb.o)
    0x080077c0   0x080077c0   0x00000028   Data   RO         1289    .constdata          c_w.l(_printf_hex_int_ll_ptr.o)
    0x080077e8   0x080077e8   0x00000011   Data   RO         1309    .constdata          c_w.l(__printf_flags_ss_wp.o)
    0x080077f9   0x080077f9   0x00000026   Data   RO         1383    .constdata          c_w.l(_printf_fp_hex.o)
    0x0800781f   0x0800781f   0x00000001   PAD
    0x08007820   0x08007820   0x00000094   Data   RO         1408    .constdata          c_w.l(bigflt0.o)
    0x080078b4   0x080078b4   0x00000010   Data   RO          168    .rodata.AHBPrescTable  system_stm32f1xx.o
    0x080078c4   0x080078c4   0x00000008   Data   RO          169    .rodata.APBPrescTable  system_stm32f1xx.o
    0x080078cc   0x080078cc   0x00000002   Data   RO          512    .rodata.HAL_RCC_GetSysClockFreq.aPredivFactorTable  stm32f1xx_hal_rcc.o
    0x080078ce   0x080078ce   0x00000010   Data   RO          511    .rodata.cst16       stm32f1xx_hal_rcc.o
    0x080078de   0x080078de   0x00000004   Data   RO          289    .rodata.shellCmdcls  shell.o
    0x080078e2   0x080078e2   0x00000009   Data   RO          241    .rodata.shellCmddebuglog  waterflow.o
    0x080078eb   0x080078eb   0x00000005   Data   RO          285    .rodata.shellCmdhelp  shell.o
    0x080078f0   0x080078f0   0x00000013   Data   RO          290    .rodata.shellDesccls  shell.o
    0x08007903   0x08007903   0x00000024   Data   RO          242    .rodata.shellDescdebuglog  waterflow.o
    0x08007927   0x08007927   0x0000000d   Data   RO          286    .rodata.shellDeschelp  shell.o
    0x08007934   0x08007934   0x0000002b   Data   RO          287    .rodata.shellHelphelp  shell.o
    0x0800795f   0x0800795f   0x00000136   Data   RO          291    .rodata.str1.1      shell.o
    0x08007a95   0x08007a95   0x00000003   PAD
    0x08007a98   0x08007a98   0x00000020   Data   RO         1592    Region$$Table       anon$$obj.o
    0x08007ab8   0x08007ab8   0x0000001c   Data   RO         1434    locale$$data        c_w.l(lc_numeric_c.o)
    0x08007ad4   0x08007ad4   0x00000110   Data   RO         1456    locale$$data        c_w.l(lc_ctype_c.o)
    0x08007be4   0x08007be4   0x00000010   Data   RO          243    shellCommand        waterflow.o
    0x08007bf4   0x08007bf4   0x00000020   Data   RO          288    shellCommand        shell.o


    Execution Region RW_IRAM1 (Exec base: 0x20000000, Load base: 0x08007c18, Size: 0x000016d0, Max: 0x00005000, ABSOLUTE)

    Exec Addr    Load Addr    Size         Type   Attr      Idx    E Section Name        Object

    0x20000000   0x08007c18   0x00000008   Data   RW          474    .data..L_MergedGlobals  stm32f1xx_hal.o
    0x20000008   0x08007c20   0x00000004   Data   RW          167    .data.SystemCoreClock  system_stm32f1xx.o
    0x2000000c   0x08007c24   0x00000004   Data   RW          240    .data.simple_cur_max  waterflow.o
    0x20000010        -       0x00000060   Zero   RW         1450    .bss                c_w.l(libspace.o)
    0x20000070        -       0x00000034   Zero   RW          244    .bss..L_MergedGlobals  waterflow.o
    0x200000a4        -       0x00000030   Zero   RW           44    .bss.hadc1          adc.o
    0x200000d4        -       0x00000044   Zero   RW           45    .bss.hdma_adc1      adc.o
    0x20000118        -       0x00000044   Zero   RW           88    .bss.hdma_usart1_rx  usart.o
    0x2000015c        -       0x00000044   Zero   RW           89    .bss.hdma_usart2_rx  usart.o
    0x200001a0        -       0x00000048   Zero   RW          154    .bss.htim1          stm32f1xx_hal_timebase_tim.o
    0x200001e8        -       0x00000048   Zero   RW           69    .bss.htim3          tim.o
    0x20000230        -       0x00000048   Zero   RW           86    .bss.huart1         usart.o
    0x20000278        -       0x00000048   Zero   RW           87    .bss.huart2         usart.o
    0x200002c0        -       0x0000067c   Zero   RW          194    .bss.sg_uartRevFifoBuff  revdatainfo.o
    0x2000093c        -       0x00000178   Zero   RW          209    .bss.shell          shellusart.o
    0x20000ab4        -       0x00000014   Zero   RW          284    .bss.shellList      shell.o
    0x20000ac8        -       0x00000004   Zero   RW          473    .bss.uwTick         stm32f1xx_hal.o
    0x20000acc   0x08007c28   0x00000004   PAD
    0x20000ad0        -       0x00000400   Zero   RW            2    HEAP                startup_stm32f103xb.o
    0x20000ed0        -       0x00000800   Zero   RW            1    STACK               startup_stm32f103xb.o


==============================================================================

Image component sizes


      Code (inc. data)   RO Data    RW Data    ZI Data      Debug   Object Name

       298          0          0          0        116       5517   adc.o
        84          0          0          0          0       2185   dma.o
       138          0          0          0          0       1722   gpio.o
       218          0          0          0          0       6329   main.o
       360          0          0          0       1660       6522   revdatainfo.o
      5132         46        426          0         20      23462   shell.o
      1072         90          0          0          0       4528   shell_ext.o
        94          0          0          0        376       4775   shellusart.o
        64         26        236          0       3072        788   startup_stm32f103xb.o
       116          0          0          8          4       5758   stm32f1xx_hal.o
      1624          0          0          0          0      13592   stm32f1xx_hal_adc.o
       274          0          0          0          0      10067   stm32f1xx_hal_adc_ex.o
       152          0          0          0          0       8449   stm32f1xx_hal_cortex.o
       960          0          0          0          0       8488   stm32f1xx_hal_dma.o
       552         20          0          0          0       4631   stm32f1xx_hal_gpio.o
        66          0          0          0          0       1207   stm32f1xx_hal_msp.o
      1616          0         18          0          0       7939   stm32f1xx_hal_rcc.o
       506         20          0          0          0       3648   stm32f1xx_hal_rcc_ex.o
      1138          0          0          0          0      55759   stm32f1xx_hal_tim.o
       130          0          0          0          0      20553   stm32f1xx_hal_tim_ex.o
       176          0          0          0         72       5757   stm32f1xx_hal_timebase_tim.o
      4254          0          0          0          0      32600   stm32f1xx_hal_uart.o
       142          0          0          0          0       7014   stm32f1xx_it.o
         2          0         24          4          0       1596   system_stm32f1xx.o
       186          0          0          0         72       5932   tim.o
       496          0          0          0        280       5856   usart.o
       984         44         61          4         52       9935   waterflow.o

    ----------------------------------------------------------------------
     20968        246        800         16       5728     264609   Object Totals
         0          0         32          0          0          0   (incl. Generated)
       134          0          3          0          4          0   (incl. Padding)

    ----------------------------------------------------------------------

      Code (inc. data)   RO Data    RW Data    ZI Data      Debug   Library Member Name

         8          0          0          0          0         68   __main.o
       392          4         17          0          0         92   __printf_flags_ss_wp.o
        14          0          0          0          0         68   __printf_wp.o
         0          0          0          0          0          0   __rtentry.o
        12          0          0          0          0          0   __rtentry2.o
         6          0          0          0          0          0   __rtentry4.o
        94          8          0          0          0          0   __scatter.o
        26          0          0          0          0          0   __scatter_copy.o
        28          0          0          0          0          0   __scatter_zi.o
        72          0          0          0          0         96   _c16rtomb.o
         6          0          0          0          0          0   _printf_a.o
         6          0          0          0          0          0   _printf_c.o
        44          0          0          0          0        108   _printf_char.o
        48          6          0          0          0         96   _printf_char_common.o
        40          0          0          0          0         68   _printf_charcount.o
         6          0          0          0          0          0   _printf_d.o
       120         16          0          0          0         92   _printf_dec.o
         6          0          0          0          0          0   _printf_e.o
         6          0          0          0          0          0   _printf_f.o
      1052          0          0          0          0        148   _printf_fp_dec.o
       764          8         38          0          0        100   _printf_fp_hex.o
       128         16          0          0          0         84   _printf_fp_infnan.o
         6          0          0          0          0          0   _printf_g.o
       148          4         40          0          0        160   _printf_hex_int_ll_ptr.o
         6          0          0          0          0          0   _printf_i.o
       178          0          0          0          0         88   _printf_intcommon.o
        10          0          0          0          0          0   _printf_l.o
         6          0          0          0          0          0   _printf_lc.o
        10          0          0          0          0          0   _printf_ll.o
         6          0          0          0          0          0   _printf_lld.o
         6          0          0          0          0          0   _printf_lli.o
         6          0          0          0          0          0   _printf_llo.o
         6          0          0          0          0          0   _printf_llu.o
         6          0          0          0          0          0   _printf_llx.o
       124         16          0          0          0         92   _printf_longlong_dec.o
         6          0          0          0          0          0   _printf_ls.o
         6          0          0          0          0          0   _printf_n.o
         6          0          0          0          0          0   _printf_o.o
       112          8          0          0          0        124   _printf_oct_int_ll.o
         6          0          0          0          0          0   _printf_p.o
        78          0          0          0          0        108   _printf_pad.o
         0          0          0          0          0          0   _printf_percent.o
         4          0          0          0          0          0   _printf_percent_end.o
         6          0          0          0          0          0   _printf_s.o
        82          0          0          0          0         80   _printf_str.o
        36          0          0          0          0         84   _printf_truncate.o
         6          0          0          0          0          0   _printf_u.o
        44          0          0          0          0        108   _printf_wchar.o
       188          6          8          0          0         92   _printf_wctomb.o
         6          0          0          0          0          0   _printf_x.o
        16          0          0          0          0         68   _snputc.o
       228          4        148          0          0         96   bigflt0.o
      1936        128          0          0          0        668   btod.o
        18          0          0          0          0         80   exit.o
         6          0          0          0          0        152   heapauxi.o
         0          0          0          0          0          0   indicate_semi.o
        44         10        272          0          0         76   lc_ctype_c.o
        44         10         28          0          0         76   lc_numeric_c.o
         2          0          0          0          0          0   libinit.o
        30          0          0          0          0          0   libinit2.o
         2          0          0          0          0          0   libshutdown.o
         2          0          0          0          0          0   libshutdown2.o
         8          4          0          0         96         68   libspace.o
       138          0          0          0          0         80   lludiv10.o
        16          4          0          0          0         76   rt_ctype_table.o
         8          4          0          0          0         68   rt_locale_intlibspace.o
        68          0          0          0          0         68   rt_memclr.o
        78          0          0          0          0         80   rt_memclr_w.o
         2          0          0          0          0          0   rtexit.o
        10          0          0          0          0          0   rtexit2.o
       128          0          0          0          0         68   strcmpv7m.o
        12          4          0          0          0         68   sys_exit.o
        74          0          0          0          0         80   sys_stackheap_outer.o
         2          0          0          0          0         68   use_no_semi.o
        60          4          0          0          0         80   vsnprintf.o
        98          4          0          0          0         92   d2f.o
       692        140          0          0          0        216   ddiv.o
        46          0          0          0          0         68   dflt_clz.o
       156          4          0          0          0         92   dnaninf.o
        12          0          0          0          0         68   dretinf.o
        86          4          0          0          0         84   f2d.o
        84          0          0          0          0        196   fcmp.o
        24          0          0          0          0         68   fcmpi.o
       388         76          0          0          0         96   fdiv.o
       104          4          0          0          0         84   feqf.o
        62          4          0          0          0         84   ffixu.o
        86          0          0          0          0        136   fflt_clz.o
       104          4          0          0          0         84   fgeqf.o
       104          4          0          0          0         84   fleqf.o
       258          4          0          0          0         84   fmul.o
       140          4          0          0          0         84   fnaninf.o
        10          0          0          0          0         68   fretinf.o
         4          0          0          0          0         68   printf1.o
         4          0          0          0          0         68   printf2.o
         0          0          0          0          0          0   usenofp.o
        40          0          0          0          0         68   fpclassify.o

    ----------------------------------------------------------------------
      9444        516        552          0         96       5868   Library Totals
        28          0          1          0          0          0   (incl. Padding)

    ----------------------------------------------------------------------

      Code (inc. data)   RO Data    RW Data    ZI Data      Debug   Library Name

      6914        264        551          0         96       3976   c_w.l
      2462        252          0          0          0       1824   fz_ws.l
        40          0          0          0          0         68   m_ws.l

    ----------------------------------------------------------------------
      9444        516        552          0         96       5868   Library Totals

    ----------------------------------------------------------------------

==============================================================================


      Code (inc. data)   RO Data    RW Data    ZI Data      Debug   

     30412        762       1352         16       5824     266869   Grand Totals
     30412        762       1352         16       5824     266869   ELF Image Totals
     30412        762       1352         16          0          0   ROM Totals

==============================================================================

    Total RO  Size (Code + RO Data)                31764 (  31.02kB)
    Total RW  Size (RW Data + ZI Data)              5840 (   5.70kB)
    Total ROM Size (Code + RO Data + RW Data)      31780 (  31.04kB)

==============================================================================

